Archive member included to satisfy reference by file (symbol)

c:/program files/stm32cubeide_1.11.0/stm32cubeide/plugins/com.st.stm32cube.ide.mcu.externaltools.gnu-tools-for-stm32.10.3-2021.10.win32_1.0.100.202210260954/tools/bin/../lib/gcc/arm-none-eabi/10.3.1/../../../../arm-none-eabi/lib/thumb/v7e-m+fp/hard\libc_nano.a(lib_a-errno.o)
                              ./Core/Src/syscalls.o (__errno)
c:/program files/stm32cubeide_1.11.0/stm32cubeide/plugins/com.st.stm32cube.ide.mcu.externaltools.gnu-tools-for-stm32.10.3-2021.10.win32_1.0.100.202210260954/tools/bin/../lib/gcc/arm-none-eabi/10.3.1/../../../../arm-none-eabi/lib/thumb/v7e-m+fp/hard\libc_nano.a(lib_a-exit.o)
                              c:/program files/stm32cubeide_1.11.0/stm32cubeide/plugins/com.st.stm32cube.ide.mcu.externaltools.gnu-tools-for-stm32.10.3-2021.10.win32_1.0.100.202210260954/tools/bin/../lib/gcc/arm-none-eabi/10.3.1/../../../../arm-none-eabi/lib/thumb/v7e-m+fp/hard/crt0.o (exit)
c:/program files/stm32cubeide_1.11.0/stm32cubeide/plugins/com.st.stm32cube.ide.mcu.externaltools.gnu-tools-for-stm32.10.3-2021.10.win32_1.0.100.202210260954/tools/bin/../lib/gcc/arm-none-eabi/10.3.1/../../../../arm-none-eabi/lib/thumb/v7e-m+fp/hard\libc_nano.a(lib_a-impure.o)
                              c:/program files/stm32cubeide_1.11.0/stm32cubeide/plugins/com.st.stm32cube.ide.mcu.externaltools.gnu-tools-for-stm32.10.3-2021.10.win32_1.0.100.202210260954/tools/bin/../lib/gcc/arm-none-eabi/10.3.1/../../../../arm-none-eabi/lib/thumb/v7e-m+fp/hard\libc_nano.a(lib_a-exit.o) (_global_impure_ptr)
c:/program files/stm32cubeide_1.11.0/stm32cubeide/plugins/com.st.stm32cube.ide.mcu.externaltools.gnu-tools-for-stm32.10.3-2021.10.win32_1.0.100.202210260954/tools/bin/../lib/gcc/arm-none-eabi/10.3.1/../../../../arm-none-eabi/lib/thumb/v7e-m+fp/hard\libc_nano.a(lib_a-init.o)
                              c:/program files/stm32cubeide_1.11.0/stm32cubeide/plugins/com.st.stm32cube.ide.mcu.externaltools.gnu-tools-for-stm32.10.3-2021.10.win32_1.0.100.202210260954/tools/bin/../lib/gcc/arm-none-eabi/10.3.1/../../../../arm-none-eabi/lib/thumb/v7e-m+fp/hard/crt0.o (__libc_init_array)
c:/program files/stm32cubeide_1.11.0/stm32cubeide/plugins/com.st.stm32cube.ide.mcu.externaltools.gnu-tools-for-stm32.10.3-2021.10.win32_1.0.100.202210260954/tools/bin/../lib/gcc/arm-none-eabi/10.3.1/../../../../arm-none-eabi/lib/thumb/v7e-m+fp/hard\libc_nano.a(lib_a-memset.o)
                              c:/program files/stm32cubeide_1.11.0/stm32cubeide/plugins/com.st.stm32cube.ide.mcu.externaltools.gnu-tools-for-stm32.10.3-2021.10.win32_1.0.100.202210260954/tools/bin/../lib/gcc/arm-none-eabi/10.3.1/../../../../arm-none-eabi/lib/thumb/v7e-m+fp/hard/crt0.o (memset)
c:/program files/stm32cubeide_1.11.0/stm32cubeide/plugins/com.st.stm32cube.ide.mcu.externaltools.gnu-tools-for-stm32.10.3-2021.10.win32_1.0.100.202210260954/tools/bin/../lib/gcc/arm-none-eabi/10.3.1/../../../../arm-none-eabi/lib/thumb/v7e-m+fp/hard\libc_nano.a(lib_a-sprintf.o)
                              ./Core/Src/GUI.o (sprintf)
c:/program files/stm32cubeide_1.11.0/stm32cubeide/plugins/com.st.stm32cube.ide.mcu.externaltools.gnu-tools-for-stm32.10.3-2021.10.win32_1.0.100.202210260954/tools/bin/../lib/gcc/arm-none-eabi/10.3.1/../../../../arm-none-eabi/lib/thumb/v7e-m+fp/hard\libc_nano.a(lib_a-strlen.o)
                              ./Core/Ili9341Lib/Ili9341Lib.o (strlen)
c:/program files/stm32cubeide_1.11.0/stm32cubeide/plugins/com.st.stm32cube.ide.mcu.externaltools.gnu-tools-for-stm32.10.3-2021.10.win32_1.0.100.202210260954/tools/bin/../lib/gcc/arm-none-eabi/10.3.1/../../../../arm-none-eabi/lib/thumb/v7e-m+fp/hard\libc_nano.a(lib_a-nano-svfprintf.o)
                              c:/program files/stm32cubeide_1.11.0/stm32cubeide/plugins/com.st.stm32cube.ide.mcu.externaltools.gnu-tools-for-stm32.10.3-2021.10.win32_1.0.100.202210260954/tools/bin/../lib/gcc/arm-none-eabi/10.3.1/../../../../arm-none-eabi/lib/thumb/v7e-m+fp/hard\libc_nano.a(lib_a-sprintf.o) (_svfprintf_r)
c:/program files/stm32cubeide_1.11.0/stm32cubeide/plugins/com.st.stm32cube.ide.mcu.externaltools.gnu-tools-for-stm32.10.3-2021.10.win32_1.0.100.202210260954/tools/bin/../lib/gcc/arm-none-eabi/10.3.1/../../../../arm-none-eabi/lib/thumb/v7e-m+fp/hard\libc_nano.a(lib_a-nano-vfprintf_i.o)
                              c:/program files/stm32cubeide_1.11.0/stm32cubeide/plugins/com.st.stm32cube.ide.mcu.externaltools.gnu-tools-for-stm32.10.3-2021.10.win32_1.0.100.202210260954/tools/bin/../lib/gcc/arm-none-eabi/10.3.1/../../../../arm-none-eabi/lib/thumb/v7e-m+fp/hard\libc_nano.a(lib_a-nano-svfprintf.o) (_printf_i)
c:/program files/stm32cubeide_1.11.0/stm32cubeide/plugins/com.st.stm32cube.ide.mcu.externaltools.gnu-tools-for-stm32.10.3-2021.10.win32_1.0.100.202210260954/tools/bin/../lib/gcc/arm-none-eabi/10.3.1/../../../../arm-none-eabi/lib/thumb/v7e-m+fp/hard\libc_nano.a(lib_a-memchr.o)
[...]
Memory Configuration

Name             Origin             Length             Attributes
RAM              0x0000000020000000 0x0000000000020000 xrw
FLASH            0x0000000008000000 0x0000000000080000 xr
*default*        0x0000000000000000 0xffffffffffffffff

Linker script and memory map

LOAD c:/program files/stm32cubeide_1.11.0/stm32cubeide/plugins/com.st.stm32cube.ide.mcu.externaltools.gnu-tools-for-stm32.10.3-2021.10.win32_1.0.100.202210260954/tools/bin/../lib/gcc/arm-none-eabi/10.3.1/thumb/v7e-m+fp/hard/crti.o
LOAD c:/program files/stm32cubeide_1.11.0/stm32cubeide/plugins/com.st.stm32cube.ide.mcu.externaltools.gnu-tools-for-stm32.10.3-2021.10.win32_1.0.100.202210260954/tools/bin/../lib/gcc/arm-none-eabi/10.3.1/thumb/v7e-m+fp/hard/crtbegin.o
LOAD c:/program files/stm32cubeide_1.11.0/stm32cubeide/plugins/com.st.stm32cube.ide.mcu.externaltools.gnu-tools-for-stm32.10.3-2021.10.win32_1.0.100.202210260954/tools/bin/../lib/gcc/arm-none-eabi/10.3.1/../../../../arm-none-eabi/lib/thumb/v7e-m+fp/hard/crt0.o
LOAD ./Core/Ili9341Lib/ColorImg.o
LOAD ./Core/Ili9341Lib/FontBig.o
LOAD ./Core/Ili9341Lib/FontLitll.o
LOAD ./Core/Ili9341Lib/Ili9341Lib.o
LOAD ./Core/Ili9341Lib/Ili9341LibTouch.o
LOAD ./Core/Ili9341Lib/monochromImg.o
LOAD ./Core/Src/GUI.o
LOAD ./Core/Src/main.o
LOAD ./Core/Src/saportAndData.o
LOAD ./Core/Src/stm32f4xx_hal_msp.o
LOAD ./Core/Src/stm32f4xx_it.o
LOAD ./Core/Src/syscalls.o
LOAD ./Core/Src/sysmem.o
LOAD ./Core/Src/system_stm32f4xx.o
LOAD ./Core/Src/timers.o
LOAD ./Core/Src/work.o
LOAD ./Core/Startup/startup_stm32f411ceux.o
LOAD ./Drivers/STM32F4xx_HAL_Driver/Src/stm32f4xx_hal.o
LOAD ./Drivers/STM32F4xx_HAL_Driver/Src/stm32f4xx_hal_cortex.o
LOAD ./Drivers/STM32F4xx_HAL_Driver/Src/stm32f4xx_hal_dma.o
LOAD ./Drivers/STM32F4xx_HAL_Driver/Src/stm32f4xx_hal_dma_ex.o
LOAD ./Drivers/STM32F4xx_HAL_Driver/Src/stm32f4xx_hal_exti.o
LOAD ./Drivers/STM32F4xx_HAL_Driver/Src/stm32f4xx_hal_flash.o
LOAD ./Drivers/STM32F4xx_HAL_Driver/Src/stm32f4xx_hal_flash_ex.o
LOAD ./Drivers/STM32F4xx_HAL_Driver/Src/stm32f4xx_hal_flash_ramfunc.o
LOAD ./Drivers/STM32F4xx_HAL_Driver/Src/stm32f4xx_hal_gpio.o
LOAD ./Drivers/STM32F4xx_HAL_Driver/Src/stm32f4xx_hal_pwr.o
LOAD ./Drivers/STM32F4xx_HAL_Driver/Src/stm32f4xx_hal_pwr_ex.o
LOAD ./Drivers/STM32F4xx_HAL_Driver/Src/stm32f4xx_hal_rcc.o
LOAD ./Drivers/STM32F4xx_HAL_Driver/Src/stm32f4xx_hal_rcc_ex.o
LOAD ./Drivers/STM32F4xx_HAL_Driver/Src/stm32f4xx_hal_spi.o
LOAD ./Drivers/STM32F4xx_HAL_Driver/Src/stm32f4xx_hal_tim.o
LOAD ./Drivers/STM32F4xx_HAL_Driver/Src/stm32f4xx_hal_tim_ex.o
START GROUP
LOAD c:/program files/stm32cubeide_1.11.0/stm32cubeide/plugins/com.st.stm32cube.ide.mcu.externaltools.gnu-tools-for-stm32.10.3-2021.10.win32_1.0.100.202210260954/tools/bin/../lib/gcc/arm-none-eabi/10.3.1/../../../../arm-none-eabi/lib/thumb/v7e-m+fp/hard\libc_nano.a
LOAD c:/program files/stm32cubeide_1.11.0/stm32cubeide/plugins/com.st.stm32cube.ide.mcu.externaltools.gnu-tools-for-stm32.10.3-2021.10.win32_1.0.100.202210260954/tools/bin/../lib/gcc/arm-none-eabi/10.3.1/../../../../arm-none-eabi/lib/thumb/v7e-m+fp/hard\libm.a
END GROUP
START GROUP
LOAD c:/program files/stm32cubeide_1.11.0/stm32cubeide/plugins/com.st.stm32cube.ide.mcu.externaltools.gnu-tools-for-stm32.10.3-2021.10.win32_1.0.100.202210260954/tools/bin/../lib/gcc/arm-none-eabi/10.3.1/thumb/v7e-m+fp/hard\libgcc.a
LOAD c:/program files/stm32cubeide_1.11.0/stm32cubeide/plugins/com.st.stm32cube.ide.mcu.externaltools.gnu-tools-for-stm32.10.3-2021.10.win32_1.0.100.202210260954/tools/bin/../lib/gcc/arm-none-eabi/10.3.1/../../../../arm-none-eabi/lib/thumb/v7e-m+fp/hard\libc_nano.a
END GROUP
START GROUP
LOAD c:/program files/stm32cubeide_1.11.0/stm32cubeide/plugins/com.st.stm32cube.ide.mcu.externaltools.gnu-tools-for-stm32.10.3-2021.10.win32_1.0.100.202210260954/tools/bin/../lib/gcc/arm-none-eabi/10.3.1/thumb/v7e-m+fp/hard\libgcc.a
LOAD c:/program files/stm32cubeide_1.11.0/stm32cubeide/plugins/com.st.stm32cube.ide.mcu.externaltools.gnu-tools-for-stm32.10.3-2021.10.win32_1.0.100.202210260954/tools/bin/../lib/gcc/arm-none-eabi/10.3.1/../../../../arm-none-eabi/lib/thumb/v7e-m+fp/hard\libc_nano.a
LOAD c:/program files/stm32cubeide_1.11.0/stm32cubeide/plugins/com.st.stm32cube.ide.mcu.externaltools.gnu-tools-for-stm32.10.3-2021.10.win32_1.0.100.202210260954/tools/bin/../lib/gcc/arm-none-eabi/10.3.1/../../../../arm-none-eabi/lib/thumb/v7e-m+fp/hard\libnosys.a
END GROUP
START GROUP
LOAD c:/program files/stm32cubeide_1.11.0/stm32cubeide/plugins/com.st.stm32cube.ide.mcu.externaltools.gnu-tools-for-stm32.10.3-2021.10.win32_1.0.100.202210260954/tools/bin/../lib/gcc/arm-none-eabi/10.3.1/thumb/v7e-m+fp/hard\libgcc.a
LOAD c:/program files/stm32cubeide_1.11.0/stm32cubeide/plugins/com.st.stm32cube.ide.mcu.externaltools.gnu-tools-for-stm32.10.3-2021.10.win32_1.0.100.202210260954/tools/bin/../lib/gcc/arm-none-eabi/10.3.1/../../../../arm-none-eabi/lib/thumb/v7e-m+fp/hard\libc_nano.a
LOAD c:/program files/stm32cubeide_1.11.0/stm32cubeide/plugins/com.st.stm32cube.ide.mcu.externaltools.gnu-tools-for-stm32.10.3-2021.10.win32_1.0.100.202210260954/tools/bin/../lib/gcc/arm-none-eabi/10.3.1/../../../../arm-none-eabi/lib/thumb/v7e-m+fp/hard\libnosys.a
END GROUP
LOAD c:/program files/stm32cubeide_1.11.0/stm32cubeide/plugins/com.st.stm32cube.ide.mcu.externaltools.gnu-tools-for-stm32.10.3-2021.10.win32_1.0.100.202210260954/tools/bin/../lib/gcc/arm-none-eabi/10.3.1/thumb/v7e-m+fp/hard/crtend.o
LOAD c:/program files/stm32cubeide_1.11.0/stm32cubeide/plugins/com.st.stm32cube.ide.mcu.externaltools.gnu-tools-for-stm32.10.3-2021.10.win32_1.0.100.202210260954/tools/bin/../lib/gcc/arm-none-eabi/10.3.1/thumb/v7e-m+fp/hard/crtn.o
                0x0000000020020000                _estack = (ORIGIN (RAM) + LENGTH (RAM))
                0x0000000000000200                _Min_Heap_Size = 0x200
                0x0000000000000400                _Min_Stack_Size = 0x400

.isr_vector     0x0000000020000000      0x198
                0x0000000020000000                . = ALIGN (0x4)
 *(.isr_vector)
 .isr_vector    0x0000000020000000      0x198 ./Core/Startup/startup_stm32f411ceux.o
                0x0000000020000000                g_pfnVectors
                0x0000000020000198                . = ALIGN (0x4)

.text           0x00000000200001a0     0x6eac
                0x00000000200001a0                . = ALIGN (0x4)
 *(.text)
 .text          0x00000000200001a0       0x40 c:/program files/stm32cubeide_1.11.0/stm32cubeide/plugins/com.st.stm32cube.ide.mcu.externaltools.gnu-tools-for-stm32.10.3-2021.10.win32_1.0.100.202210260954/tools/bin/../lib/gcc/arm-none-eabi/10.3.1/thumb/v7e-m+fp/hard/crtbegin.o
 .text          0x00000000200001e0       0xa0 c:/program files/stm32cubeide_1.11.0/stm32cubeide/plugins/com.st.stm32cube.ide.mcu.externaltools.gnu-tools-for-stm32.10.3-2021.10.win32_1.0.100.202210260954/tools/bin/../lib/gcc/arm-none-eabi/10.3.1/../../../../arm-none-eabi/lib/thumb/v7e-m+fp/hard\libc_nano.a(lib_a-memchr.o)
                0x00000000200001e0                memchr
 .text          0x0000000020000280       0x30 c:/program files/stm32cubeide_1.11.0/stm32cubeide/plugins/com.st.stm32cube.ide.mcu.externaltools.gnu-tools-for-stm32.10.3-2021.10.win32_1.0.100.202210260954/tools/bin/../lib/gcc/arm-none-eabi/10.3.1/thumb/v7e-m+fp/hard\libgcc.a(_aeabi_uldivmod.o)
                0x0000000020000280                __aeabi_uldivmod
 .text          0x00000000200002b0      0x2d0 c:/program files/stm32cubeide_1.11.0/stm32cubeide/plugins/com.st.stm32cube.ide.mcu.externaltools.gnu-tools-for-stm32.10.3-2021.10.win32_1.0.100.202210260954/tools/bin/../lib/gcc/arm-none-eabi/10.3.1/thumb/v7e-m+fp/hard\libgcc.a(_udivmoddi4.o)
                0x00000000200002b0                __udivmoddi4
 .text          0x0000000020000580        0x4 c:/program files/stm32cubeide_1.11.0/stm32cubeide/plugins/com.st.stm32cube.ide.mcu.externaltools.gnu-tools-for-stm32.10.3-2021.10.win32_1.0.100.202210260954/tools/bin/../lib/gcc/arm-none-eabi/10.3.1/thumb/v7e-m+fp/hard\libgcc.a(_dvmd_tls.o)
                0x0000000020000580                __aeabi_idiv0
                0x0000000020000580                __aeabi_ldiv0
 *(.text*)
 .text.mySPISend
                0x0000000020000584       0x58 ./Core/Ili9341Lib/Ili9341Lib.o
                0x0000000020000584                mySPISend
 .text.ILI9341_Select
                0x00000000200005dc       0x20 ./Core/Ili9341Lib/Ili9341Lib.o
                0x00000000200005dc                ILI9341_Select
 .text.ILI9341_Unselect
                0x00000000200005fc       0x20 ./Core/Ili9341Lib/Ili9341Lib.o
                0x00000000200005fc                ILI9341_Unselect
 .text.ILI9341_Reset
                0x000000002000061c       0x28 ./Core/Ili9341Lib/Ili9341Lib.o
 .text.ILI9341_WriteCommand
                0x0000000020000644       0x2c ./Core/Ili9341Lib/Ili9341Lib.o
 .text.ILI9341_WriteData
                0x0000000020000670       0x54 ./Core/Ili9341Lib/Ili9341Lib.o
 .text.ILI9341_SetAddressWindow
                0x00000000200006c4       0x90 ./Core/Ili9341Lib/Ili9341Lib.o
 .text.ILI9341_Init
                0x0000000020000754      0x26c ./Core/Ili9341Lib/Ili9341Lib.o
                0x0000000020000754                ILI9341_Init
 .text.ILI9341_DrawPixel
                0x00000000200009c0       0x62 ./Core/Ili9341Lib/Ili9341Lib.o
                0x00000000200009c0                ILI9341_DrawPixel
 *fill*         0x0000000020000a22        0x2 
 .text.ILI9341_FillRectangle
                0x0000000020000a24       0xd4 ./Core/Ili9341Lib/Ili9341Lib.o
                0x0000000020000a24                ILI9341_FillRectangle
 .text.ILI9341_FillScreen
                0x0000000020000af8       0x24 ./Core/Ili9341Lib/Ili9341Lib.o
                0x0000000020000af8                ILI9341_FillScreen
 .text.ILI9341_WriteMyChar
                0x0000000020000b1c      0x1ec ./Core/Ili9341Lib/Ili9341Lib.o
 .text.ILI9341_WriteMyString
                0x0000000020000d08       0xc4 ./Core/Ili9341Lib/Ili9341Lib.o
                0x0000000020000d08                ILI9341_WriteMyString
 .text.ILI9341_WriteChar
                0x0000000020000dcc       0xea ./Core/Ili9341Lib/Ili9341Lib.o
 .text.ILI9341_WriteString
                0x0000000020000eb6       0x96 ./Core/Ili9341Lib/Ili9341Lib.o
                0x0000000020000eb6                ILI9341_WriteString
 .text.ILI9341_DrawImage
                0x0000000020000f4c       0x90 ./Core/Ili9341Lib/Ili9341Lib.o
                0x0000000020000f4c                ILI9341_DrawImage
 .text.ILI9341_DrawMonochromeImage
                0x0000000020000fdc      0x122 ./Core/Ili9341Lib/Ili9341Lib.o
                0x0000000020000fdc                ILI9341_DrawMonochromeImage
 .text.writeFastVLine
                0x00000000200010fe       0x40 ./Core/Ili9341Lib/Ili9341Lib.o
                0x00000000200010fe                writeFastVLine
 .text.writeFastHLine
                0x000000002000113e       0x3e ./Core/Ili9341Lib/Ili9341Lib.o
                0x000000002000113e                writeFastHLine
 .text.drawRect
                0x000000002000117c       0x82 ./Core/Ili9341Lib/Ili9341Lib.o
                0x000000002000117c                drawRect
 .text.drawCircleHelper
                0x00000000200011fe      0x188 ./Core/Ili9341Lib/Ili9341Lib.o
                0x00000000200011fe                drawCircleHelper
 .text.fillCircleHelper
                0x0000000020001386      0x19c ./Core/Ili9341Lib/Ili9341Lib.o
                0x0000000020001386                fillCircleHelper
 .text.drawRoundRect
                0x0000000020001522      0x1b4 ./Core/Ili9341Lib/Ili9341Lib.o
                0x0000000020001522                drawRoundRect
 .text.drawSomePixelRoundRect
                0x00000000200016d6       0xb8 ./Core/Ili9341Lib/Ili9341Lib.o
                0x00000000200016d6                drawSomePixelRoundRect
 .text.fillRect
                0x000000002000178e       0x5e ./Core/Ili9341Lib/Ili9341Lib.o
                0x000000002000178e                fillRect
 .text.fillRoundRect
                0x00000000200017ec       0xfa ./Core/Ili9341Lib/Ili9341Lib.o
                0x00000000200017ec                fillRoundRect
 .text.drawCircle
                0x00000000200018e6      0x1ae ./Core/Ili9341Lib/Ili9341Lib.o
                0x00000000200018e6                drawCircle
 .text.ILI9341_ToucInit
                0x0000000020001a94       0x64 ./Core/Ili9341Lib/Ili9341LibTouch.o
                0x0000000020001a94                ILI9341_ToucInit
 .text.ILI9341_TouchSelect
                0x0000000020001af8       0x18 ./Core/Ili9341Lib/Ili9341LibTouch.o
 .text.ILI9341_TouchUnselect
                0x0000000020001b10       0x18 ./Core/Ili9341Lib/Ili9341LibTouch.o
                0x0000000020001b10                ILI9341_TouchUnselect
 .text.ILI9341_TouchPressed
                0x0000000020001b28       0x24 ./Core/Ili9341Lib/Ili9341LibTouch.o
                0x0000000020001b28                ILI9341_TouchPressed
 .text.ILI9341_TouchGetCoordinates
                0x0000000020001b4c      0x19c ./Core/Ili9341Lib/Ili9341LibTouch.o
                0x0000000020001b4c                ILI9341_TouchGetCoordinates
 .text.figuringData
                0x0000000020001ce8       0xd4 ./Core/Ili9341Lib/Ili9341LibTouch.o
                0x0000000020001ce8                figuringData
 .text.calibTouch
                0x0000000020001dbc      0x29c ./Core/Ili9341Lib/Ili9341LibTouch.o
                0x0000000020001dbc                calibTouch
 .text.GUICalibration
                0x0000000020002058      0x234 ./Core/Src/GUI.o
                0x0000000020002058                GUICalibration
 .text.setOK    0x000000002000228c       0x60 ./Core/Src/GUI.o
                0x000000002000228c                setOK
 .text.startDisplay
                0x00000000200022ec       0x3c ./Core/Src/GUI.o
                0x00000000200022ec                startDisplay
 .text.printFreeq
                0x0000000020002328       0x40 ./Core/Src/GUI.o
                0x0000000020002328                printFreeq
 .text.printTypeOutput
                0x0000000020002368      0x114 ./Core/Src/GUI.o
                0x0000000020002368                printTypeOutput
 .text.printTImpulse
                0x000000002000247c       0x74 ./Core/Src/GUI.o
                0x000000002000247c                printTImpulse
 .text.printTPause
                0x00000000200024f0       0x6c ./Core/Src/GUI.o
                0x00000000200024f0                printTPause
 .text.printCount
                0x000000002000255c       0x94 ./Core/Src/GUI.o
                0x000000002000255c                printCount
 .text.printColorImage
                0x00000000200025f0       0xa6 ./Core/Src/GUI.o
                0x00000000200025f0                printColorImage
 *fill*         0x0000000020002696        0x2 
 .text.mainDisplayPrint
                0x0000000020002698       0xd0 ./Core/Src/GUI.o
                0x0000000020002698                mainDisplayPrint
 .text.workDisplay
                0x0000000020002768        0xc ./Core/Src/GUI.o
                0x0000000020002768                workDisplay
 .text.checkAreaTouch
                0x0000000020002774       0x56 ./Core/Src/GUI.o
                0x0000000020002774                checkAreaTouch
 *fill*         0x00000000200027ca        0x2 
 .text.checkstrokeArea
                0x00000000200027cc       0xd0 ./Core/Src/GUI.o
                0x00000000200027cc                checkstrokeArea
 .text.endOperationWindow
                0x000000002000289c       0x84 ./Core/Src/GUI.o
                0x000000002000289c                endOperationWindow
 .text.powerButton
                0x0000000020002920       0x88 ./Core/Src/GUI.o
                0x0000000020002920                powerButton
 .text.rangeMinMax
                0x00000000200029a8       0x9a ./Core/Src/GUI.o
                0x00000000200029a8                rangeMinMax
 *fill*         0x0000000020002a42        0x2 
 .text.changeData
                0x0000000020002a44       0xc0 ./Core/Src/GUI.o
                0x0000000020002a44                changeData
 .text.speedControl
                0x0000000020002b04       0x7c ./Core/Src/GUI.o
                0x0000000020002b04                speedControl
 .text.changeParamPlusMinus
                0x0000000020002b80       0x9c ./Core/Src/GUI.o
                0x0000000020002b80                changeParamPlusMinus
 .text.togleUnits
                0x0000000020002c1c       0xb4 ./Core/Src/GUI.o
                0x0000000020002c1c                togleUnits
 .text.NPN_PNPButton
                0x0000000020002cd0      0x14c ./Core/Src/GUI.o
                0x0000000020002cd0                NPN_PNPButton
 .text.setParamNPN_PNP
                0x0000000020002e1c       0x74 ./Core/Src/GUI.o
                0x0000000020002e1c                setParamNPN_PNP
 .text.checkButtonPress
                0x0000000020002e90      0x250 ./Core/Src/GUI.o
                0x0000000020002e90                checkButtonPress
 .text.GUIPostHandler
                0x00000000200030e0       0xbc ./Core/Src/GUI.o
                0x00000000200030e0                GUIPostHandler
 .text.main     0x000000002000319c       0x54 ./Core/Src/main.o
                0x000000002000319c                main
 .text.SystemClock_Config
                0x00000000200031f0       0xd0 ./Core/Src/main.o
                0x00000000200031f0                SystemClock_Config
 .text.MX_SPI1_Init
                0x00000000200032c0       0x6c ./Core/Src/main.o
 .text.MX_SPI2_Init
                0x000000002000332c       0x6c ./Core/Src/main.o
 .text.MX_TIM5_Init
                0x0000000020003398       0xd4 ./Core/Src/main.o
 .text.MX_GPIO_Init
                0x000000002000346c      0x104 ./Core/Src/main.o
 .text.Error_Handler
                0x0000000020003570        0xa ./Core/Src/main.o
                0x0000000020003570                Error_Handler
 .text.wholeDevider
                0x000000002000357a       0x80 ./Core/Src/saportAndData.o
                0x000000002000357a                wholeDevider
 *fill*         0x00000000200035fa        0x2 
 .text.buzzerSet
                0x00000000200035fc       0x3c ./Core/Src/saportAndData.o
                0x00000000200035fc                buzzerSet
 .text.writeDataToMemory
                0x0000000020003638       0x38 ./Core/Src/saportAndData.o
                0x0000000020003638                writeDataToMemory
 .text.HAL_MspInit
                0x0000000020003670       0x50 ./Core/Src/stm32f4xx_hal_msp.o
                0x0000000020003670                HAL_MspInit
 .text.HAL_SPI_MspInit
                0x00000000200036c0       0xfc ./Core/Src/stm32f4xx_hal_msp.o
                0x00000000200036c0                HAL_SPI_MspInit
 .text.HAL_TIM_PWM_MspInit
                0x00000000200037bc       0x50 ./Core/Src/stm32f4xx_hal_msp.o
                0x00000000200037bc                HAL_TIM_PWM_MspInit
 .text.HAL_TIM_MspPostInit
                0x000000002000380c       0x74 ./Core/Src/stm32f4xx_hal_msp.o
                0x000000002000380c                HAL_TIM_MspPostInit
 .text.NMI_Handler
                0x0000000020003880        0x6 ./Core/Src/stm32f4xx_it.o
                0x0000000020003880                NMI_Handler
 .text.HardFault_Handler
                0x0000000020003886        0x6 ./Core/Src/stm32f4xx_it.o
                0x0000000020003886                HardFault_Handler
 .text.MemManage_Handler
                0x000000002000388c        0x6 ./Core/Src/stm32f4xx_it.o
                0x000000002000388c                MemManage_Handler
 .text.BusFault_Handler
                0x0000000020003892        0x6 ./Core/Src/stm32f4xx_it.o
                0x0000000020003892                BusFault_Handler
 .text.UsageFault_Handler
                0x0000000020003898        0x6 ./Core/Src/stm32f4xx_it.o
                0x0000000020003898                UsageFault_Handler
 .text.SVC_Handler
                0x000000002000389e        0xe ./Core/Src/stm32f4xx_it.o
                0x000000002000389e                SVC_Handler
 .text.DebugMon_Handler
                0x00000000200038ac        0xe ./Core/Src/stm32f4xx_it.o
                0x00000000200038ac                DebugMon_Handler
 .text.PendSV_Handler
                0x00000000200038ba        0xe ./Core/Src/stm32f4xx_it.o
                0x00000000200038ba                PendSV_Handler
 .text.SysTick_Handler
                0x00000000200038c8       0x94 ./Core/Src/stm32f4xx_it.o
                0x00000000200038c8                SysTick_Handler
 .text.TIM5_IRQHandler
                0x000000002000395c       0x48 ./Core/Src/stm32f4xx_it.o
                0x000000002000395c                TIM5_IRQHandler
 .text._sbrk    0x00000000200039a4       0x6c ./Core/Src/sysmem.o
                0x00000000200039a4                _sbrk
 .text.SystemInit
                0x0000000020003a10       0x24 ./Core/Src/system_stm32f4xx.o
                0x0000000020003a10                SystemInit
 .text.doWork   0x0000000020003a34       0x18 ./Core/Src/work.o
                0x0000000020003a34                doWork
 .text.Work     0x0000000020003a4c        0xc ./Core/Src/work.o
                0x0000000020003a4c                Work
 .text.calibration
                0x0000000020003a58       0xcc ./Core/Src/work.o
                0x0000000020003a58                calibration
 .text.Reset_Handler
                0x0000000020003b24       0x50 ./Core/Startup/startup_stm32f411ceux.o
                0x0000000020003b24                Reset_Handler
 .text.Default_Handler
                0x0000000020003b74        0x2 ./Core/Startup/startup_stm32f411ceux.o
                0x0000000020003b74                RTC_Alarm_IRQHandler
                0x0000000020003b74                EXTI2_IRQHandler
                0x0000000020003b74                SPI4_IRQHandler
                0x0000000020003b74                TIM1_CC_IRQHandler
                0x0000000020003b74                DMA2_Stream5_IRQHandler
                0x0000000020003b74                DMA1_Stream5_IRQHandler
                0x0000000020003b74                PVD_IRQHandler
                0x0000000020003b74                SDIO_IRQHandler
                0x0000000020003b74                TAMP_STAMP_IRQHandler
                0x0000000020003b74                EXTI3_IRQHandler
                0x0000000020003b74                TIM1_UP_TIM10_IRQHandler
                0x0000000020003b74                I2C3_ER_IRQHandler
                0x0000000020003b74                EXTI0_IRQHandler
                0x0000000020003b74                I2C2_EV_IRQHandler
                0x0000000020003b74                DMA1_Stream2_IRQHandler
                0x0000000020003b74                FPU_IRQHandler
                0x0000000020003b74                DMA2_Stream2_IRQHandler
                0x0000000020003b74                SPI1_IRQHandler
                0x0000000020003b74                TIM1_BRK_TIM9_IRQHandler
                0x0000000020003b74                DMA2_Stream3_IRQHandler
                0x0000000020003b74                USART6_IRQHandler
                0x0000000020003b74                DMA2_Stream0_IRQHandler
                0x0000000020003b74                TIM4_IRQHandler
                0x0000000020003b74                I2C1_EV_IRQHandler
                0x0000000020003b74                DMA1_Stream6_IRQHandler
                0x0000000020003b74                DMA1_Stream1_IRQHandler
                0x0000000020003b74                TIM3_IRQHandler
                0x0000000020003b74                RCC_IRQHandler
                0x0000000020003b74                Default_Handler
                0x0000000020003b74                EXTI15_10_IRQHandler
                0x0000000020003b74                ADC_IRQHandler
                0x0000000020003b74                DMA1_Stream7_IRQHandler
                0x0000000020003b74                SPI5_IRQHandler
                0x0000000020003b74                DMA2_Stream7_IRQHandler
                0x0000000020003b74                I2C3_EV_IRQHandler
                0x0000000020003b74                EXTI9_5_IRQHandler
                0x0000000020003b74                RTC_WKUP_IRQHandler
                0x0000000020003b74                SPI2_IRQHandler
                0x0000000020003b74                DMA1_Stream0_IRQHandler
                0x0000000020003b74                EXTI4_IRQHandler
                0x0000000020003b74                WWDG_IRQHandler
                0x0000000020003b74                TIM2_IRQHandler
                0x0000000020003b74                OTG_FS_WKUP_IRQHandler
                0x0000000020003b74                TIM1_TRG_COM_TIM11_IRQHandler
                0x0000000020003b74                EXTI1_IRQHandler
                0x0000000020003b74                USART2_IRQHandler
                0x0000000020003b74                I2C2_ER_IRQHandler
                0x0000000020003b74                DMA2_Stream1_IRQHandler
                0x0000000020003b74                FLASH_IRQHandler
                0x0000000020003b74                DMA2_Stream4_IRQHandler
                0x0000000020003b74                USART1_IRQHandler
                0x0000000020003b74                OTG_FS_IRQHandler
                0x0000000020003b74                SPI3_IRQHandler
                0x0000000020003b74                DMA1_Stream4_IRQHandler
                0x0000000020003b74                I2C1_ER_IRQHandler
                0x0000000020003b74                DMA2_Stream6_IRQHandler
                0x0000000020003b74                DMA1_Stream3_IRQHandler
 *fill*         0x0000000020003b76        0x2 
 .text.HAL_Init
                0x0000000020003b78       0x44 ./Drivers/STM32F4xx_HAL_Driver/Src/stm32f4xx_hal.o
                0x0000000020003b78                HAL_Init
 .text.HAL_InitTick
                0x0000000020003bbc       0x60 ./Drivers/STM32F4xx_HAL_Driver/Src/stm32f4xx_hal.o
                0x0000000020003bbc                HAL_InitTick
 .text.HAL_IncTick
                0x0000000020003c1c       0x28 ./Drivers/STM32F4xx_HAL_Driver/Src/stm32f4xx_hal.o
                0x0000000020003c1c                HAL_IncTick
 .text.HAL_GetTick
                0x0000000020003c44       0x18 ./Drivers/STM32F4xx_HAL_Driver/Src/stm32f4xx_hal.o
                0x0000000020003c44                HAL_GetTick
 .text.HAL_Delay
                0x0000000020003c5c       0x48 ./Drivers/STM32F4xx_HAL_Driver/Src/stm32f4xx_hal.o
                0x0000000020003c5c                HAL_Delay
 .text.__NVIC_SetPriorityGrouping
                0x0000000020003ca4       0x48 ./Drivers/STM32F4xx_HAL_Driver/Src/stm32f4xx_hal_cortex.o
 .text.__NVIC_GetPriorityGrouping
                0x0000000020003cec       0x1c ./Drivers/STM32F4xx_HAL_Driver/Src/stm32f4xx_hal_cortex.o
 .text.__NVIC_EnableIRQ
                0x0000000020003d08       0x3c ./Drivers/STM32F4xx_HAL_Driver/Src/stm32f4xx_hal_cortex.o
 .text.__NVIC_SetPriority
                0x0000000020003d44       0x54 ./Drivers/STM32F4xx_HAL_Driver/Src/stm32f4xx_hal_cortex.o
 .text.NVIC_EncodePriority
                0x0000000020003d98       0x66 ./Drivers/STM32F4xx_HAL_Driver/Src/stm32f4xx_hal_cortex.o
 *fill*         0x0000000020003dfe        0x2 
 .text.SysTick_Config
                0x0000000020003e00       0x44 ./Drivers/STM32F4xx_HAL_Driver/Src/stm32f4xx_hal_cortex.o
 .text.HAL_NVIC_SetPriorityGrouping
                0x0000000020003e44       0x16 ./Drivers/STM32F4xx_HAL_Driver/Src/stm32f4xx_hal_cortex.o
                0x0000000020003e44                HAL_NVIC_SetPriorityGrouping
 .text.HAL_NVIC_SetPriority
                0x0000000020003e5a       0x38 ./Drivers/STM32F4xx_HAL_Driver/Src/stm32f4xx_hal_cortex.o
                0x0000000020003e5a                HAL_NVIC_SetPriority
 .text.HAL_NVIC_EnableIRQ
                0x0000000020003e92       0x1c ./Drivers/STM32F4xx_HAL_Driver/Src/stm32f4xx_hal_cortex.o
                0x0000000020003e92                HAL_NVIC_EnableIRQ
 .text.HAL_SYSTICK_Config
                0x0000000020003eae       0x18 ./Drivers/STM32F4xx_HAL_Driver/Src/stm32f4xx_hal_cortex.o
                0x0000000020003eae                HAL_SYSTICK_Config
 *fill*         0x0000000020003ec6        0x2 
 .text.HAL_FLASH_Program
                0x0000000020003ec8       0xa8 ./Drivers/STM32F4xx_HAL_Driver/Src/stm32f4xx_hal_flash.o
                0x0000000020003ec8                HAL_FLASH_Program
 .text.HAL_FLASH_Unlock
                0x0000000020003f70       0x44 ./Drivers/STM32F4xx_HAL_Driver/Src/stm32f4xx_hal_flash.o
                0x0000000020003f70                HAL_FLASH_Unlock
 .text.HAL_FLASH_Lock
                0x0000000020003fb4       0x20 ./Drivers/STM32F4xx_HAL_Driver/Src/stm32f4xx_hal_flash.o
                0x0000000020003fb4                HAL_FLASH_Lock
 .text.FLASH_WaitForLastOperation
                0x0000000020003fd4       0x80 ./Drivers/STM32F4xx_HAL_Driver/Src/stm32f4xx_hal_flash.o
                0x0000000020003fd4                FLASH_WaitForLastOperation
 .text.FLASH_Program_DoubleWord
                0x0000000020004054       0x64 ./Drivers/STM32F4xx_HAL_Driver/Src/stm32f4xx_hal_flash.o
 .text.FLASH_Program_Word
                0x00000000200040b8       0x44 ./Drivers/STM32F4xx_HAL_Driver/Src/stm32f4xx_hal_flash.o
 .text.FLASH_Program_HalfWord
                0x00000000200040fc       0x48 ./Drivers/STM32F4xx_HAL_Driver/Src/stm32f4xx_hal_flash.o
 .text.FLASH_Program_Byte
                0x0000000020004144       0x44 ./Drivers/STM32F4xx_HAL_Driver/Src/stm32f4xx_hal_flash.o
 .text.FLASH_SetErrorCode
                0x0000000020004188       0xcc ./Drivers/STM32F4xx_HAL_Driver/Src/stm32f4xx_hal_flash.o
 .text.HAL_GPIO_Init
                0x0000000020004254      0x308 ./Drivers/STM32F4xx_HAL_Driver/Src/stm32f4xx_hal_gpio.o
                0x0000000020004254                HAL_GPIO_Init
 .text.HAL_GPIO_ReadPin
                0x000000002000455c       0x30 ./Drivers/STM32F4xx_HAL_Driver/Src/stm32f4xx_hal_gpio.o
                0x000000002000455c                HAL_GPIO_ReadPin
 .text.HAL_GPIO_WritePin
                0x000000002000458c       0x32 ./Drivers/STM32F4xx_HAL_Driver/Src/stm32f4xx_hal_gpio.o
                0x000000002000458c                HAL_GPIO_WritePin
 *fill*         0x00000000200045be        0x2 
 .text.HAL_RCC_OscConfig
                0x00000000200045c0      0x4f0 ./Drivers/STM32F4xx_HAL_Driver/Src/stm32f4xx_hal_rcc.o
                0x00000000200045c0                HAL_RCC_OscConfig
 .text.HAL_RCC_ClockConfig
                0x0000000020004ab0      0x1cc ./Drivers/STM32F4xx_HAL_Driver/Src/stm32f4xx_hal_rcc.o
                0x0000000020004ab0                HAL_RCC_ClockConfig
 .text.HAL_RCC_GetSysClockFreq
                0x0000000020004c7c      0x18c ./Drivers/STM32F4xx_HAL_Driver/Src/stm32f4xx_hal_rcc.o
                0x0000000020004c7c                HAL_RCC_GetSysClockFreq
 .text.HAL_SPI_Init
                0x0000000020004e08      0x112 ./Drivers/STM32F4xx_HAL_Driver/Src/stm32f4xx_hal_spi.o
                0x0000000020004e08                HAL_SPI_Init
 .text.HAL_SPI_Transmit
                0x0000000020004f1a      0x278 ./Drivers/STM32F4xx_HAL_Driver/Src/stm32f4xx_hal_spi.o
                0x0000000020004f1a                HAL_SPI_Transmit
 .text.HAL_SPI_TransmitReceive
                0x0000000020005192      0x344 ./Drivers/STM32F4xx_HAL_Driver/Src/stm32f4xx_hal_spi.o
                0x0000000020005192                HAL_SPI_TransmitReceive
 *fill*         0x00000000200054d6        0x2 
 .text.SPI_WaitFlagStateUntilTimeout
                0x00000000200054d8      0x110 ./Drivers/STM32F4xx_HAL_Driver/Src/stm32f4xx_hal_spi.o
 .text.SPI_EndRxTxTransaction
                0x00000000200055e8       0x84 ./Drivers/STM32F4xx_HAL_Driver/Src/stm32f4xx_hal_spi.o
 .text.HAL_TIM_Base_Start
                0x000000002000566c       0xb4 ./Drivers/STM32F4xx_HAL_Driver/Src/stm32f4xx_hal_tim.o
                0x000000002000566c                HAL_TIM_Base_Start
 .text.HAL_TIM_Base_Stop
                0x0000000020005720       0x4e ./Drivers/STM32F4xx_HAL_Driver/Src/stm32f4xx_hal_tim.o
                0x0000000020005720                HAL_TIM_Base_Stop
 .text.HAL_TIM_PWM_Init
                0x000000002000576e       0x9e ./Drivers/STM32F4xx_HAL_Driver/Src/stm32f4xx_hal_tim.o
                0x000000002000576e                HAL_TIM_PWM_Init
 .text.HAL_TIM_PWM_Start
                0x000000002000580c      0x160 ./Drivers/STM32F4xx_HAL_Driver/Src/stm32f4xx_hal_tim.o
                0x000000002000580c                HAL_TIM_PWM_Start
 .text.HAL_TIM_PWM_Stop
                0x000000002000596c       0xc8 ./Drivers/STM32F4xx_HAL_Driver/Src/stm32f4xx_hal_tim.o
                0x000000002000596c                HAL_TIM_PWM_Stop
 .text.HAL_TIM_PWM_Start_IT
                0x0000000020005a34      0x1fc ./Drivers/STM32F4xx_HAL_Driver/Src/stm32f4xx_hal_tim.o
                0x0000000020005a34                HAL_TIM_PWM_Start_IT
 .text.HAL_TIM_PWM_Stop_IT
                0x0000000020005c30      0x164 ./Drivers/STM32F4xx_HAL_Driver/Src/stm32f4xx_hal_tim.o
                0x0000000020005c30                HAL_TIM_PWM_Stop_IT
 .text.HAL_TIM_IRQHandler
                0x0000000020005d94      0x210 ./Drivers/STM32F4xx_HAL_Driver/Src/stm32f4xx_hal_tim.o
                0x0000000020005d94                HAL_TIM_IRQHandler
 .text.HAL_TIM_PWM_ConfigChannel
                0x0000000020005fa4      0x184 ./Drivers/STM32F4xx_HAL_Driver/Src/stm32f4xx_hal_tim.o
                0x0000000020005fa4                HAL_TIM_PWM_ConfigChannel
 .text.HAL_TIM_PeriodElapsedCallback
                0x0000000020006128       0x14 ./Drivers/STM32F4xx_HAL_Driver/Src/stm32f4xx_hal_tim.o
                0x0000000020006128                HAL_TIM_PeriodElapsedCallback
 .text.HAL_TIM_OC_DelayElapsedCallback
                0x000000002000613c       0x14 ./Drivers/STM32F4xx_HAL_Driver/Src/stm32f4xx_hal_tim.o
                0x000000002000613c                HAL_TIM_OC_DelayElapsedCallback
 .text.HAL_TIM_IC_CaptureCallback
                0x0000000020006150       0x14 ./Drivers/STM32F4xx_HAL_Driver/Src/stm32f4xx_hal_tim.o
                0x0000000020006150                HAL_TIM_IC_CaptureCallback
 .text.HAL_TIM_PWM_PulseFinishedCallback
                0x0000000020006164       0x14 ./Drivers/STM32F4xx_HAL_Driver/Src/stm32f4xx_hal_tim.o
                0x0000000020006164                HAL_TIM_PWM_PulseFinishedCallback
 .text.HAL_TIM_TriggerCallback
                0x0000000020006178       0x14 ./Drivers/STM32F4xx_HAL_Driver/Src/stm32f4xx_hal_tim.o
                0x0000000020006178                HAL_TIM_TriggerCallback
 .text.TIM_Base_SetConfig
                0x000000002000618c      0x100 ./Drivers/STM32F4xx_HAL_Driver/Src/stm32f4xx_hal_tim.o
                0x000000002000618c                TIM_Base_SetConfig
 .text.TIM_OC1_SetConfig
                0x000000002000628c       0xcc ./Drivers/STM32F4xx_HAL_Driver/Src/stm32f4xx_hal_tim.o
 .text.TIM_OC2_SetConfig
                0x0000000020006358       0xd8 ./Drivers/STM32F4xx_HAL_Driver/Src/stm32f4xx_hal_tim.o
                0x0000000020006358                TIM_OC2_SetConfig
 .text.TIM_OC3_SetConfig
                0x0000000020006430       0xd4 ./Drivers/STM32F4xx_HAL_Driver/Src/stm32f4xx_hal_tim.o
 .text.TIM_OC4_SetConfig
                0x0000000020006504       0xa0 ./Drivers/STM32F4xx_HAL_Driver/Src/stm32f4xx_hal_tim.o
 .text.TIM_CCxChannelCmd
                0x00000000200065a4       0x4a ./Drivers/STM32F4xx_HAL_Driver/Src/stm32f4xx_hal_tim.o
                0x00000000200065a4                TIM_CCxChannelCmd
 *fill*         0x00000000200065ee        0x2 
 .text.HAL_TIMEx_MasterConfigSynchronization
                0x00000000200065f0       0xdc ./Drivers/STM32F4xx_HAL_Driver/Src/stm32f4xx_hal_tim_ex.o
                0x00000000200065f0                HAL_TIMEx_MasterConfigSynchronization
 .text.HAL_TIMEx_CommutCallback
                0x00000000200066cc       0x14 ./Drivers/STM32F4xx_HAL_Driver/Src/stm32f4xx_hal_tim_ex.o
                0x00000000200066cc                HAL_TIMEx_CommutCallback
 .text.HAL_TIMEx_BreakCallback
                0x00000000200066e0       0x14 ./Drivers/STM32F4xx_HAL_Driver/Src/stm32f4xx_hal_tim_ex.o
                0x00000000200066e0                HAL_TIMEx_BreakCallback
 .text.__errno  0x00000000200066f4        0xc c:/program files/stm32cubeide_1.11.0/stm32cubeide/plugins/com.st.stm32cube.ide.mcu.externaltools.gnu-tools-for-stm32.10.3-2021.10.win32_1.0.100.202210260954/tools/bin/../lib/gcc/arm-none-eabi/10.3.1/../../../../arm-none-eabi/lib/thumb/v7e-m+fp/hard\libc_nano.a(lib_a-errno.o)
                0x00000000200066f4                __errno
 .text.__libc_init_array
                0x0000000020006700       0x48 c:/program files/stm32cubeide_1.11.0/stm32cubeide/plugins/com.st.stm32cube.ide.mcu.externaltools.gnu-tools-for-stm32.10.3-2021.10.win32_1.0.100.202210260954/tools/bin/../lib/gcc/arm-none-eabi/10.3.1/../../../../arm-none-eabi/lib/thumb/v7e-m+fp/hard\libc_nano.a(lib_a-init.o)
                0x0000000020006700                __libc_init_array
 .text.memset   0x0000000020006748       0x10 c:/program files/stm32cubeide_1.11.0/stm32cubeide/plugins/com.st.stm32cube.ide.mcu.externaltools.gnu-tools-for-stm32.10.3-2021.10.win32_1.0.100.202210260954/tools/bin/../lib/gcc/arm-none-eabi/10.3.1/../../../../arm-none-eabi/lib/thumb/v7e-m+fp/hard\libc_nano.a(lib_a-memset.o)
                0x0000000020006748                memset
 .text.sprintf  0x0000000020006758       0x40 c:/program files/stm32cubeide_1.11.0/stm32cubeide/plugins/com.st.stm32cube.ide.mcu.externaltools.gnu-tools-for-stm32.10.3-2021.10.win32_1.0.100.202210260954/tools/bin/../lib/gcc/arm-none-eabi/10.3.1/../../../../arm-none-eabi/lib/thumb/v7e-m+fp/hard\libc_nano.a(lib_a-sprintf.o)
                0x0000000020006758                siprintf
                0x0000000020006758                sprintf
 .text.__ssputs_r
                0x0000000020006798       0xb6 c:/program files/stm32cubeide_1.11.0/stm32cubeide/plugins/com.st.stm32cube.ide.mcu.externaltools.gnu-tools-for-stm32.10.3-2021.10.win32_1.0.100.202210260954/tools/bin/../lib/gcc/arm-none-eabi/10.3.1/../../../../arm-none-eabi/lib/thumb/v7e-m+fp/hard\libc_nano.a(lib_a-nano-svfprintf.o)
                0x0000000020006798                __ssputs_r
 *fill*         0x000000002000684e        0x2 
 .text._svfprintf_r
                0x0000000020006850      0x200 c:/program files/stm32cubeide_1.11.0/stm32cubeide/plugins/com.st.stm32cube.ide.mcu.externaltools.gnu-tools-for-stm32.10.3-2021.10.win32_1.0.100.202210260954/tools/bin/../lib/gcc/arm-none-eabi/10.3.1/../../../../arm-none-eabi/lib/thumb/v7e-m+fp/hard\libc_nano.a(lib_a-nano-svfprintf.o)
                0x0000000020006850                _svfiprintf_r
                0x0000000020006850                _svfprintf_r
 .text._printf_common
                0x0000000020006a50       0xda c:/program files/stm32cubeide_1.11.0/stm32cubeide/plugins/com.st.stm32cube.ide.mcu.externaltools.gnu-tools-for-stm32.10.3-2021.10.win32_1.0.100.202210260954/tools/bin/../lib/gcc/arm-none-eabi/10.3.1/../../../../arm-none-eabi/lib/thumb/v7e-m+fp/hard\libc_nano.a(lib_a-nano-vfprintf_i.o)
                0x0000000020006a50                _printf_common
 *fill*         0x0000000020006b2a        0x2 
 .text._printf_i
                0x0000000020006b2c      0x24c c:/program files/stm32cubeide_1.11.0/stm32cubeide/plugins/com.st.stm32cube.ide.mcu.externaltools.gnu-tools-for-stm32.10.3-2021.10.win32_1.0.100.202210260954/tools/bin/../lib/gcc/arm-none-eabi/10.3.1/../../../../arm-none-eabi/lib/thumb/v7e-m+fp/hard\libc_nano.a(lib_a-nano-vfprintf_i.o)
                0x0000000020006b2c                _printf_i
 .text.memcpy   0x0000000020006d78       0x1c c:/program files/stm32cubeide_1.11.0/stm32cubeide/plugins/com.st.stm32cube.ide.mcu.externaltools.gnu-tools-for-stm32.10.3-2021.10.win32_1.0.100.202210260954/tools/bin/../lib/gcc/arm-none-eabi/10.3.1/../../../../arm-none-eabi/lib/thumb/v7e-m+fp/hard\libc_nano.a(lib_a-memcpy-stub.o)
                0x0000000020006d78                memcpy
 .text.memmove  0x0000000020006d94       0x34 c:/program files/stm32cubeide_1.11.0/stm32cubeide/plugins/com.st.stm32cube.ide.mcu.externaltools.gnu-tools-for-stm32.10.3-2021.10.win32_1.0.100.202210260954/tools/bin/../lib/gcc/arm-none-eabi/10.3.1/../../../../arm-none-eabi/lib/thumb/v7e-m+fp/hard\libc_nano.a(lib_a-memmove.o)
                0x0000000020006d94                memmove
 .text._free_r  0x0000000020006dc8       0x98 c:/program files/stm32cubeide_1.11.0/stm32cubeide/plugins/com.st.stm32cube.ide.mcu.externaltools.gnu-tools-for-stm32.10.3-2021.10.win32_1.0.100.202210260954/tools/bin/../lib/gcc/arm-none-eabi/10.3.1/../../../../arm-none-eabi/lib/thumb/v7e-m+fp/hard\libc_nano.a(lib_a-nano-freer.o)
                0x0000000020006dc8                _free_r
 .text.sbrk_aligned
                0x0000000020006e60       0x40 c:/program files/stm32cubeide_1.11.0/stm32cubeide/plugins/com.st.stm32cube.ide.mcu.externaltools.gnu-tools-for-stm32.10.3-2021.10.win32_1.0.100.202210260954/tools/bin/../lib/gcc/arm-none-eabi/10.3.1/../../../../arm-none-eabi/lib/thumb/v7e-m+fp/hard\libc_nano.a(lib_a-nano-mallocr.o)
 .text._malloc_r
                0x0000000020006ea0       0xe8 c:/program files/stm32cubeide_1.11.0/stm32cubeide/plugins/com.st.stm32cube.ide.mcu.externaltools.gnu-tools-for-stm32.10.3-2021.10.win32_1.0.100.202210260954/tools/bin/../lib/gcc/arm-none-eabi/10.3.1/../../../../arm-none-eabi/lib/thumb/v7e-m+fp/hard\libc_nano.a(lib_a-nano-mallocr.o)
                0x0000000020006ea0                _malloc_r
 .text._realloc_r
                0x0000000020006f88       0x5e c:/program files/stm32cubeide_1.11.0/stm32cubeide/plugins/com.st.stm32cube.ide.mcu.externaltools.gnu-tools-for-stm32.10.3-2021.10.win32_1.0.100.202210260954/tools/bin/../lib/gcc/arm-none-eabi/10.3.1/../../../../arm-none-eabi/lib/thumb/v7e-m+fp/hard\libc_nano.a(lib_a-nano-reallocr.o)
                0x0000000020006f88                _realloc_r
 *fill*         0x0000000020006fe6        0x2 
 .text._sbrk_r  0x0000000020006fe8       0x20 c:/program files/stm32cubeide_1.11.0/stm32cubeide/plugins/com.st.stm32cube.ide.mcu.externaltools.gnu-tools-for-stm32.10.3-2021.10.win32_1.0.100.202210260954/tools/bin/../lib/gcc/arm-none-eabi/10.3.1/../../../../arm-none-eabi/lib/thumb/v7e-m+fp/hard\libc_nano.a(lib_a-sbrkr.o)
                0x0000000020006fe8                _sbrk_r
 .text.__malloc_lock
                0x0000000020007008        0xc c:/program files/stm32cubeide_1.11.0/stm32cubeide/plugins/com.st.stm32cube.ide.mcu.externaltools.gnu-tools-for-stm32.10.3-2021.10.win32_1.0.100.202210260954/tools/bin/../lib/gcc/arm-none-eabi/10.3.1/../../../../arm-none-eabi/lib/thumb/v7e-m+fp/hard\libc_nano.a(lib_a-mlock.o)
                0x0000000020007008                __malloc_lock
 .text.__malloc_unlock
                0x0000000020007014        0xc c:/program files/stm32cubeide_1.11.0/stm32cubeide/plugins/com.st.stm32cube.ide.mcu.externaltools.gnu-tools-for-stm32.10.3-2021.10.win32_1.0.100.202210260954/tools/bin/../lib/gcc/arm-none-eabi/10.3.1/../../../../arm-none-eabi/lib/thumb/v7e-m+fp/hard\libc_nano.a(lib_a-mlock.o)
                0x0000000020007014                __malloc_unlock
 .text._malloc_usable_size_r
                0x0000000020007020       0x10 c:/program files/stm32cubeide_1.11.0/stm32cubeide/plugins/com.st.stm32cube.ide.mcu.externaltools.gnu-tools-for-stm32.10.3-2021.10.win32_1.0.100.202210260954/tools/bin/../lib/gcc/arm-none-eabi/10.3.1/../../../../arm-none-eabi/lib/thumb/v7e-m+fp/hard\libc_nano.a(lib_a-nano-msizer.o)
                0x0000000020007020                _malloc_usable_size_r
 .text.__retarget_lock_acquire_recursive
                0x0000000020007030        0x2 c:/program files/stm32cubeide_1.11.0/stm32cubeide/plugins/com.st.stm32cube.ide.mcu.externaltools.gnu-tools-for-stm32.10.3-2021.10.win32_1.0.100.202210260954/tools/bin/../lib/gcc/arm-none-eabi/10.3.1/../../../../arm-none-eabi/lib/thumb/v7e-m+fp/hard\libc_nano.a(lib_a-lock.o)
                0x0000000020007030                __retarget_lock_acquire_recursive
 .text.__retarget_lock_release_recursive
                0x0000000020007032        0x2 c:/program files/stm32cubeide_1.11.0/stm32cubeide/plugins/com.st.stm32cube.ide.mcu.externaltools.gnu-tools-for-stm32.10.3-2021.10.win32_1.0.100.202210260954/tools/bin/../lib/gcc/arm-none-eabi/10.3.1/../../../../arm-none-eabi/lib/thumb/v7e-m+fp/hard\libc_nano.a(lib_a-lock.o)
                0x0000000020007032                __retarget_lock_release_recursive
 *(.glue_7)
 .glue_7        0x0000000020007034        0x0 linker stubs
 *(.glue_7t)
 .glue_7t       0x0000000020007034        0x0 linker stubs
 *(.eh_frame)
 .eh_frame      0x0000000020007034        0x0 c:/program files/stm32cubeide_1.11.0/stm32cubeide/plugins/com.st.stm32cube.ide.mcu.externaltools.gnu-tools-for-stm32.10.3-2021.10.win32_1.0.100.202210260954/tools/bin/../lib/gcc/arm-none-eabi/10.3.1/thumb/v7e-m+fp/hard/crtbegin.o
 *(.RamFunc)
 *(.RamFunc*)
 *(.init)
 .init          0x0000000020007034        0x4 c:/program files/stm32cubeide_1.11.0/stm32cubeide/plugins/com.st.stm32cube.ide.mcu.externaltools.gnu-tools-for-stm32.10.3-2021.10.win32_1.0.100.202210260954/tools/bin/../lib/gcc/arm-none-eabi/10.3.1/thumb/v7e-m+fp/hard/crti.o
                0x0000000020007034                _init
 .init          0x0000000020007038        0x8 c:/program files/stm32cubeide_1.11.0/stm32cubeide/plugins/com.st.stm32cube.ide.mcu.externaltools.gnu-tools-for-stm32.10.3-2021.10.win32_1.0.100.202210260954/tools/bin/../lib/gcc/arm-none-eabi/10.3.1/thumb/v7e-m+fp/hard/crtn.o
 *(.fini)
 .fini          0x0000000020007040        0x4 c:/program files/stm32cubeide_1.11.0/stm32cubeide/plugins/com.st.stm32cube.ide.mcu.externaltools.gnu-tools-for-stm32.10.3-2021.10.win32_1.0.100.202210260954/tools/bin/../lib/gcc/arm-none-eabi/10.3.1/thumb/v7e-m+fp/hard/crti.o
                0x0000000020007040                _fini
 .fini          0x0000000020007044        0x8 c:/program files/stm32cubeide_1.11.0/stm32cubeide/plugins/com.st.stm32cube.ide.mcu.externaltools.gnu-tools-for-stm32.10.3-2021.10.win32_1.0.100.202210260954/tools/bin/../lib/gcc/arm-none-eabi/10.3.1/thumb/v7e-m+fp/hard/crtn.o
                0x000000002000704c                . = ALIGN (0x4)
                0x000000002000704c                _etext = .

.vfp11_veneer   0x000000002000704c        0x0
 .vfp11_veneer  0x000000002000704c        0x0 linker stubs

.v4_bx          0x000000002000704c        0x0
 .v4_bx         0x000000002000704c        0x0 linker stubs

.iplt           0x000000002000704c        0x0
 .iplt          0x000000002000704c        0x0 c:/program files/stm32cubeide_1.11.0/stm32cubeide/plugins/com.st.stm32cube.ide.mcu.externaltools.gnu-tools-for-stm32.10.3-2021.10.win32_1.0.100.202210260954/tools/bin/../lib/gcc/arm-none-eabi/10.3.1/thumb/v7e-m+fp/hard/crtbegin.o

.rodata         0x000000002000704c     0xa8a0
                0x000000002000704c                . = ALIGN (0x4)
 *(.rodata)
 .rodata        0x000000002000704c       0x33 ./Core/Ili9341Lib/Ili9341Lib.o
 *fill*         0x000000002000707f        0x1 
 .rodata        0x0000000020007080      0x10d ./Core/Src/GUI.o
 *(.rodata*)
 *fill*         0x000000002000718d        0x3 
 .rodata.image_powerRed
                0x0000000020007190     0x1388 ./Core/Ili9341Lib/ColorImg.o
                0x0000000020007190                image_powerRed
 .rodata.image_powerGreen
                0x0000000020008518     0x1388 ./Core/Ili9341Lib/ColorImg.o
                0x0000000020008518                image_powerGreen
 .rodata.image_Plus
                0x00000000200098a0     0x1388 ./Core/Ili9341Lib/ColorImg.o
                0x00000000200098a0                image_Plus
 .rodata.image_Minus
                0x000000002000ac28     0x14b4 ./Core/Ili9341Lib/ColorImg.o
                0x000000002000ac28                image_Minus
 .rodata.image_Arrow
                0x000000002000c0dc     0x1388 ./Core/Ili9341Lib/ColorImg.o
                0x000000002000c0dc                image_Arrow
 .rodata.image_data_Font24x36_0x20
                0x000000002000d464       0x2c ./Core/Ili9341Lib/FontBig.o
 .rodata.Font24x36_0x20
                0x000000002000d490        0xc ./Core/Ili9341Lib/FontBig.o
 .rodata.image_data_Font24x36_0x21
                0x000000002000d49c       0x58 ./Core/Ili9341Lib/FontBig.o
 .rodata.Font24x36_0x21
                0x000000002000d4f4        0xc ./Core/Ili9341Lib/FontBig.o
 .rodata.image_data_Font24x36_0x22
                0x000000002000d500       0x58 ./Core/Ili9341Lib/FontBig.o
 .rodata.Font24x36_0x22
                0x000000002000d558        0xc ./Core/Ili9341Lib/FontBig.o
 .rodata.image_data_Font24x36_0x23
                0x000000002000d564       0x84 ./Core/Ili9341Lib/FontBig.o
 .rodata.Font24x36_0x23
                0x000000002000d5e8        0xc ./Core/Ili9341Lib/FontBig.o
 .rodata.image_data_Font24x36_0x24
                0x000000002000d5f4       0x84 ./Core/Ili9341Lib/FontBig.o
 .rodata.Font24x36_0x24
                0x000000002000d678        0xc ./Core/Ili9341Lib/FontBig.o
 .rodata.image_data_Font24x36_0x25
                0x000000002000d684       0xb0 ./Core/Ili9341Lib/FontBig.o
 .rodata.Font24x36_0x25
                0x000000002000d734        0xc ./Core/Ili9341Lib/FontBig.o
 .rodata.image_data_Font24x36_0x26
                0x000000002000d740       0xb0 ./Core/Ili9341Lib/FontBig.o
 .rodata.Font24x36_0x26
                0x000000002000d7f0        0xc ./Core/Ili9341Lib/FontBig.o
 .rodata.image_data_Font24x36_0x27
                0x000000002000d7fc       0x2c ./Core/Ili9341Lib/FontBig.o
 .rodata.Font24x36_0x27
                0x000000002000d828        0xc ./Core/Ili9341Lib/FontBig.o
 .rodata.image_data_Font24x36_0x28
                0x000000002000d834       0x58 ./Core/Ili9341Lib/FontBig.o
 .rodata.Font24x36_0x28
                0x000000002000d88c        0xc ./Core/Ili9341Lib/FontBig.o
 .rodata.image_data_Font24x36_0x29
                0x000000002000d898       0x58 ./Core/Ili9341Lib/FontBig.o
 .rodata.Font24x36_0x29
                0x000000002000d8f0        0xc ./Core/Ili9341Lib/FontBig.o
 .rodata.image_data_Font24x36_0x2a
                0x000000002000d8fc       0x84 ./Core/Ili9341Lib/FontBig.o
 .rodata.Font24x36_0x2a
                0x000000002000d980        0xc ./Core/Ili9341Lib/FontBig.o
 .rodata.image_data_Font24x36_0x2b
                0x000000002000d98c       0x84 ./Core/Ili9341Lib/FontBig.o
 .rodata.Font24x36_0x2b
                0x000000002000da10        0xc ./Core/Ili9341Lib/FontBig.o
 .rodata.image_data_Font24x36_0x2c
                0x000000002000da1c       0x58 ./Core/Ili9341Lib/FontBig.o
 .rodata.Font24x36_0x2c
                0x000000002000da74        0xc ./Core/Ili9341Lib/FontBig.o
 .rodata.image_data_Font24x36_0x2d
                0x000000002000da80       0x58 ./Core/Ili9341Lib/FontBig.o
 .rodata.Font24x36_0x2d
                0x000000002000dad8        0xc ./Core/Ili9341Lib/FontBig.o
 .rodata.image_data_Font24x36_0x2e
                0x000000002000dae4       0x58 ./Core/Ili9341Lib/FontBig.o
 .rodata.Font24x36_0x2e
                0x000000002000db3c        0xc ./Core/Ili9341Lib/FontBig.o
 .rodata.image_data_Font24x36_0x2f
                0x000000002000db48       0x58 ./Core/Ili9341Lib/FontBig.o
 .rodata.Font24x36_0x2f
                0x000000002000dba0        0xc ./Core/Ili9341Lib/FontBig.o
 .rodata.image_data_Font24x36_0x30
                0x000000002000dbac       0x84 ./Core/Ili9341Lib/FontBig.o
 .rodata.Font24x36_0x30
                0x000000002000dc30        0xc ./Core/Ili9341Lib/FontBig.o
 .rodata.image_data_Font24x36_0x31
                0x000000002000dc3c       0x84 ./Core/Ili9341Lib/FontBig.o
 .rodata.Font24x36_0x31
                0x000000002000dcc0        0xc ./Core/Ili9341Lib/FontBig.o
 .rodata.image_data_Font24x36_0x32
                0x000000002000dccc       0x84 ./Core/Ili9341Lib/FontBig.o
 .rodata.Font24x36_0x32
                0x000000002000dd50        0xc ./Core/Ili9341Lib/FontBig.o
 .rodata.image_data_Font24x36_0x33
                0x000000002000dd5c       0x84 ./Core/Ili9341Lib/FontBig.o
 .rodata.Font24x36_0x33
                0x000000002000dde0        0xc ./Core/Ili9341Lib/FontBig.o
 .rodata.image_data_Font24x36_0x34
                0x000000002000ddec       0x84 ./Core/Ili9341Lib/FontBig.o
 .rodata.Font24x36_0x34
                0x000000002000de70        0xc ./Core/Ili9341Lib/FontBig.o
 .rodata.image_data_Font24x36_0x35
                0x000000002000de7c       0x84 ./Core/Ili9341Lib/FontBig.o
 .rodata.Font24x36_0x35
                0x000000002000df00        0xc ./Core/Ili9341Lib/FontBig.o
 .rodata.image_data_Font24x36_0x36
                0x000000002000df0c       0x84 ./Core/Ili9341Lib/FontBig.o
 .rodata.Font24x36_0x36
                0x000000002000df90        0xc ./Core/Ili9341Lib/FontBig.o
 .rodata.image_data_Font24x36_0x37
                0x000000002000df9c       0x84 ./Core/Ili9341Lib/FontBig.o
 .rodata.Font24x36_0x37
                0x000000002000e020        0xc ./Core/Ili9341Lib/FontBig.o
 .rodata.image_data_Font24x36_0x38
                0x000000002000e02c       0x84 ./Core/Ili9341Lib/FontBig.o
 .rodata.Font24x36_0x38
                0x000000002000e0b0        0xc ./Core/Ili9341Lib/FontBig.o
 .rodata.image_data_Font24x36_0x39
                0x000000002000e0bc       0x84 ./Core/Ili9341Lib/FontBig.o
 .rodata.Font24x36_0x39
                0x000000002000e140        0xc ./Core/Ili9341Lib/FontBig.o
 .rodata.image_data_Font24x36_0x3a
                0x000000002000e14c       0x58 ./Core/Ili9341Lib/FontBig.o
 .rodata.Font24x36_0x3a
                0x000000002000e1a4        0xc ./Core/Ili9341Lib/FontBig.o
 .rodata.image_data_Font24x36_0x3b
                0x000000002000e1b0       0x58 ./Core/Ili9341Lib/FontBig.o
 .rodata.Font24x36_0x3b
                0x000000002000e208        0xc ./Core/Ili9341Lib/FontBig.o
 .rodata.image_data_Font24x36_0x3c
                0x000000002000e214       0x84 ./Core/Ili9341Lib/FontBig.o
 .rodata.Font24x36_0x3c
                0x000000002000e298        0xc ./Core/Ili9341Lib/FontBig.o
 .rodata.image_data_Font24x36_0x3d
                0x000000002000e2a4       0x84 ./Core/Ili9341Lib/FontBig.o
 .rodata.Font24x36_0x3d
                0x000000002000e328        0xc ./Core/Ili9341Lib/FontBig.o
 .rodata.image_data_Font24x36_0x3e
                0x000000002000e334       0x84 ./Core/Ili9341Lib/FontBig.o
 .rodata.Font24x36_0x3e
                0x000000002000e3b8        0xc ./Core/Ili9341Lib/FontBig.o
 .rodata.image_data_Font24x36_0x3f
                0x000000002000e3c4       0x84 ./Core/Ili9341Lib/FontBig.o
 .rodata.Font24x36_0x3f
                0x000000002000e448        0xc ./Core/Ili9341Lib/FontBig.o
 .rodata.image_data_Font24x36_0x40
                0x000000002000e454       0xb0 ./Core/Ili9341Lib/FontBig.o
 .rodata.Font24x36_0x40
                0x000000002000e504        0xc ./Core/Ili9341Lib/FontBig.o
 .rodata.image_data_Font24x36_0x41
                0x000000002000e510       0x84 ./Core/Ili9341Lib/FontBig.o
 .rodata.Font24x36_0x41
                0x000000002000e594        0xc ./Core/Ili9341Lib/FontBig.o
 .rodata.image_data_Font24x36_0x42
                0x000000002000e5a0       0x84 ./Core/Ili9341Lib/FontBig.o
 .rodata.Font24x36_0x42
                0x000000002000e624        0xc ./Core/Ili9341Lib/FontBig.o
 .rodata.image_data_Font24x36_0x43
                0x000000002000e630       0x84 ./Core/Ili9341Lib/FontBig.o
 .rodata.Font24x36_0x43
                0x000000002000e6b4        0xc ./Core/Ili9341Lib/FontBig.o
 .rodata.image_data_Font24x36_0x44
                0x000000002000e6c0       0x84 ./Core/Ili9341Lib/FontBig.o
 .rodata.Font24x36_0x44
                0x000000002000e744        0xc ./Core/Ili9341Lib/FontBig.o
 .rodata.image_data_Font24x36_0x45
                0x000000002000e750       0x84 ./Core/Ili9341Lib/FontBig.o
 .rodata.Font24x36_0x45
                0x000000002000e7d4        0xc ./Core/Ili9341Lib/FontBig.o
 .rodata.image_data_Font24x36_0x46
                0x000000002000e7e0       0x84 ./Core/Ili9341Lib/FontBig.o
 .rodata.Font24x36_0x46
                0x000000002000e864        0xc ./Core/Ili9341Lib/FontBig.o
 .rodata.image_data_Font24x36_0x47
                0x000000002000e870       0x84 ./Core/Ili9341Lib/FontBig.o
 .rodata.Font24x36_0x47
                0x000000002000e8f4        0xc ./Core/Ili9341Lib/FontBig.o
 .rodata.image_data_Font24x36_0x48
                0x000000002000e900       0x84 ./Core/Ili9341Lib/FontBig.o
 .rodata.Font24x36_0x48
                0x000000002000e984        0xc ./Core/Ili9341Lib/FontBig.o
 .rodata.image_data_Font24x36_0x49
                0x000000002000e990       0x58 ./Core/Ili9341Lib/FontBig.o
 .rodata.Font24x36_0x49
                0x000000002000e9e8        0xc ./Core/Ili9341Lib/FontBig.o
 .rodata.image_data_Font24x36_0x4a
                0x000000002000e9f4       0x58 ./Core/Ili9341Lib/FontBig.o
 .rodata.Font24x36_0x4a
                0x000000002000ea4c        0xc ./Core/Ili9341Lib/FontBig.o
 .rodata.image_data_Font24x36_0x4b
                0x000000002000ea58       0x84 ./Core/Ili9341Lib/FontBig.o
 .rodata.Font24x36_0x4b
                0x000000002000eadc        0xc ./Core/Ili9341Lib/FontBig.o
 .rodata.image_data_Font24x36_0x4c
                0x000000002000eae8       0x58 ./Core/Ili9341Lib/FontBig.o
 .rodata.Font24x36_0x4c
                0x000000002000eb40        0xc ./Core/Ili9341Lib/FontBig.o
 .rodata.image_data_Font24x36_0x4d
                0x000000002000eb4c       0xb0 ./Core/Ili9341Lib/FontBig.o
 .rodata.Font24x36_0x4d
                0x000000002000ebfc        0xc ./Core/Ili9341Lib/FontBig.o
 .rodata.image_data_Font24x36_0x4e
                0x000000002000ec08       0x84 ./Core/Ili9341Lib/FontBig.o
 .rodata.Font24x36_0x4e
                0x000000002000ec8c        0xc ./Core/Ili9341Lib/FontBig.o
 .rodata.image_data_Font24x36_0x4f
                0x000000002000ec98       0x84 ./Core/Ili9341Lib/FontBig.o
 .rodata.Font24x36_0x4f
                0x000000002000ed1c        0xc ./Core/Ili9341Lib/FontBig.o
 .rodata.image_data_Font24x36_0x50
                0x000000002000ed28       0x84 ./Core/Ili9341Lib/FontBig.o
 .rodata.Font24x36_0x50
                0x000000002000edac        0xc ./Core/Ili9341Lib/FontBig.o
 .rodata.image_data_Font24x36_0x51
                0x000000002000edb8       0xb0 ./Core/Ili9341Lib/FontBig.o
 .rodata.Font24x36_0x51
                0x000000002000ee68        0xc ./Core/Ili9341Lib/FontBig.o
 .rodata.image_data_Font24x36_0x52
                0x000000002000ee74       0x84 ./Core/Ili9341Lib/FontBig.o
 .rodata.Font24x36_0x52
                0x000000002000eef8        0xc ./Core/Ili9341Lib/FontBig.o
 .rodata.image_data_Font24x36_0x53
                0x000000002000ef04       0x84 ./Core/Ili9341Lib/FontBig.o
 .rodata.Font24x36_0x53
                0x000000002000ef88        0xc ./Core/Ili9341Lib/FontBig.o
 .rodata.image_data_Font24x36_0x54
                0x000000002000ef94       0x84 ./Core/Ili9341Lib/FontBig.o
 .rodata.Font24x36_0x54
                0x000000002000f018        0xc ./Core/Ili9341Lib/FontBig.o
 .rodata.image_data_Font24x36_0x55
                0x000000002000f024       0x84 ./Core/Ili9341Lib/FontBig.o
 .rodata.Font24x36_0x55
                0x000000002000f0a8        0xc ./Core/Ili9341Lib/FontBig.o
 .rodata.image_data_Font24x36_0x56
                0x000000002000f0b4       0x84 ./Core/Ili9341Lib/FontBig.o
 .rodata.Font24x36_0x56
                0x000000002000f138        0xc ./Core/Ili9341Lib/FontBig.o
 .rodata.image_data_Font24x36_0x57
                0x000000002000f144       0xdc ./Core/Ili9341Lib/FontBig.o
 .rodata.Font24x36_0x57
                0x000000002000f220        0xc ./Core/Ili9341Lib/FontBig.o
 .rodata.image_data_Font24x36_0x58
                0x000000002000f22c       0x84 ./Core/Ili9341Lib/FontBig.o
 .rodata.Font24x36_0x58
                0x000000002000f2b0        0xc ./Core/Ili9341Lib/FontBig.o
 .rodata.image_data_Font24x36_0x59
                0x000000002000f2bc       0x84 ./Core/Ili9341Lib/FontBig.o
 .rodata.Font24x36_0x59
                0x000000002000f340        0xc ./Core/Ili9341Lib/FontBig.o
 .rodata.image_data_Font24x36_0x5a
                0x000000002000f34c       0x84 ./Core/Ili9341Lib/FontBig.o
 .rodata.Font24x36_0x5a
                0x000000002000f3d0        0xc ./Core/Ili9341Lib/FontBig.o
 .rodata.image_data_Font24x36_0x5b
                0x000000002000f3dc       0x58 ./Core/Ili9341Lib/FontBig.o
 .rodata.Font24x36_0x5b
                0x000000002000f434        0xc ./Core/Ili9341Lib/FontBig.o
 .rodata.image_data_Font24x36_0x5c
                0x000000002000f440       0x58 ./Core/Ili9341Lib/FontBig.o
 .rodata.Font24x36_0x5c
                0x000000002000f498        0xc ./Core/Ili9341Lib/FontBig.o
 .rodata.image_data_Font24x36_0x5d
                0x000000002000f4a4       0x58 ./Core/Ili9341Lib/FontBig.o
 .rodata.Font24x36_0x5d
                0x000000002000f4fc        0xc ./Core/Ili9341Lib/FontBig.o
 .rodata.image_data_Font24x36_0x5e
                0x000000002000f508       0x84 ./Core/Ili9341Lib/FontBig.o
 .rodata.Font24x36_0x5e
                0x000000002000f58c        0xc ./Core/Ili9341Lib/FontBig.o
 .rodata.image_data_Font24x36_0x5f
                0x000000002000f598       0x84 ./Core/Ili9341Lib/FontBig.o
 .rodata.Font24x36_0x5f
                0x000000002000f61c        0xc ./Core/Ili9341Lib/FontBig.o
 .rodata.image_data_Font24x36_0x60
                0x000000002000f628       0x58 ./Core/Ili9341Lib/FontBig.o
 .rodata.Font24x36_0x60
                0x000000002000f680        0xc ./Core/Ili9341Lib/FontBig.o
 .rodata.image_data_Font24x36_0x61
                0x000000002000f68c       0x84 ./Core/Ili9341Lib/FontBig.o
 .rodata.Font24x36_0x61
                0x000000002000f710        0xc ./Core/Ili9341Lib/FontBig.o
 .rodata.image_data_Font24x36_0x62
                0x000000002000f71c       0x84 ./Core/Ili9341Lib/FontBig.o
 .rodata.Font24x36_0x62
                0x000000002000f7a0        0xc ./Core/Ili9341Lib/FontBig.o
 .rodata.image_data_Font24x36_0x63
                0x000000002000f7ac       0x58 ./Core/Ili9341Lib/FontBig.o
 .rodata.Font24x36_0x63
                0x000000002000f804        0xc ./Core/Ili9341Lib/FontBig.o
 .rodata.image_data_Font24x36_0x64
                0x000000002000f810       0x84 ./Core/Ili9341Lib/FontBig.o
 .rodata.Font24x36_0x64
                0x000000002000f894        0xc ./Core/Ili9341Lib/FontBig.o
 .rodata.image_data_Font24x36_0x65
                0x000000002000f8a0       0x84 ./Core/Ili9341Lib/FontBig.o
 .rodata.Font24x36_0x65
                0x000000002000f924        0xc ./Core/Ili9341Lib/FontBig.o
 .rodata.image_data_Font24x36_0x66
                0x000000002000f930       0x58 ./Core/Ili9341Lib/FontBig.o
 .rodata.Font24x36_0x66
                0x000000002000f988        0xc ./Core/Ili9341Lib/FontBig.o
 .rodata.image_data_Font24x36_0x67
                0x000000002000f994       0x84 ./Core/Ili9341Lib/FontBig.o
 .rodata.Font24x36_0x67
                0x000000002000fa18        0xc ./Core/Ili9341Lib/FontBig.o
 .rodata.image_data_Font24x36_0x68
                0x000000002000fa24       0x84 ./Core/Ili9341Lib/FontBig.o
 .rodata.Font24x36_0x68
                0x000000002000faa8        0xc ./Core/Ili9341Lib/FontBig.o
 .rodata.image_data_Font24x36_0x69
                0x000000002000fab4       0x58 ./Core/Ili9341Lib/FontBig.o
 .rodata.Font24x36_0x69
                0x000000002000fb0c        0xc ./Core/Ili9341Lib/FontBig.o
 .rodata.image_data_Font24x36_0x6a
                0x000000002000fb18       0x58 ./Core/Ili9341Lib/FontBig.o
 .rodata.Font24x36_0x6a
                0x000000002000fb70        0xc ./Core/Ili9341Lib/FontBig.o
 .rodata.image_data_Font24x36_0x6b
                0x000000002000fb7c       0x84 ./Core/Ili9341Lib/FontBig.o
 .rodata.Font24x36_0x6b
                0x000000002000fc00        0xc ./Core/Ili9341Lib/FontBig.o
 .rodata.image_data_Font24x36_0x6c
                0x000000002000fc0c       0x58 ./Core/Ili9341Lib/FontBig.o
 .rodata.Font24x36_0x6c
                0x000000002000fc64        0xc ./Core/Ili9341Lib/FontBig.o
 .rodata.image_data_Font24x36_0x6d
                0x000000002000fc70       0xb0 ./Core/Ili9341Lib/FontBig.o
 .rodata.Font24x36_0x6d
                0x000000002000fd20        0xc ./Core/Ili9341Lib/FontBig.o
 .rodata.image_data_Font24x36_0x6e
                0x000000002000fd2c       0x84 ./Core/Ili9341Lib/FontBig.o
 .rodata.Font24x36_0x6e
                0x000000002000fdb0        0xc ./Core/Ili9341Lib/FontBig.o
 .rodata.image_data_Font24x36_0x6f
                0x000000002000fdbc       0x84 ./Core/Ili9341Lib/FontBig.o
 .rodata.Font24x36_0x6f
                0x000000002000fe40        0xc ./Core/Ili9341Lib/FontBig.o
 .rodata.image_data_Font24x36_0x70
                0x000000002000fe4c       0x84 ./Core/Ili9341Lib/FontBig.o
 .rodata.Font24x36_0x70
                0x000000002000fed0        0xc ./Core/Ili9341Lib/FontBig.o
 .rodata.image_data_Font24x36_0x71
                0x000000002000fedc       0x84 ./Core/Ili9341Lib/FontBig.o
 .rodata.Font24x36_0x71
                0x000000002000ff60        0xc ./Core/Ili9341Lib/FontBig.o
 .rodata.image_data_Font24x36_0x72
                0x000000002000ff6c       0x58 ./Core/Ili9341Lib/FontBig.o
 .rodata.Font24x36_0x72
                0x000000002000ffc4        0xc ./Core/Ili9341Lib/FontBig.o
 .rodata.image_data_Font24x36_0x73
                0x000000002000ffd0       0x58 ./Core/Ili9341Lib/FontBig.o
 .rodata.Font24x36_0x73
                0x0000000020010028        0xc ./Core/Ili9341Lib/FontBig.o
 .rodata.image_data_Font24x36_0x74
                0x0000000020010034       0x58 ./Core/Ili9341Lib/FontBig.o
 .rodata.Font24x36_0x74
                0x000000002001008c        0xc ./Core/Ili9341Lib/FontBig.o
 .rodata.image_data_Font24x36_0x75
                0x0000000020010098       0x84 ./Core/Ili9341Lib/FontBig.o
 .rodata.Font24x36_0x75
                0x000000002001011c        0xc ./Core/Ili9341Lib/FontBig.o
 .rodata.image_data_Font24x36_0x76
                0x0000000020010128       0x84 ./Core/Ili9341Lib/FontBig.o
 .rodata.Font24x36_0x76
                0x00000000200101ac        0xc ./Core/Ili9341Lib/FontBig.o
 .rodata.image_data_Font24x36_0x77
                0x00000000200101b8       0xb0 ./Core/Ili9341Lib/FontBig.o
 .rodata.Font24x36_0x77
                0x0000000020010268        0xc ./Core/Ili9341Lib/FontBig.o
 .rodata.image_data_Font24x36_0x78
                0x0000000020010274       0x84 ./Core/Ili9341Lib/FontBig.o
 .rodata.Font24x36_0x78
                0x00000000200102f8        0xc ./Core/Ili9341Lib/FontBig.o
 .rodata.image_data_Font24x36_0x79
                0x0000000020010304       0x84 ./Core/Ili9341Lib/FontBig.o
 .rodata.Font24x36_0x79
                0x0000000020010388        0xc ./Core/Ili9341Lib/FontBig.o
 .rodata.image_data_Font24x36_0x7a
                0x0000000020010394       0x58 ./Core/Ili9341Lib/FontBig.o
 .rodata.Font24x36_0x7a
                0x00000000200103ec        0xc ./Core/Ili9341Lib/FontBig.o
 .rodata.image_data_Font24x36_0x7b
                0x00000000200103f8       0x58 ./Core/Ili9341Lib/FontBig.o
 .rodata.Font24x36_0x7b
                0x0000000020010450        0xc ./Core/Ili9341Lib/FontBig.o
 .rodata.image_data_Font24x36_0x7c
                0x000000002001045c       0x84 ./Core/Ili9341Lib/FontBig.o
 .rodata.Font24x36_0x7c
                0x00000000200104e0        0xc ./Core/Ili9341Lib/FontBig.o
 .rodata.image_data_Font24x36_0x7d
                0x00000000200104ec       0x58 ./Core/Ili9341Lib/FontBig.o
 .rodata.Font24x36_0x7d
                0x0000000020010544        0xc ./Core/Ili9341Lib/FontBig.o
 .rodata.image_data_Font24x36_0x7e
                0x0000000020010550       0xb0 ./Core/Ili9341Lib/FontBig.o
 .rodata.Font24x36_0x7e
                0x0000000020010600        0xc ./Core/Ili9341Lib/FontBig.o
 .rodata.image_data_Font24x36_0xe2889e
                0x000000002001060c       0xb0 ./Core/Ili9341Lib/FontBig.o
 .rodata.Font24x36_0xe2889e
                0x00000000200106bc        0xc ./Core/Ili9341Lib/FontBig.o
 .rodata.Font24x36_array
                0x00000000200106c8      0x300 ./Core/Ili9341Lib/FontBig.o
                0x00000000200106c8                Font24x36_array
 .rodata.Font11x18
                0x00000000200109c8      0xd5c ./Core/Ili9341Lib/FontLitll.o
 .rodata.cmd_read_y.5
                0x0000000020011724        0x1 ./Core/Ili9341Lib/Ili9341LibTouch.o
 *fill*         0x0000000020011725        0x3 
 .rodata.zeroes_tx.4
                0x0000000020011728        0x2 ./Core/Ili9341Lib/Ili9341LibTouch.o
 *fill*         0x000000002001172a        0x2 
 .rodata.cmd_read_x.3
                0x000000002001172c        0x1 ./Core/Ili9341Lib/Ili9341LibTouch.o
 *fill*         0x000000002001172d        0x3 
 .rodata.cmd_read_y.2
                0x0000000020011730        0x1 ./Core/Ili9341Lib/Ili9341LibTouch.o
 *fill*         0x0000000020011731        0x3 
 .rodata.zeroes_tx.1
                0x0000000020011734        0x2 ./Core/Ili9341Lib/Ili9341LibTouch.o
 *fill*         0x0000000020011736        0x2 
 .rodata.cmd_read_x.0
                0x0000000020011738        0x1 ./Core/Ili9341Lib/Ili9341LibTouch.o
 *fill*         0x0000000020011739        0x3 
 .rodata.image_data_tranzistor
                0x000000002001173c      0x15e ./Core/Ili9341Lib/monochromImg.o
 *fill*         0x000000002001189a        0x2 
 .rodata.tranzistor
                0x000000002001189c        0xc ./Core/Ili9341Lib/monochromImg.o
                0x000000002001189c                tranzistor
 .rodata.AHBPrescTable
                0x00000000200118a8       0x10 ./Core/Src/system_stm32f4xx.o
                0x00000000200118a8                AHBPrescTable
 .rodata._svfprintf_r.str1.1
                0x00000000200118b8       0x11 c:/program files/stm32cubeide_1.11.0/stm32cubeide/plugins/com.st.stm32cube.ide.mcu.externaltools.gnu-tools-for-stm32.10.3-2021.10.win32_1.0.100.202210260954/tools/bin/../lib/gcc/arm-none-eabi/10.3.1/../../../../arm-none-eabi/lib/thumb/v7e-m+fp/hard\libc_nano.a(lib_a-nano-svfprintf.o)
 .rodata._printf_i.str1.1
                0x00000000200118c9       0x22 c:/program files/stm32cubeide_1.11.0/stm32cubeide/plugins/com.st.stm32cube.ide.mcu.externaltools.gnu-tools-for-stm32.10.3-2021.10.win32_1.0.100.202210260954/tools/bin/../lib/gcc/arm-none-eabi/10.3.1/../../../../arm-none-eabi/lib/thumb/v7e-m+fp/hard\libc_nano.a(lib_a-nano-vfprintf_i.o)
                0x00000000200118ec                . = ALIGN (0x4)
 *fill*         0x00000000200118eb        0x1 

.ARM.extab      0x00000000200118ec        0x0
                0x00000000200118ec                . = ALIGN (0x4)
 *(.ARM.extab* .gnu.linkonce.armextab.*)
                0x00000000200118ec                . = ALIGN (0x4)

.ARM            0x00000000200118ec        0x8
                0x00000000200118ec                . = ALIGN (0x4)
                0x00000000200118ec                __exidx_start = .
 *(.ARM.exidx*)
 .ARM.exidx     0x00000000200118ec        0x8 c:/program files/stm32cubeide_1.11.0/stm32cubeide/plugins/com.st.stm32cube.ide.mcu.externaltools.gnu-tools-for-stm32.10.3-2021.10.win32_1.0.100.202210260954/tools/bin/../lib/gcc/arm-none-eabi/10.3.1/thumb/v7e-m+fp/hard\libgcc.a(_udivmoddi4.o)
                0x00000000200118f4                __exidx_end = .
                0x00000000200118f4                . = ALIGN (0x4)

.rel.dyn        0x00000000200118f4        0x0
 .rel.iplt      0x00000000200118f4        0x0 c:/program files/stm32cubeide_1.11.0/stm32cubeide/plugins/com.st.stm32cube.ide.mcu.externaltools.gnu-tools-for-stm32.10.3-2021.10.win32_1.0.100.202210260954/tools/bin/../lib/gcc/arm-none-eabi/10.3.1/thumb/v7e-m+fp/hard/crtbegin.o

.preinit_array  0x00000000200118f4        0x0
                0x00000000200118f4                . = ALIGN (0x4)
                0x00000000200118f4                PROVIDE (__preinit_array_start = .)
 *(.preinit_array*)
                0x00000000200118f4                PROVIDE (__preinit_array_end = .)
                0x00000000200118f4                . = ALIGN (0x4)

.init_array     0x00000000200118f4        0x4
                0x00000000200118f4                . = ALIGN (0x4)
                0x00000000200118f4                PROVIDE (__init_array_start = .)
 *(SORT_BY_NAME(.init_array.*))
 *(.init_array*)
 .init_array    0x00000000200118f4        0x4 c:/program files/stm32cubeide_1.11.0/stm32cubeide/plugins/com.st.stm32cube.ide.mcu.externaltools.gnu-tools-for-stm32.10.3-2021.10.win32_1.0.100.202210260954/tools/bin/../lib/gcc/arm-none-eabi/10.3.1/thumb/v7e-m+fp/hard/crtbegin.o
                0x00000000200118f8                PROVIDE (__init_array_end = .)
                0x00000000200118f8                . = ALIGN (0x4)

.fini_array     0x00000000200118f8        0x4
                0x00000000200118f8                . = ALIGN (0x4)
                [!provide]                        PROVIDE (__fini_array_start = .)
 *(SORT_BY_NAME(.fini_array.*))
 *(.fini_array*)
 .fini_array    0x00000000200118f8        0x4 c:/program files/stm32cubeide_1.11.0/stm32cubeide/plugins/com.st.stm32cube.ide.mcu.externaltools.gnu-tools-for-stm32.10.3-2021.10.win32_1.0.100.202210260954/tools/bin/../lib/gcc/arm-none-eabi/10.3.1/thumb/v7e-m+fp/hard/crtbegin.o
                [!provide]                        PROVIDE (__fini_array_end = .)
                0x00000000200118fc                . = ALIGN (0x4)
                0x00000000200118fc                _sidata = LOADADDR (.data)

.data           0x00000000200118fc       0xa0
                0x00000000200118fc                . = ALIGN (0x4)
                0x00000000200118fc                _sdata = .
 *(.data)
 *(.data*)
 .data.Font_11x18
                0x00000000200118fc        0x8 ./Core/Ili9341Lib/FontLitll.o
                0x00000000200118fc                Font_11x18
 .data.unitTXT  0x0000000020011904        0xc ./Core/Src/GUI.o
                0x0000000020011904                unitTXT
 .data.countSpeed
                0x0000000020011910        0x2 ./Core/Src/GUI.o
                0x0000000020011910                countSpeed
 *fill*         0x0000000020011912        0x2 
 .data.countPWM
                0x0000000020011914        0x4 ./Core/Src/main.o
                0x0000000020011914                countPWM
 .data.SystemCoreClock
                0x0000000020011918        0x4 ./Core/Src/system_stm32f4xx.o
                0x0000000020011918                SystemCoreClock
 .data.ParamDevice
                0x000000002001191c        0xe ./Core/Src/work.o
                0x000000002001191c                ParamDevice
 *fill*         0x000000002001192a        0x2 
 .data.memADR   0x000000002001192c        0x4 ./Core/Src/work.o
                0x000000002001192c                memADR
 .data.uwTickPrio
                0x0000000020011930        0x4 ./Drivers/STM32F4xx_HAL_Driver/Src/stm32f4xx_hal.o
                0x0000000020011930                uwTickPrio
 .data.uwTickFreq
                0x0000000020011934        0x1 ./Drivers/STM32F4xx_HAL_Driver/Src/stm32f4xx_hal.o
                0x0000000020011934                uwTickFreq
 *fill*         0x0000000020011935        0x3 
 .data._impure_ptr
                0x0000000020011938        0x4 c:/program files/stm32cubeide_1.11.0/stm32cubeide/plugins/com.st.stm32cube.ide.mcu.externaltools.gnu-tools-for-stm32.10.3-2021.10.win32_1.0.100.202210260954/tools/bin/../lib/gcc/arm-none-eabi/10.3.1/../../../../arm-none-eabi/lib/thumb/v7e-m+fp/hard\libc_nano.a(lib_a-impure.o)
                0x0000000020011938                _impure_ptr
 .data.impure_data
                0x000000002001193c       0x60 c:/program files/stm32cubeide_1.11.0/stm32cubeide/plugins/com.st.stm32cube.ide.mcu.externaltools.gnu-tools-for-stm32.10.3-2021.10.win32_1.0.100.202210260954/tools/bin/../lib/gcc/arm-none-eabi/10.3.1/../../../../arm-none-eabi/lib/thumb/v7e-m+fp/hard\libc_nano.a(lib_a-impure.o)
                0x000000002001199c                . = ALIGN (0x4)
                0x000000002001199c                _edata = .

.igot.plt       0x000000002001199c        0x0
 .igot.plt      0x000000002001199c        0x0 c:/program files/stm32cubeide_1.11.0/stm32cubeide/plugins/com.st.stm32cube.ide.mcu.externaltools.gnu-tools-for-stm32.10.3-2021.10.win32_1.0.100.202210260954/tools/bin/../lib/gcc/arm-none-eabi/10.3.1/thumb/v7e-m+fp/hard/crtbegin.o
                0x000000002001199c                . = ALIGN (0x4)

.bss            0x000000002001199c      0x19c
                0x000000002001199c                _sbss = .
                0x000000002001199c                __bss_start__ = _sbss
 *(.bss)
 .bss           0x000000002001199c       0x1c c:/program files/stm32cubeide_1.11.0/stm32cubeide/plugins/com.st.stm32cube.ide.mcu.externaltools.gnu-tools-for-stm32.10.3-2021.10.win32_1.0.100.202210260954/tools/bin/../lib/gcc/arm-none-eabi/10.3.1/thumb/v7e-m+fp/hard/crtbegin.o
 *(.bss*)
 .bss.minRawX   0x00000000200119b8        0x4 ./Core/Ili9341Lib/Ili9341LibTouch.o
                0x00000000200119b8                minRawX
 .bss.maxRawX   0x00000000200119bc        0x4 ./Core/Ili9341Lib/Ili9341LibTouch.o
                0x00000000200119bc                maxRawX
 .bss.minRawY   0x00000000200119c0        0x4 ./Core/Ili9341Lib/Ili9341LibTouch.o
                0x00000000200119c0                minRawY
 .bss.maxRawY   0x00000000200119c4        0x4 ./Core/Ili9341Lib/Ili9341LibTouch.o
                0x00000000200119c4                maxRawY
 .bss.minX      0x00000000200119c8        0x4 ./Core/Ili9341Lib/Ili9341LibTouch.o
                0x00000000200119c8                minX
 .bss.maxX      0x00000000200119cc        0x4 ./Core/Ili9341Lib/Ili9341LibTouch.o
                0x00000000200119cc                maxX
 .bss.minY      0x00000000200119d0        0x4 ./Core/Ili9341Lib/Ili9341LibTouch.o
                0x00000000200119d0                minY
 .bss.maxY      0x00000000200119d4        0x4 ./Core/Ili9341Lib/Ili9341LibTouch.o
                0x00000000200119d4                maxY
 .bss.bufSpi    0x00000000200119d8       0x14 ./Core/Src/GUI.o
                0x00000000200119d8                bufSpi
 .bss.x         0x00000000200119ec        0x2 ./Core/Src/GUI.o
                0x00000000200119ec                x
 .bss.y         0x00000000200119ee        0x2 ./Core/Src/GUI.o
                0x00000000200119ee                y
 .bss.timBigArea
                0x00000000200119f0        0x4 ./Core/Src/GUI.o
                0x00000000200119f0                timBigArea
 .bss.timButtonPress
                0x00000000200119f4        0x4 ./Core/Src/GUI.o
                0x00000000200119f4                timButtonPress
 .bss.timHoldButtonPress
                0x00000000200119f8        0x4 ./Core/Src/GUI.o
                0x00000000200119f8                timHoldButtonPress
 .bss.hspi1     0x00000000200119fc       0x58 ./Core/Src/main.o
                0x00000000200119fc                hspi1
 .bss.hspi2     0x0000000020011a54       0x58 ./Core/Src/main.o
                0x0000000020011a54                hspi2
 .bss.htim5     0x0000000020011aac       0x48 ./Core/Src/main.o
                0x0000000020011aac                htim5
 .bss.globalFlag
                0x0000000020011af4        0x4 ./Core/Src/saportAndData.o
                0x0000000020011af4                globalFlag
 .bss.timBuzzer
                0x0000000020011af8        0x4 ./Core/Src/saportAndData.o
                0x0000000020011af8                timBuzzer
 .bss.__sbrk_heap_end
                0x0000000020011afc        0x4 ./Core/Src/sysmem.o
 .bss.timToDisplay
                0x0000000020011b00        0x4 ./Core/Src/work.o
                0x0000000020011b00                timToDisplay
 .bss.uwTick    0x0000000020011b04        0x4 ./Drivers/STM32F4xx_HAL_Driver/Src/stm32f4xx_hal.o
                0x0000000020011b04                uwTick
 .bss.pFlash    0x0000000020011b08       0x20 ./Drivers/STM32F4xx_HAL_Driver/Src/stm32f4xx_hal_flash.o
                0x0000000020011b08                pFlash
 .bss.__malloc_free_list
                0x0000000020011b28        0x4 c:/program files/stm32cubeide_1.11.0/stm32cubeide/plugins/com.st.stm32cube.ide.mcu.externaltools.gnu-tools-for-stm32.10.3-2021.10.win32_1.0.100.202210260954/tools/bin/../lib/gcc/arm-none-eabi/10.3.1/../../../../arm-none-eabi/lib/thumb/v7e-m+fp/hard\libc_nano.a(lib_a-nano-mallocr.o)
                0x0000000020011b28                __malloc_free_list
 .bss.__malloc_sbrk_start
                0x0000000020011b2c        0x4 c:/program files/stm32cubeide_1.11.0/stm32cubeide/plugins/com.st.stm32cube.ide.mcu.externaltools.gnu-tools-for-stm32.10.3-2021.10.win32_1.0.100.202210260954/tools/bin/../lib/gcc/arm-none-eabi/10.3.1/../../../../arm-none-eabi/lib/thumb/v7e-m+fp/hard\libc_nano.a(lib_a-nano-mallocr.o)
                0x0000000020011b2c                __malloc_sbrk_start
 .bss.errno     0x0000000020011b30        0x4 c:/program files/stm32cubeide_1.11.0/stm32cubeide/plugins/com.st.stm32cube.ide.mcu.externaltools.gnu-tools-for-stm32.10.3-2021.10.win32_1.0.100.202210260954/tools/bin/../lib/gcc/arm-none-eabi/10.3.1/../../../../arm-none-eabi/lib/thumb/v7e-m+fp/hard\libc_nano.a(lib_a-reent.o)
                0x0000000020011b30                errno
 .bss.__lock___malloc_recursive_mutex
                0x0000000020011b34        0x1 c:/program files/stm32cubeide_1.11.0/stm32cubeide/plugins/com.st.stm32cube.ide.mcu.externaltools.gnu-tools-for-stm32.10.3-2021.10.win32_1.0.100.202210260954/tools/bin/../lib/gcc/arm-none-eabi/10.3.1/../../../../arm-none-eabi/lib/thumb/v7e-m+fp/hard\libc_nano.a(lib_a-lock.o)
                0x0000000020011b34                __lock___malloc_recursive_mutex
 *(COMMON)
                0x0000000020011b38                . = ALIGN (0x4)
 *fill*         0x0000000020011b35        0x3 
                0x0000000020011b38                _ebss = .
                0x0000000020011b38                __bss_end__ = _ebss

._user_heap_stack
                0x0000000020011b38      0x600
                0x0000000020011b38                . = ALIGN (0x8)
                [!provide]                        PROVIDE (end = .)
                0x0000000020011b38                PROVIDE (_end = .)
                0x0000000020011d38                . = (. + _Min_Heap_Size)
 *fill*         0x0000000020011b38      0x200 
                0x0000000020012138                . = (. + _Min_Stack_Size)
 *fill*         0x0000000020011d38      0x400 
                0x0000000020012138                . = ALIGN (0x8)

/DISCARD/
 libc.a(*)
 libm.a(*)
 libgcc.a(*)

.ARM.attributes
                0x0000000000000000       0x30
 *(.ARM.attributes)
 .ARM.attributes
                0x0000000000000000       0x1e c:/program files/stm32cubeide_1.11.0/stm32cubeide/plugins/com.st.stm32cube.ide.mcu.externaltools.gnu-tools-for-stm32.10.3-2021.10.win32_1.0.100.202210260954/tools/bin/../lib/gcc/arm-none-eabi/10.3.1/thumb/v7e-m+fp/hard/crti.o
 .ARM.attributes
                0x000000000000001e       0x34 c:/program files/stm32cubeide_1.11.0/stm32cubeide/plugins/com.st.stm32cube.ide.mcu.externaltools.gnu-tools-for-stm32.10.3-2021.10.win32_1.0.100.202210260954/tools/bin/../lib/gcc/arm-none-eabi/10.3.1/thumb/v7e-m+fp/hard/crtbegin.o
 .ARM.attributes
                0x0000000000000052       0x34 ./Core/Ili9341Lib/ColorImg.o
 .ARM.attributes
                0x0000000000000086       0x34 ./Core/Ili9341Lib/FontBig.o
 .ARM.attributes
                0x00000000000000ba       0x34 ./Core/Ili9341Lib/FontLitll.o
 .ARM.attributes
                0x00000000000000ee       0x34 ./Core/Ili9341Lib/Ili9341Lib.o
 .ARM.attributes
                0x0000000000000122       0x34 ./Core/Ili9341Lib/Ili9341LibTouch.o
 .ARM.attributes
                0x0000000000000156       0x34 ./Core/Ili9341Lib/monochromImg.o
 .ARM.attributes
                0x000000000000018a       0x34 ./Core/Src/GUI.o
 .ARM.attributes
                0x00000000000001be       0x34 ./Core/Src/main.o
 .ARM.attributes
                0x00000000000001f2       0x34 ./Core/Src/saportAndData.o
 .ARM.attributes
                0x0000000000000226       0x34 ./Core/Src/stm32f4xx_hal_msp.o
 .ARM.attributes
                0x000000000000025a       0x34 ./Core/Src/stm32f4xx_it.o
 .ARM.attributes
                0x000000000000028e       0x34 ./Core/Src/sysmem.o
 .ARM.attributes
                0x00000000000002c2       0x34 ./Core/Src/system_stm32f4xx.o
 .ARM.attributes
                0x00000000000002f6       0x34 ./Core/Src/work.o
 .ARM.attributes
                0x000000000000032a       0x21 ./Core/Startup/startup_stm32f411ceux.o
 .ARM.attributes
                0x000000000000034b       0x34 ./Drivers/STM32F4xx_HAL_Driver/Src/stm32f4xx_hal.o
 .ARM.attributes
                0x000000000000037f       0x34 ./Drivers/STM32F4xx_HAL_Driver/Src/stm32f4xx_hal_cortex.o
 .ARM.attributes
                0x00000000000003b3       0x34 ./Drivers/STM32F4xx_HAL_Driver/Src/stm32f4xx_hal_flash.o
 .ARM.attributes
                0x00000000000003e7       0x34 ./Drivers/STM32F4xx_HAL_Driver/Src/stm32f4xx_hal_gpio.o
 .ARM.attributes
                0x000000000000041b       0x34 ./Drivers/STM32F4xx_HAL_Driver/Src/stm32f4xx_hal_rcc.o
 .ARM.attributes
                0x000000000000044f       0x34 ./Drivers/STM32F4xx_HAL_Driver/Src/stm32f4xx_hal_spi.o
 .ARM.attributes
                0x0000000000000483       0x34 ./Drivers/STM32F4xx_HAL_Driver/Src/stm32f4xx_hal_tim.o
 .ARM.attributes
                0x00000000000004b7       0x34 ./Drivers/STM32F4xx_HAL_Driver/Src/stm32f4xx_hal_tim_ex.o
 .ARM.attributes
                0x00000000000004eb       0x34 c:/program files/stm32cubeide_1.11.0/stm32cubeide/plugins/com.st.stm32cube.ide.mcu.externaltools.gnu-tools-for-stm32.10.3-2021.10.win32_1.0.100.202210260954/tools/bin/../lib/gcc/arm-none-eabi/10.3.1/../../../../arm-none-eabi/lib/thumb/v7e-m+fp/hard\libc_nano.a(lib_a-errno.o)
 .ARM.attributes
                0x000000000000051f       0x34 c:/program files/stm32cubeide_1.11.0/stm32cubeide/plugins/com.st.stm32cube.ide.mcu.externaltools.gnu-tools-for-stm32.10.3-2021.10.win32_1.0.100.202210260954/tools/bin/../lib/gcc/arm-none-eabi/10.3.1/../../../../arm-none-eabi/lib/thumb/v7e-m+fp/hard\libc_nano.a(lib_a-impure.o)
 .ARM.attributes
                0x0000000000000553       0x34 c:/program files/stm32cubeide_1.11.0/stm32cubeide/plugins/com.st.stm32cube.ide.mcu.externaltools.gnu-tools-for-stm32.10.3-2021.10.win32_1.0.100.202210260954/tools/bin/../lib/gcc/arm-none-eabi/10.3.1/../../../../arm-none-eabi/lib/thumb/v7e-m+fp/hard\libc_nano.a(lib_a-init.o)
 .ARM.attributes
                0x0000000000000587       0x34 c:/program files/stm32cubeide_1.11.0/stm32cubeide/plugins/com.st.stm32cube.ide.mcu.externaltools.gnu-tools-for-stm32.10.3-2021.10.win32_1.0.100.202210260954/tools/bin/../lib/gcc/arm-none-eabi/10.3.1/../../../../arm-none-eabi/lib/thumb/v7e-m+fp/hard\libc_nano.a(lib_a-memset.o)
 .ARM.attributes
                0x00000000000005bb       0x34 c:/program files/stm32cubeide_1.11.0/stm32cubeide/plugins/com.st.stm32cube.ide.mcu.externaltools.gnu-tools-for-stm32.10.3-2021.10.win32_1.0.100.202210260954/tools/bin/../lib/gcc/arm-none-eabi/10.3.1/../../../../arm-none-eabi/lib/thumb/v7e-m+fp/hard\libc_nano.a(lib_a-sprintf.o)
 .ARM.attributes
                0x00000000000005ef       0x34 c:/program files/stm32cubeide_1.11.0/stm32cubeide/plugins/com.st.stm32cube.ide.mcu.externaltools.gnu-tools-for-stm32.10.3-2021.10.win32_1.0.100.202210260954/tools/bin/../lib/gcc/arm-none-eabi/10.3.1/../../../../arm-none-eabi/lib/thumb/v7e-m+fp/hard\libc_nano.a(lib_a-nano-svfprintf.o)
 .ARM.attributes
                0x0000000000000623       0x34 c:/program files/stm32cubeide_1.11.0/stm32cubeide/plugins/com.st.stm32cube.ide.mcu.externaltools.gnu-tools-for-stm32.10.3-2021.10.win32_1.0.100.202210260954/tools/bin/../lib/gcc/arm-none-eabi/10.3.1/../../../../arm-none-eabi/lib/thumb/v7e-m+fp/hard\libc_nano.a(lib_a-nano-vfprintf_i.o)
 .ARM.attributes
                0x0000000000000657       0x1c c:/program files/stm32cubeide_1.11.0/stm32cubeide/plugins/com.st.stm32cube.ide.mcu.externaltools.gnu-tools-for-stm32.10.3-2021.10.win32_1.0.100.202210260954/tools/bin/../lib/gcc/arm-none-eabi/10.3.1/../../../../arm-none-eabi/lib/thumb/v7e-m+fp/hard\libc_nano.a(lib_a-memchr.o)
 .ARM.attributes
                0x0000000000000673       0x34 c:/program files/stm32cubeide_1.11.0/stm32cubeide/plugins/com.st.stm32cube.ide.mcu.externaltools.gnu-tools-for-stm32.10.3-2021.10.win32_1.0.100.202210260954/tools/bin/../lib/gcc/arm-none-eabi/10.3.1/../../../../arm-none-eabi/lib/thumb/v7e-m+fp/hard\libc_nano.a(lib_a-memcpy-stub.o)
 .ARM.attributes
                0x00000000000006a7       0x34 c:/program files/stm32cubeide_1.11.0/stm32cubeide/plugins/com.st.stm32cube.ide.mcu.externaltools.gnu-tools-for-stm32.10.3-2021.10.win32_1.0.100.202210260954/tools/bin/../lib/gcc/arm-none-eabi/10.3.1/../../../../arm-none-eabi/lib/thumb/v7e-m+fp/hard\libc_nano.a(lib_a-memmove.o)
 .ARM.attributes
                0x00000000000006db       0x34 c:/program files/stm32cubeide_1.11.0/stm32cubeide/plugins/com.st.stm32cube.ide.mcu.externaltools.gnu-tools-for-stm32.10.3-2021.10.win32_1.0.100.202210260954/tools/bin/../lib/gcc/arm-none-eabi/10.3.1/../../../../arm-none-eabi/lib/thumb/v7e-m+fp/hard\libc_nano.a(lib_a-nano-freer.o)
 .ARM.attributes
                0x000000000000070f       0x34 c:/program files/stm32cubeide_1.11.0/stm32cubeide/plugins/com.st.stm32cube.ide.mcu.externaltools.gnu-tools-for-stm32.10.3-2021.10.win32_1.0.100.202210260954/tools/bin/../lib/gcc/arm-none-eabi/10.3.1/../../../../arm-none-eabi/lib/thumb/v7e-m+fp/hard\libc_nano.a(lib_a-nano-mallocr.o)
 .ARM.attributes
                0x0000000000000743       0x34 c:/program files/stm32cubeide_1.11.0/stm32cubeide/plugins/com.st.stm32cube.ide.mcu.externaltools.gnu-tools-for-stm32.10.3-2021.10.win32_1.0.100.202210260954/tools/bin/../lib/gcc/arm-none-eabi/10.3.1/../../../../arm-none-eabi/lib/thumb/v7e-m+fp/hard\libc_nano.a(lib_a-nano-reallocr.o)
 .ARM.attributes
                0x0000000000000777       0x34 c:/program files/stm32cubeide_1.11.0/stm32cubeide/plugins/com.st.stm32cube.ide.mcu.externaltools.gnu-tools-for-stm32.10.3-2021.10.win32_1.0.100.202210260954/tools/bin/../lib/gcc/arm-none-eabi/10.3.1/../../../../arm-none-eabi/lib/thumb/v7e-m+fp/hard\libc_nano.a(lib_a-sbrkr.o)
 .ARM.attributes
                0x00000000000007ab       0x34 c:/program files/stm32cubeide_1.11.0/stm32cubeide/plugins/com.st.stm32cube.ide.mcu.externaltools.gnu-tools-for-stm32.10.3-2021.10.win32_1.0.100.202210260954/tools/bin/../lib/gcc/arm-none-eabi/10.3.1/../../../../arm-none-eabi/lib/thumb/v7e-m+fp/hard\libc_nano.a(lib_a-mlock.o)
 .ARM.attributes
                0x00000000000007df       0x34 c:/program files/stm32cubeide_1.11.0/stm32cubeide/plugins/com.st.stm32cube.ide.mcu.externaltools.gnu-tools-for-stm32.10.3-2021.10.win32_1.0.100.202210260954/tools/bin/../lib/gcc/arm-none-eabi/10.3.1/../../../../arm-none-eabi/lib/thumb/v7e-m+fp/hard\libc_nano.a(lib_a-nano-msizer.o)
 .ARM.attributes
                0x0000000000000813       0x34 c:/program files/stm32cubeide_1.11.0/stm32cubeide/plugins/com.st.stm32cube.ide.mcu.externaltools.gnu-tools-for-stm32.10.3-2021.10.win32_1.0.100.202210260954/tools/bin/../lib/gcc/arm-none-eabi/10.3.1/../../../../arm-none-eabi/lib/thumb/v7e-m+fp/hard\libc_nano.a(lib_a-reent.o)
 .ARM.attributes
                0x0000000000000847       0x34 c:/program files/stm32cubeide_1.11.0/stm32cubeide/plugins/com.st.stm32cube.ide.mcu.externaltools.gnu-tools-for-stm32.10.3-2021.10.win32_1.0.100.202210260954/tools/bin/../lib/gcc/arm-none-eabi/10.3.1/../../../../arm-none-eabi/lib/thumb/v7e-m+fp/hard\libc_nano.a(lib_a-lock.o)
 .ARM.attributes
                0x000000000000087b       0x1e c:/program files/stm32cubeide_1.11.0/stm32cubeide/plugins/com.st.stm32cube.ide.mcu.externaltools.gnu-tools-for-stm32.10.3-2021.10.win32_1.0.100.202210260954/tools/bin/../lib/gcc/arm-none-eabi/10.3.1/thumb/v7e-m+fp/hard\libgcc.a(_aeabi_uldivmod.o)
 .ARM.attributes
                0x0000000000000899       0x34 c:/program files/stm32cubeide_1.11.0/stm32cubeide/plugins/com.st.stm32cube.ide.mcu.externaltools.gnu-tools-for-stm32.10.3-2021.10.win32_1.0.100.202210260954/tools/bin/../lib/gcc/arm-none-eabi/10.3.1/thumb/v7e-m+fp/hard\libgcc.a(_udivmoddi4.o)
 .ARM.attributes
                0x00000000000008cd       0x1e c:/program files/stm32cubeide_1.11.0/stm32cubeide/plugins/com.st.stm32cube.ide.mcu.externaltools.gnu-tools-for-stm32.10.3-2021.10.win32_1.0.100.202210260954/tools/bin/../lib/gcc/arm-none-eabi/10.3.1/thumb/v7e-m+fp/hard\libgcc.a(_dvmd_tls.o)
 .ARM.attributes
                0x00000000000008eb       0x1e c:/program files/stm32cubeide_1.11.0/stm32cubeide/plugins/com.st.stm32cube.ide.mcu.externaltools.gnu-tools-for-stm32.10.3-2021.10.win32_1.0.100.202210260954/tools/bin/../lib/gcc/arm-none-eabi/10.3.1/thumb/v7e-m+fp/hard/crtn.o
OUTPUT(PulseGeneratorILI9341.elf elf32-littlearm)
LOAD linker stubs
LOAD c:/program files/stm32cubeide_1.11.0/stm32cubeide/plugins/com.st.stm32cube.ide.mcu.externaltools.gnu-tools-for-stm32.10.3-2021.10.win32_1.0.100.202210260954/tools/bin/../lib/gcc/arm-none-eabi/10.3.1/../../../../arm-none-eabi/lib/thumb/v7e-m+fp/hard\libc.a
LOAD c:/program files/stm32cubeide_1.11.0/stm32cubeide/plugins/com.st.stm32cube.ide.mcu.externaltools.gnu-tools-for-stm32.10.3-2021.10.win32_1.0.100.202210260954/tools/bin/../lib/gcc/arm-none-eabi/10.3.1/../../../../arm-none-eabi/lib/thumb/v7e-m+fp/hard\libm.a
LOAD c:/program files/stm32cubeide_1.11.0/stm32cubeide/plugins/com.st.stm32cube.ide.mcu.externaltools.gnu-tools-for-stm32.10.3-2021.10.win32_1.0.100.202210260954/tools/bin/../lib/gcc/arm-none-eabi/10.3.1/thumb/v7e-m+fp/hard\libgcc.a

.debug_info     0x0000000000000000     0xfda4
 .debug_info    0x0000000000000000      0x160 ./Core/Ili9341Lib/ColorImg.o
 .debug_info    0x0000000000000160     0x101c ./Core/Ili9341Lib/FontBig.o
 .debug_info    0x000000000000117c      0x1ae ./Core/Ili9341Lib/FontLitll.o
 .debug_info    0x000000000000132a     0x136b ./Core/Ili9341Lib/Ili9341Lib.o
 .debug_info    0x0000000000002695      0xb7c ./Core/Ili9341Lib/Ili9341LibTouch.o
 .debug_info    0x0000000000003211      0x24c ./Core/Ili9341Lib/monochromImg.o
 .debug_info    0x000000000000345d      0xa35 ./Core/Src/GUI.o
 .debug_info    0x0000000000003e92     0x123c ./Core/Src/main.o
 .debug_info    0x00000000000050ce      0x46d ./Core/Src/saportAndData.o
 .debug_info    0x000000000000553b      0xffc ./Core/Src/stm32f4xx_hal_msp.o
 .debug_info    0x0000000000006537      0x8aa ./Core/Src/stm32f4xx_it.o
 .debug_info    0x0000000000006de1      0x171 ./Core/Src/sysmem.o
 .debug_info    0x0000000000006f52      0x54f ./Core/Src/system_stm32f4xx.o
 .debug_info    0x00000000000074a1      0x283 ./Core/Src/work.o
 .debug_info    0x0000000000007724       0x22 ./Core/Startup/startup_stm32f411ceux.o
 .debug_info    0x0000000000007746      0x90d ./Drivers/STM32F4xx_HAL_Driver/Src/stm32f4xx_hal.o