Archive member included to satisfy reference by file (symbol)

c:/program files/stm32cubeide_1.11.0/stm32cubeide/plugins/com.st.stm32cube.ide.mcu.externaltools.gnu-tools-for-stm32.10.3-2021.10.win32_1.0.100.202210260954/tools/bin/../lib/gcc/arm-none-eabi/10.3.1/../../../../arm-none-eabi/lib/thumb/v7e-m+fp/hard\libc_nano.a(lib_a-errno.o)
                              ./Core/Src/syscalls.o (__errno)
c:/program files/stm32cubeide_1.11.0/stm32cubeide/plugins/com.st.stm32cube.ide.mcu.externaltools.gnu-tools-for-stm32.10.3-2021.10.win32_1.0.100.202210260954/tools/bin/../lib/gcc/arm-none-eabi/10.3.1/../../../../arm-none-eabi/lib/thumb/v7e-m+fp/hard\libc_nano.a(lib_a-exit.o)
                              c:/program files/stm32cubeide_1.11.0/stm32cubeide/plugins/com.st.stm32cube.ide.mcu.externaltools.gnu-tools-for-stm32.10.3-2021.10.win32_1.0.100.202210260954/tools/bin/../lib/gcc/arm-none-eabi/10.3.1/../../../../arm-none-eabi/lib/thumb/v7e-m+fp/hard/crt0.o (exit)
c:/program files/stm32cubeide_1.11.0/stm32cubeide/plugins/com.st.stm32cube.ide.mcu.externaltools.gnu-tools-for-stm32.10.3-2021.10.win32_1.0.100.202210260954/tools/bin/../lib/gcc/arm-none-eabi/10.3.1/../../../../arm-none-eabi/lib/thumb/v7e-m+fp/hard\libc_nano.a(lib_a-impure.o)
                              c:/program files/stm32cubeide_1.11.0/stm32cubeide/plugins/com.st.stm32cube.ide.mcu.externaltools.gnu-tools-for-stm32.10.3-2021.10.win32_1.0.100.202210260954/tools/bin/../lib/gcc/arm-none-eabi/10.3.1/../../../../arm-none-eabi/lib/thumb/v7e-m+fp/hard\libc_nano.a(lib_a-exit.o) (_global_impure_ptr)
c:/program files/stm32cubeide_1.11.0/stm32cubeide/plugins/com.st.stm32cube.ide.mcu.externaltools.gnu-tools-for-stm32.10.3-2021.10.win32_1.0.100.202210260954/tools/bin/../lib/gcc/arm-none-eabi/10.3.1/../../../../arm-none-eabi/lib/thumb/v7e-m+fp/hard\libc_nano.a(lib_a-init.o)
                              c:/program files/stm32cubeide_1.11.0/stm32cubeide/plugins/com.st.stm32cube.ide.mcu.externaltools.gnu-tools-for-stm32.10.3-2021.10.win32_1.0.100.202210260954/tools/bin/../lib/gcc/arm-none-eabi/10.3.1/../../../../arm-none-eabi/lib/thumb/v7e-m+fp/hard/crt0.o (__libc_init_array)
c:/program files/stm32cubeide_1.11.0/stm32cubeide/plugins/com.st.stm32cube.ide.mcu.externaltools.gnu-tools-for-stm32.10.3-2021.10.win32_1.0.100.202210260954/tools/bin/../lib/gcc/arm-none-eabi/10.3.1/../../../../arm-none-eabi/lib/thumb/v7e-m+fp/hard\libc_nano.a(lib_a-memset.o)
                              c:/program files/stm32cubeide_1.11.0/stm32cubeide/plugins/com.st.stm32cube.ide.mcu.externaltools.gnu-tools-for-stm32.10.3-2021.10.win32_1.0.100.202210260954/tools/bin/../lib/gcc/arm-none-eabi/10.3.1/../../../../arm-none-eabi/lib/thumb/v7e-m+fp/hard/crt0.o (memset)
c:/program files/stm32cubeide_1.11.0/stm32cubeide/plugins/com.st.stm32cube.ide.mcu.externaltools.gnu-tools-for-stm32.10.3-2021.10.win32_1.0.100.202210260954/tools/bin/../lib/gcc/arm-none-eabi/10.3.1/../../../../arm-none-eabi/lib/thumb/v7e-m+fp/hard\libc_nano.a(lib_a-nano-vfprintf_float.o)
                              (_printf_float)
c:/program files/stm32cubeide_1.11.0/stm32cubeide/plugins/com.st.stm32cube.ide.mcu.externaltools.gnu-tools-for-stm32.10.3-2021.10.win32_1.0.100.202210260954/tools/bin/../lib/gcc/arm-none-eabi/10.3.1/../../../../arm-none-eabi/lib/thumb/v7e-m+fp/hard\libc_nano.a(lib_a-nano-vfprintf_i.o)
                              c:/program files/stm32cubeide_1.11.0/stm32cubeide/plugins/com.st.stm32cube.ide.mcu.externaltools.gnu-tools-for-stm32.10.3-2021.10.win32_1.0.100.202210260954/tools/bin/../lib/gcc/arm-none-eabi/10.3.1/../../../../arm-none-eabi/lib/thumb/v7e-m+fp/hard\libc_nano.a(lib_a-nano-vfprintf_float.o) (_printf_common)
c:/program files/stm32cubeide_1.11.0/stm32cubeide/plugins/com.st.stm32cube.ide.mcu.externaltools.gnu-tools-for-stm32.10.3-2021.10.win32_1.0.100.202210260954/tools/bin/../lib/gcc/arm-none-eabi/10.3.1/../../../../arm-none-eabi/lib/thumb/v7e-m+fp/hard\libc_nano.a(lib_a-sprintf.o)
                              ./Core/Src/GUI.o (sprintf)
c:/program files/stm32cubeide_1.11.0/stm32cubeide/plugins/com.st.stm32cube.ide.mcu.externaltools.gnu-tools-for-stm32.10.3-2021.10.win32_1.0.100.202210260954/tools/bin/../lib/gcc/arm-none-eabi/10.3.1/../../../../arm-none-eabi/lib/thumb/v7e-m+fp/hard\libc_nano.a(lib_a-strlen.o)
                              ./Core/Ili9341Lib/Ili9341Lib.o (strlen)
c:/program files/stm32cubeide_1.11.0/stm32cubeide/plugins/com.st.stm32cube.ide.mcu.externaltools.gnu-tools-for-stm32.10.3-2021.10.win32_1.0.100.202210260954/tools/bin/../lib/gcc/arm-none-eabi/10.3.1/../../../../arm-none-eabi/lib/thumb/v7e-m+fp/hard\libc_nano.a(lib_a-dtoa.o)
                              c:/program files/stm32cubeide_1.11.0/stm32cubeide/plugins/com.st.stm32cube.ide.mcu.externaltools.gnu-tools-for-stm32.10.3-2021.10.win32_1.0.100.202210260954/tools/bin/../lib/gcc/arm-none-eabi/10.3.1/../../../../arm-none-eabi/lib/thumb/v7e-m+fp/hard\libc_nano.a(lib_a-nano-vfprintf_float.o) (_dtoa_r)
[...]
Memory Configuration

Name             Origin             Length             Attributes
RAM              0x0000000020000000 0x0000000000020000 xrw
FLASH            0x0000000008000000 0x0000000000004000 xr
FLASH1           0x000000000800c000 0x0000000000074000 xr
*default*        0x0000000000000000 0xffffffffffffffff

Linker script and memory map

LOAD c:/program files/stm32cubeide_1.11.0/stm32cubeide/plugins/com.st.stm32cube.ide.mcu.externaltools.gnu-tools-for-stm32.10.3-2021.10.win32_1.0.100.202210260954/tools/bin/../lib/gcc/arm-none-eabi/10.3.1/thumb/v7e-m+fp/hard/crti.o
LOAD c:/program files/stm32cubeide_1.11.0/stm32cubeide/plugins/com.st.stm32cube.ide.mcu.externaltools.gnu-tools-for-stm32.10.3-2021.10.win32_1.0.100.202210260954/tools/bin/../lib/gcc/arm-none-eabi/10.3.1/thumb/v7e-m+fp/hard/crtbegin.o
LOAD c:/program files/stm32cubeide_1.11.0/stm32cubeide/plugins/com.st.stm32cube.ide.mcu.externaltools.gnu-tools-for-stm32.10.3-2021.10.win32_1.0.100.202210260954/tools/bin/../lib/gcc/arm-none-eabi/10.3.1/../../../../arm-none-eabi/lib/thumb/v7e-m+fp/hard/crt0.o
LOAD ./Core/Ili9341Lib/ColorImg.o
LOAD ./Core/Ili9341Lib/FontBig.o
LOAD ./Core/Ili9341Lib/FontLitll.o
LOAD ./Core/Ili9341Lib/Ili9341Lib.o
LOAD ./Core/Ili9341Lib/Ili9341LibTouch.o
LOAD ./Core/Ili9341Lib/monochromImg.o
LOAD ./Core/Src/GUI.o
LOAD ./Core/Src/main.o
LOAD ./Core/Src/saportAndData.o
LOAD ./Core/Src/stm32f4xx_hal_msp.o
LOAD ./Core/Src/stm32f4xx_it.o
LOAD ./Core/Src/syscalls.o
LOAD ./Core/Src/sysmem.o
LOAD ./Core/Src/system_stm32f4xx.o
LOAD ./Core/Src/timers.o
LOAD ./Core/Src/work.o
LOAD ./Core/Startup/startup_stm32f411ceux.o
LOAD ./Drivers/STM32F4xx_HAL_Driver/Src/stm32f4xx_hal.o
LOAD ./Drivers/STM32F4xx_HAL_Driver/Src/stm32f4xx_hal_adc.o
LOAD ./Drivers/STM32F4xx_HAL_Driver/Src/stm32f4xx_hal_adc_ex.o
LOAD ./Drivers/STM32F4xx_HAL_Driver/Src/stm32f4xx_hal_cortex.o
LOAD ./Drivers/STM32F4xx_HAL_Driver/Src/stm32f4xx_hal_dma.o
LOAD ./Drivers/STM32F4xx_HAL_Driver/Src/stm32f4xx_hal_dma_ex.o
LOAD ./Drivers/STM32F4xx_HAL_Driver/Src/stm32f4xx_hal_exti.o
LOAD ./Drivers/STM32F4xx_HAL_Driver/Src/stm32f4xx_hal_flash.o
LOAD ./Drivers/STM32F4xx_HAL_Driver/Src/stm32f4xx_hal_flash_ex.o
LOAD ./Drivers/STM32F4xx_HAL_Driver/Src/stm32f4xx_hal_flash_ramfunc.o
LOAD ./Drivers/STM32F4xx_HAL_Driver/Src/stm32f4xx_hal_gpio.o
LOAD ./Drivers/STM32F4xx_HAL_Driver/Src/stm32f4xx_hal_pwr.o
LOAD ./Drivers/STM32F4xx_HAL_Driver/Src/stm32f4xx_hal_pwr_ex.o
LOAD ./Drivers/STM32F4xx_HAL_Driver/Src/stm32f4xx_hal_rcc.o
LOAD ./Drivers/STM32F4xx_HAL_Driver/Src/stm32f4xx_hal_rcc_ex.o
LOAD ./Drivers/STM32F4xx_HAL_Driver/Src/stm32f4xx_hal_spi.o
LOAD ./Drivers/STM32F4xx_HAL_Driver/Src/stm32f4xx_hal_tim.o
LOAD ./Drivers/STM32F4xx_HAL_Driver/Src/stm32f4xx_hal_tim_ex.o
LOAD ./Drivers/STM32F4xx_HAL_Driver/Src/stm32f4xx_ll_adc.o
START GROUP
LOAD c:/program files/stm32cubeide_1.11.0/stm32cubeide/plugins/com.st.stm32cube.ide.mcu.externaltools.gnu-tools-for-stm32.10.3-2021.10.win32_1.0.100.202210260954/tools/bin/../lib/gcc/arm-none-eabi/10.3.1/../../../../arm-none-eabi/lib/thumb/v7e-m+fp/hard\libc_nano.a
LOAD c:/program files/stm32cubeide_1.11.0/stm32cubeide/plugins/com.st.stm32cube.ide.mcu.externaltools.gnu-tools-for-stm32.10.3-2021.10.win32_1.0.100.202210260954/tools/bin/../lib/gcc/arm-none-eabi/10.3.1/../../../../arm-none-eabi/lib/thumb/v7e-m+fp/hard\libm.a
END GROUP
START GROUP
LOAD c:/program files/stm32cubeide_1.11.0/stm32cubeide/plugins/com.st.stm32cube.ide.mcu.externaltools.gnu-tools-for-stm32.10.3-2021.10.win32_1.0.100.202210260954/tools/bin/../lib/gcc/arm-none-eabi/10.3.1/thumb/v7e-m+fp/hard\libgcc.a
LOAD c:/program files/stm32cubeide_1.11.0/stm32cubeide/plugins/com.st.stm32cube.ide.mcu.externaltools.gnu-tools-for-stm32.10.3-2021.10.win32_1.0.100.202210260954/tools/bin/../lib/gcc/arm-none-eabi/10.3.1/../../../../arm-none-eabi/lib/thumb/v7e-m+fp/hard\libc_nano.a
END GROUP
START GROUP
LOAD c:/program files/stm32cubeide_1.11.0/stm32cubeide/plugins/com.st.stm32cube.ide.mcu.externaltools.gnu-tools-for-stm32.10.3-2021.10.win32_1.0.100.202210260954/tools/bin/../lib/gcc/arm-none-eabi/10.3.1/thumb/v7e-m+fp/hard\libgcc.a
LOAD c:/program files/stm32cubeide_1.11.0/stm32cubeide/plugins/com.st.stm32cube.ide.mcu.externaltools.gnu-tools-for-stm32.10.3-2021.10.win32_1.0.100.202210260954/tools/bin/../lib/gcc/arm-none-eabi/10.3.1/../../../../arm-none-eabi/lib/thumb/v7e-m+fp/hard\libc_nano.a
LOAD c:/program files/stm32cubeide_1.11.0/stm32cubeide/plugins/com.st.stm32cube.ide.mcu.externaltools.gnu-tools-for-stm32.10.3-2021.10.win32_1.0.100.202210260954/tools/bin/../lib/gcc/arm-none-eabi/10.3.1/../../../../arm-none-eabi/lib/thumb/v7e-m+fp/hard\libnosys.a
END GROUP
START GROUP
LOAD c:/program files/stm32cubeide_1.11.0/stm32cubeide/plugins/com.st.stm32cube.ide.mcu.externaltools.gnu-tools-for-stm32.10.3-2021.10.win32_1.0.100.202210260954/tools/bin/../lib/gcc/arm-none-eabi/10.3.1/thumb/v7e-m+fp/hard\libgcc.a
LOAD c:/program files/stm32cubeide_1.11.0/stm32cubeide/plugins/com.st.stm32cube.ide.mcu.externaltools.gnu-tools-for-stm32.10.3-2021.10.win32_1.0.100.202210260954/tools/bin/../lib/gcc/arm-none-eabi/10.3.1/../../../../arm-none-eabi/lib/thumb/v7e-m+fp/hard\libc_nano.a
LOAD c:/program files/stm32cubeide_1.11.0/stm32cubeide/plugins/com.st.stm32cube.ide.mcu.externaltools.gnu-tools-for-stm32.10.3-2021.10.win32_1.0.100.202210260954/tools/bin/../lib/gcc/arm-none-eabi/10.3.1/../../../../arm-none-eabi/lib/thumb/v7e-m+fp/hard\libnosys.a
END GROUP
LOAD c:/program files/stm32cubeide_1.11.0/stm32cubeide/plugins/com.st.stm32cube.ide.mcu.externaltools.gnu-tools-for-stm32.10.3-2021.10.win32_1.0.100.202210260954/tools/bin/../lib/gcc/arm-none-eabi/10.3.1/thumb/v7e-m+fp/hard/crtend.o
LOAD c:/program files/stm32cubeide_1.11.0/stm32cubeide/plugins/com.st.stm32cube.ide.mcu.externaltools.gnu-tools-for-stm32.10.3-2021.10.win32_1.0.100.202210260954/tools/bin/../lib/gcc/arm-none-eabi/10.3.1/thumb/v7e-m+fp/hard/crtn.o
                0x0000000020020000                _estack = (ORIGIN (RAM) + LENGTH (RAM))
                0x0000000000000200                _Min_Heap_Size = 0x200
                0x0000000000000400                _Min_Stack_Size = 0x400

.isr_vector     0x0000000008000000      0x198
                0x0000000008000000                . = ALIGN (0x4)
 *(.isr_vector)
 .isr_vector    0x0000000008000000      0x198 ./Core/Startup/startup_stm32f411ceux.o
                0x0000000008000000                g_pfnVectors
                0x0000000008000198                . = ALIGN (0x4)

.text           0x000000000800c000     0xb0a8
                0x000000000800c000                . = ALIGN (0x4)
 *(.text)
 .text          0x000000000800c000       0x40 c:/program files/stm32cubeide_1.11.0/stm32cubeide/plugins/com.st.stm32cube.ide.mcu.externaltools.gnu-tools-for-stm32.10.3-2021.10.win32_1.0.100.202210260954/tools/bin/../lib/gcc/arm-none-eabi/10.3.1/thumb/v7e-m+fp/hard/crtbegin.o
 .text          0x000000000800c040       0x10 c:/program files/stm32cubeide_1.11.0/stm32cubeide/plugins/com.st.stm32cube.ide.mcu.externaltools.gnu-tools-for-stm32.10.3-2021.10.win32_1.0.100.202210260954/tools/bin/../lib/gcc/arm-none-eabi/10.3.1/../../../../arm-none-eabi/lib/thumb/v7e-m+fp/hard\libc_nano.a(lib_a-strlen.o)
                0x000000000800c040                strlen
 .text          0x000000000800c050       0xa0 c:/program files/stm32cubeide_1.11.0/stm32cubeide/plugins/com.st.stm32cube.ide.mcu.externaltools.gnu-tools-for-stm32.10.3-2021.10.win32_1.0.100.202210260954/tools/bin/../lib/gcc/arm-none-eabi/10.3.1/../../../../arm-none-eabi/lib/thumb/v7e-m+fp/hard\libc_nano.a(lib_a-memchr.o)
                0x000000000800c050                memchr
 .text          0x000000000800c0f0      0x378 c:/program files/stm32cubeide_1.11.0/stm32cubeide/plugins/com.st.stm32cube.ide.mcu.externaltools.gnu-tools-for-stm32.10.3-2021.10.win32_1.0.100.202210260954/tools/bin/../lib/gcc/arm-none-eabi/10.3.1/thumb/v7e-m+fp/hard\libgcc.a(_arm_addsubdf3.o)
                0x000000000800c0f0                __aeabi_drsub
                0x000000000800c0f8                __aeabi_dsub
                0x000000000800c0f8                __subdf3
                0x000000000800c0fc                __aeabi_dadd
                0x000000000800c0fc                __adddf3
                0x000000000800c374                __floatunsidf
                0x000000000800c374                __aeabi_ui2d
                0x000000000800c394                __floatsidf
                0x000000000800c394                __aeabi_i2d
                0x000000000800c3b8                __aeabi_f2d
                0x000000000800c3b8                __extendsfdf2
                0x000000000800c3fc                __floatundidf
                0x000000000800c3fc                __aeabi_ul2d
                0x000000000800c40c                __floatdidf
                0x000000000800c40c                __aeabi_l2d
 .text          0x000000000800c468      0x424 c:/program files/stm32cubeide_1.11.0/stm32cubeide/plugins/com.st.stm32cube.ide.mcu.externaltools.gnu-tools-for-stm32.10.3-2021.10.win32_1.0.100.202210260954/tools/bin/../lib/gcc/arm-none-eabi/10.3.1/thumb/v7e-m+fp/hard\libgcc.a(_arm_muldivdf3.o)
                0x000000000800c468                __aeabi_dmul
                0x000000000800c468                __muldf3
                0x000000000800c6bc                __divdf3
                0x000000000800c6bc                __aeabi_ddiv
 .text          0x000000000800c88c      0x110 c:/program files/stm32cubeide_1.11.0/stm32cubeide/plugins/com.st.stm32cube.ide.mcu.externaltools.gnu-tools-for-stm32.10.3-2021.10.win32_1.0.100.202210260954/tools/bin/../lib/gcc/arm-none-eabi/10.3.1/thumb/v7e-m+fp/hard\libgcc.a(_arm_cmpdf2.o)
                0x000000000800c88c                __gtdf2
                0x000000000800c88c                __gedf2
                0x000000000800c894                __ltdf2
                0x000000000800c894                __ledf2
                0x000000000800c89c                __nedf2
                0x000000000800c89c                __eqdf2
                0x000000000800c89c                __cmpdf2
                0x000000000800c918                __aeabi_cdrcmple
                0x000000000800c928                __aeabi_cdcmpeq
                0x000000000800c928                __aeabi_cdcmple
                0x000000000800c938                __aeabi_dcmpeq
                0x000000000800c94c                __aeabi_dcmplt
                0x000000000800c960                __aeabi_dcmple
                0x000000000800c974                __aeabi_dcmpge
                0x000000000800c988                __aeabi_dcmpgt
 .text          0x000000000800c99c       0x2c c:/program files/stm32cubeide_1.11.0/stm32cubeide/plugins/com.st.stm32cube.ide.mcu.externaltools.gnu-tools-for-stm32.10.3-2021.10.win32_1.0.100.202210260954/tools/bin/../lib/gcc/arm-none-eabi/10.3.1/thumb/v7e-m+fp/hard\libgcc.a(_arm_unorddf2.o)
                0x000000000800c99c                __unorddf2
                0x000000000800c99c                __aeabi_dcmpun
 .text          0x000000000800c9c8       0x50 c:/program files/stm32cubeide_1.11.0/stm32cubeide/plugins/com.st.stm32cube.ide.mcu.externaltools.gnu-tools-for-stm32.10.3-2021.10.win32_1.0.100.202210260954/tools/bin/../lib/gcc/arm-none-eabi/10.3.1/thumb/v7e-m+fp/hard\libgcc.a(_arm_fixdfsi.o)
                0x000000000800c9c8                __aeabi_d2iz
                0x000000000800c9c8                __fixdfsi
 .text          0x000000000800ca18       0xa0 c:/program files/stm32cubeide_1.11.0/stm32cubeide/plugins/com.st.stm32cube.ide.mcu.externaltools.gnu-tools-for-stm32.10.3-2021.10.win32_1.0.100.202210260954/tools/bin/../lib/gcc/arm-none-eabi/10.3.1/thumb/v7e-m+fp/hard\libgcc.a(_arm_truncdfsf2.o)
                0x000000000800ca18                __truncdfsf2
                0x000000000800ca18                __aeabi_d2f
 .text          0x000000000800cab8       0x30 c:/program files/stm32cubeide_1.11.0/stm32cubeide/plugins/com.st.stm32cube.ide.mcu.externaltools.gnu-tools-for-stm32.10.3-2021.10.win32_1.0.100.202210260954/tools/bin/../lib/gcc/arm-none-eabi/10.3.1/thumb/v7e-m+fp/hard\libgcc.a(_aeabi_uldivmod.o)
                0x000000000800cab8                __aeabi_uldivmod
 .text          0x000000000800cae8      0x2d0 c:/program files/stm32cubeide_1.11.0/stm32cubeide/plugins/com.st.stm32cube.ide.mcu.externaltools.gnu-tools-for-stm32.10.3-2021.10.win32_1.0.100.202210260954/tools/bin/../lib/gcc/arm-none-eabi/10.3.1/thumb/v7e-m+fp/hard\libgcc.a(_udivmoddi4.o)
                0x000000000800cae8                __udivmoddi4
 .text          0x000000000800cdb8        0x4 c:/program files/stm32cubeide_1.11.0/stm32cubeide/plugins/com.st.stm32cube.ide.mcu.externaltools.gnu-tools-for-stm32.10.3-2021.10.win32_1.0.100.202210260954/tools/bin/../lib/gcc/arm-none-eabi/10.3.1/thumb/v7e-m+fp/hard\libgcc.a(_dvmd_tls.o)
                0x000000000800cdb8                __aeabi_idiv0
                0x000000000800cdb8                __aeabi_ldiv0
 *(.text*)
 .text.mySPISend
                0x000000000800cdbc       0x58 ./Core/Ili9341Lib/Ili9341Lib.o
                0x000000000800cdbc                mySPISend
 .text.ILI9341_Select
                0x000000000800ce14       0x20 ./Core/Ili9341Lib/Ili9341Lib.o
                0x000000000800ce14                ILI9341_Select
 .text.ILI9341_Unselect
                0x000000000800ce34       0x20 ./Core/Ili9341Lib/Ili9341Lib.o
                0x000000000800ce34                ILI9341_Unselect
 .text.ILI9341_Reset
                0x000000000800ce54       0x28 ./Core/Ili9341Lib/Ili9341Lib.o
 .text.ILI9341_WriteCommand
                0x000000000800ce7c       0x2c ./Core/Ili9341Lib/Ili9341Lib.o
 .text.ILI9341_WriteData
                0x000000000800cea8       0x54 ./Core/Ili9341Lib/Ili9341Lib.o
 .text.ILI9341_SetAddressWindow
                0x000000000800cefc       0x90 ./Core/Ili9341Lib/Ili9341Lib.o
 .text.ILI9341_Init
                0x000000000800cf8c      0x26c ./Core/Ili9341Lib/Ili9341Lib.o
                0x000000000800cf8c                ILI9341_Init
 .text.ILI9341_DrawPixel
                0x000000000800d1f8       0x62 ./Core/Ili9341Lib/Ili9341Lib.o
                0x000000000800d1f8                ILI9341_DrawPixel
 *fill*         0x000000000800d25a        0x2 
 .text.ILI9341_FillRectangle
                0x000000000800d25c       0xd4 ./Core/Ili9341Lib/Ili9341Lib.o
                0x000000000800d25c                ILI9341_FillRectangle
 .text.ILI9341_FillScreen
                0x000000000800d330       0x24 ./Core/Ili9341Lib/Ili9341Lib.o
                0x000000000800d330                ILI9341_FillScreen
 .text.ILI9341_WriteMyChar
                0x000000000800d354      0x1ec ./Core/Ili9341Lib/Ili9341Lib.o
 .text.ILI9341_WriteMyString
                0x000000000800d540       0xc4 ./Core/Ili9341Lib/Ili9341Lib.o
                0x000000000800d540                ILI9341_WriteMyString
 .text.ILI9341_WriteChar
                0x000000000800d604       0xea ./Core/Ili9341Lib/Ili9341Lib.o
 .text.ILI9341_WriteString
                0x000000000800d6ee       0x96 ./Core/Ili9341Lib/Ili9341Lib.o
                0x000000000800d6ee                ILI9341_WriteString
 .text.ILI9341_DrawImage
                0x000000000800d784       0x90 ./Core/Ili9341Lib/Ili9341Lib.o
                0x000000000800d784                ILI9341_DrawImage
 .text.ILI9341_DrawMonochromeImage
                0x000000000800d814      0x122 ./Core/Ili9341Lib/Ili9341Lib.o
                0x000000000800d814                ILI9341_DrawMonochromeImage
 .text.writeFastVLine
                0x000000000800d936       0x40 ./Core/Ili9341Lib/Ili9341Lib.o
                0x000000000800d936                writeFastVLine
 .text.writeFastHLine
                0x000000000800d976       0x3e ./Core/Ili9341Lib/Ili9341Lib.o
                0x000000000800d976                writeFastHLine
 .text.drawRect
                0x000000000800d9b4       0x82 ./Core/Ili9341Lib/Ili9341Lib.o
                0x000000000800d9b4                drawRect
 .text.drawCircleHelper
                0x000000000800da36      0x188 ./Core/Ili9341Lib/Ili9341Lib.o
                0x000000000800da36                drawCircleHelper
 .text.fillCircleHelper
                0x000000000800dbbe      0x19c ./Core/Ili9341Lib/Ili9341Lib.o
                0x000000000800dbbe                fillCircleHelper
 .text.drawRoundRect
                0x000000000800dd5a      0x1b4 ./Core/Ili9341Lib/Ili9341Lib.o
                0x000000000800dd5a                drawRoundRect
 .text.drawSomePixelRoundRect
                0x000000000800df0e       0xb8 ./Core/Ili9341Lib/Ili9341Lib.o
                0x000000000800df0e                drawSomePixelRoundRect
 .text.fillRect
                0x000000000800dfc6       0x5e ./Core/Ili9341Lib/Ili9341Lib.o
                0x000000000800dfc6                fillRect
 .text.fillRoundRect
                0x000000000800e024       0xfa ./Core/Ili9341Lib/Ili9341Lib.o
                0x000000000800e024                fillRoundRect
 .text.drawCircle
                0x000000000800e11e      0x1ae ./Core/Ili9341Lib/Ili9341Lib.o
                0x000000000800e11e                drawCircle
 .text.ILI9341_ToucInit
                0x000000000800e2cc       0x64 ./Core/Ili9341Lib/Ili9341LibTouch.o
                0x000000000800e2cc                ILI9341_ToucInit
 .text.ILI9341_TouchSelect
                0x000000000800e330       0x18 ./Core/Ili9341Lib/Ili9341LibTouch.o
 .text.ILI9341_TouchUnselect
                0x000000000800e348       0x18 ./Core/Ili9341Lib/Ili9341LibTouch.o
                0x000000000800e348                ILI9341_TouchUnselect
 .text.flipX    0x000000000800e360       0x1a ./Core/Ili9341Lib/Ili9341LibTouch.o
                0x000000000800e360                flipX
 .text.flipY    0x000000000800e37a       0x1a ./Core/Ili9341Lib/Ili9341LibTouch.o
                0x000000000800e37a                flipY
 .text.ILI9341_TouchPressed
                0x000000000800e394       0x24 ./Core/Ili9341Lib/Ili9341LibTouch.o
                0x000000000800e394                ILI9341_TouchPressed
 .text.ILI9341_TouchGetCoordinates
                0x000000000800e3b8      0x1ac ./Core/Ili9341Lib/Ili9341LibTouch.o
                0x000000000800e3b8                ILI9341_TouchGetCoordinates
 .text.figuringData
                0x000000000800e564       0xd4 ./Core/Ili9341Lib/Ili9341LibTouch.o
                0x000000000800e564                figuringData
 .text.calibTouch
                0x000000000800e638      0x2bc ./Core/Ili9341Lib/Ili9341LibTouch.o
                0x000000000800e638                calibTouch
 .text.screenSaver
                0x000000000800e8f4       0xa8 ./Core/Src/GUI.o
                0x000000000800e8f4                screenSaver
 .text.GUICalibration
                0x000000000800e99c      0x234 ./Core/Src/GUI.o
                0x000000000800e99c                GUICalibration
 .text.setOK    0x000000000800ebd0       0x60 ./Core/Src/GUI.o
                0x000000000800ebd0                setOK
 .text.startDisplay
                0x000000000800ec30       0x38 ./Core/Src/GUI.o
                0x000000000800ec30                startDisplay
 .text.printFreeq
                0x000000000800ec68      0x140 ./Core/Src/GUI.o
                0x000000000800ec68                printFreeq
 .text.printCurrent
                0x000000000800eda8       0x88 ./Core/Src/GUI.o
                0x000000000800eda8                printCurrent
 .text.printTImpulse
                0x000000000800ee30       0x74 ./Core/Src/GUI.o
                0x000000000800ee30                printTImpulse
 .text.printTPause
                0x000000000800eea4       0x6c ./Core/Src/GUI.o
                0x000000000800eea4                printTPause
 .text.printCount
                0x000000000800ef10       0xf8 ./Core/Src/GUI.o
                0x000000000800ef10                printCount
 .text.printReversCount
                0x000000000800f008       0xa4 ./Core/Src/GUI.o
                0x000000000800f008                printReversCount
 .text.printColorImage
                0x000000000800f0ac       0xa6 ./Core/Src/GUI.o
                0x000000000800f0ac                printColorImage
 *fill*         0x000000000800f152        0x2 
 .text.mainDisplayPrint
                0x000000000800f154       0xc4 ./Core/Src/GUI.o
                0x000000000800f154                mainDisplayPrint
 .text.checkAreaTouch
                0x000000000800f218       0x56 ./Core/Src/GUI.o
                0x000000000800f218                checkAreaTouch
 *fill*         0x000000000800f26e        0x2 
 .text.checkstrokeArea
                0x000000000800f270       0xd0 ./Core/Src/GUI.o
                0x000000000800f270                checkstrokeArea
 .text.endOperationWindow
                0x000000000800f340       0x84 ./Core/Src/GUI.o
                0x000000000800f340                endOperationWindow
 .text.overCurrent
                0x000000000800f3c4       0x84 ./Core/Src/GUI.o
                0x000000000800f3c4                overCurrent
 .text.powerButton
                0x000000000800f448       0xac ./Core/Src/GUI.o
                0x000000000800f448                powerButton
 .text.externalPowerOff
                0x000000000800f4f4       0x2c ./Core/Src/GUI.o
                0x000000000800f4f4                externalPowerOff
 .text.rangeMinMax
                0x000000000800f520       0x82 ./Core/Src/GUI.o
                0x000000000800f520                rangeMinMax
 *fill*         0x000000000800f5a2        0x2 
 .text.changeData
                0x000000000800f5a4       0xcc ./Core/Src/GUI.o
                0x000000000800f5a4                changeData
 .text.speedControl
                0x000000000800f670       0x7c ./Core/Src/GUI.o
                0x000000000800f670                speedControl
 .text.changeParamPlusMinus
                0x000000000800f6ec       0x9c ./Core/Src/GUI.o
                0x000000000800f6ec                changeParamPlusMinus
 .text.togleUnits
                0x000000000800f788       0xe0 ./Core/Src/GUI.o
                0x000000000800f788                togleUnits
 .text.NPN_PNPButton
                0x000000000800f868      0x148 ./Core/Src/GUI.o
                0x000000000800f868                NPN_PNPButton
 .text.setParamNPN_PNP
                0x000000000800f9b0       0x74 ./Core/Src/GUI.o
                0x000000000800f9b0                setParamNPN_PNP
 .text.checkButtonPress
                0x000000000800fa24      0x25c ./Core/Src/GUI.o
                0x000000000800fa24                checkButtonPress
 .text.GUIPostHandler
                0x000000000800fc80       0xbc ./Core/Src/GUI.o
                0x000000000800fc80                GUIPostHandler
 .text.main     0x000000000800fd3c       0x8c ./Core/Src/main.o
                0x000000000800fd3c                main
 .text.SystemClock_Config
                0x000000000800fdc8       0xd0 ./Core/Src/main.o
                0x000000000800fdc8                SystemClock_Config
 .text.MX_ADC1_Init
                0x000000000800fe98       0xa4 ./Core/Src/main.o
 .text.MX_SPI1_Init
                0x000000000800ff3c       0x6c ./Core/Src/main.o
 .text.MX_SPI2_Init
                0x000000000800ffa8       0x6c ./Core/Src/main.o
 .text.MX_TIM5_Init
                0x0000000008010014       0xd4 ./Core/Src/main.o
 .text.MX_DMA_Init
                0x00000000080100e8       0x34 ./Core/Src/main.o
 .text.MX_GPIO_Init
                0x000000000801011c       0xec ./Core/Src/main.o
 .text.Error_Handler
                0x0000000008010208        0xa ./Core/Src/main.o
                0x0000000008010208                Error_Handler
 .text.wholeDevider
                0x0000000008010212       0x80 ./Core/Src/saportAndData.o
                0x0000000008010212                wholeDevider
 *fill*         0x0000000008010292        0x2 
 .text.buzzerSet
                0x0000000008010294       0x3c ./Core/Src/saportAndData.o
                0x0000000008010294                buzzerSet
 .text.writeDataToMemory
                0x00000000080102d0       0x38 ./Core/Src/saportAndData.o
                0x00000000080102d0                writeDataToMemory
 .text.HAL_MspInit
                0x0000000008010308       0x50 ./Core/Src/stm32f4xx_hal_msp.o
                0x0000000008010308                HAL_MspInit
 .text.HAL_ADC_MspInit
                0x0000000008010358       0xf0 ./Core/Src/stm32f4xx_hal_msp.o
                0x0000000008010358                HAL_ADC_MspInit
 .text.HAL_SPI_MspInit
                0x0000000008010448       0xfc ./Core/Src/stm32f4xx_hal_msp.o
                0x0000000008010448                HAL_SPI_MspInit
 .text.HAL_TIM_PWM_MspInit
                0x0000000008010544       0x50 ./Core/Src/stm32f4xx_hal_msp.o
                0x0000000008010544                HAL_TIM_PWM_MspInit
 .text.HAL_TIM_MspPostInit
                0x0000000008010594       0x74 ./Core/Src/stm32f4xx_hal_msp.o
                0x0000000008010594                HAL_TIM_MspPostInit
 .text.NMI_Handler
                0x0000000008010608        0x6 ./Core/Src/stm32f4xx_it.o
                0x0000000008010608                NMI_Handler
 .text.HardFault_Handler
                0x000000000801060e        0x6 ./Core/Src/stm32f4xx_it.o
                0x000000000801060e                HardFault_Handler
 .text.MemManage_Handler
                0x0000000008010614        0x6 ./Core/Src/stm32f4xx_it.o
                0x0000000008010614                MemManage_Handler
 .text.BusFault_Handler
                0x000000000801061a        0x6 ./Core/Src/stm32f4xx_it.o
                0x000000000801061a                BusFault_Handler
 .text.UsageFault_Handler
                0x0000000008010620        0x6 ./Core/Src/stm32f4xx_it.o
                0x0000000008010620                UsageFault_Handler
 .text.SVC_Handler
                0x0000000008010626        0xe ./Core/Src/stm32f4xx_it.o
                0x0000000008010626                SVC_Handler
 .text.DebugMon_Handler
                0x0000000008010634        0xe ./Core/Src/stm32f4xx_it.o
                0x0000000008010634                DebugMon_Handler
 .text.PendSV_Handler
                0x0000000008010642        0xe ./Core/Src/stm32f4xx_it.o
                0x0000000008010642                PendSV_Handler
 .text.SysTick_Handler
                0x0000000008010650       0xc0 ./Core/Src/stm32f4xx_it.o
                0x0000000008010650                SysTick_Handler
 .text.TIM5_IRQHandler
                0x0000000008010710       0xac ./Core/Src/stm32f4xx_it.o
                0x0000000008010710                TIM5_IRQHandler
 .text._getpid  0x00000000080107bc       0x10 ./Core/Src/syscalls.o
                0x00000000080107bc                _getpid
 .text._kill    0x00000000080107cc       0x20 ./Core/Src/syscalls.o
                0x00000000080107cc                _kill
 .text._exit    0x00000000080107ec       0x14 ./Core/Src/syscalls.o
                0x00000000080107ec                _exit
 .text._read    0x0000000008010800       0x3a ./Core/Src/syscalls.o
                0x0000000008010800                _read
 .text._write   0x000000000801083a       0x38 ./Core/Src/syscalls.o
                0x000000000801083a                _write
 .text._close   0x0000000008010872       0x18 ./Core/Src/syscalls.o
                0x0000000008010872                _close
 .text._fstat   0x000000000801088a       0x20 ./Core/Src/syscalls.o
                0x000000000801088a                _fstat
 .text._isatty  0x00000000080108aa       0x16 ./Core/Src/syscalls.o
                0x00000000080108aa                _isatty
 .text._lseek   0x00000000080108c0       0x1a ./Core/Src/syscalls.o
                0x00000000080108c0                _lseek
 *fill*         0x00000000080108da        0x2 
 .text._sbrk    0x00000000080108dc       0x6c ./Core/Src/sysmem.o
                0x00000000080108dc                _sbrk
 .text.SystemInit
                0x0000000008010948       0x24 ./Core/Src/system_stm32f4xx.o
                0x0000000008010948                SystemInit
 .text.setTimAndStart
                0x000000000801096c      0x164 ./Core/Src/timers.o
                0x000000000801096c                setTimAndStart
 .text.timerOff
                0x0000000008010ad0       0x64 ./Core/Src/timers.o
                0x0000000008010ad0                timerOff
 .text.doWork   0x0000000008010b34       0x30 ./Core/Src/work.o
                0x0000000008010b34                doWork
 .text.Work     0x0000000008010b64       0xf4 ./Core/Src/work.o
                0x0000000008010b64                Work
 .text.filtrADC
                0x0000000008010c58      0x154 ./Core/Src/work.o
                0x0000000008010c58                filtrADC
 .text.calibration
                0x0000000008010dac       0xcc ./Core/Src/work.o
                0x0000000008010dac                calibration
 .text.readEEPROM
                0x0000000008010e78       0xdc ./Core/Src/work.o
                0x0000000008010e78                readEEPROM
 .text.saveEEPROM
                0x0000000008010f54      0x134 ./Core/Src/work.o
                0x0000000008010f54                saveEEPROM
 .text.Reset_Handler
                0x0000000008011088       0x50 ./Core/Startup/startup_stm32f411ceux.o
                0x0000000008011088                Reset_Handler
 .text.Default_Handler
                0x00000000080110d8        0x2 ./Core/Startup/startup_stm32f411ceux.o
                0x00000000080110d8                RTC_Alarm_IRQHandler
                0x00000000080110d8                EXTI2_IRQHandler
                0x00000000080110d8                SPI4_IRQHandler
                0x00000000080110d8                TIM1_CC_IRQHandler
                0x00000000080110d8                DMA2_Stream5_IRQHandler
                0x00000000080110d8                DMA1_Stream5_IRQHandler
                0x00000000080110d8                PVD_IRQHandler
                0x00000000080110d8                SDIO_IRQHandler
                0x00000000080110d8                TAMP_STAMP_IRQHandler
                0x00000000080110d8                EXTI3_IRQHandler
                0x00000000080110d8                TIM1_UP_TIM10_IRQHandler
                0x00000000080110d8                I2C3_ER_IRQHandler
                0x00000000080110d8                EXTI0_IRQHandler
                0x00000000080110d8                I2C2_EV_IRQHandler
                0x00000000080110d8                DMA1_Stream2_IRQHandler
                0x00000000080110d8                FPU_IRQHandler
                0x00000000080110d8                DMA2_Stream2_IRQHandler
                0x00000000080110d8                SPI1_IRQHandler
                0x00000000080110d8                TIM1_BRK_TIM9_IRQHandler
                0x00000000080110d8                DMA2_Stream3_IRQHandler
                0x00000000080110d8                USART6_IRQHandler
                0x00000000080110d8                DMA2_Stream0_IRQHandler
                0x00000000080110d8                TIM4_IRQHandler
                0x00000000080110d8                I2C1_EV_IRQHandler
                0x00000000080110d8                DMA1_Stream6_IRQHandler
                0x00000000080110d8                DMA1_Stream1_IRQHandler
                0x00000000080110d8                TIM3_IRQHandler
                0x00000000080110d8                RCC_IRQHandler
                0x00000000080110d8                Default_Handler
                0x00000000080110d8                EXTI15_10_IRQHandler
                0x00000000080110d8                ADC_IRQHandler
                0x00000000080110d8                DMA1_Stream7_IRQHandler
                0x00000000080110d8                SPI5_IRQHandler
                0x00000000080110d8                DMA2_Stream7_IRQHandler
                0x00000000080110d8                I2C3_EV_IRQHandler
                0x00000000080110d8                EXTI9_5_IRQHandler
                0x00000000080110d8                RTC_WKUP_IRQHandler
                0x00000000080110d8                SPI2_IRQHandler
                0x00000000080110d8                DMA1_Stream0_IRQHandler
                0x00000000080110d8                EXTI4_IRQHandler
                0x00000000080110d8                WWDG_IRQHandler
                0x00000000080110d8                TIM2_IRQHandler
                0x00000000080110d8                OTG_FS_WKUP_IRQHandler
                0x00000000080110d8                TIM1_TRG_COM_TIM11_IRQHandler
                0x00000000080110d8                EXTI1_IRQHandler
                0x00000000080110d8                USART2_IRQHandler
                0x00000000080110d8                I2C2_ER_IRQHandler
                0x00000000080110d8                DMA2_Stream1_IRQHandler
                0x00000000080110d8                FLASH_IRQHandler
                0x00000000080110d8                DMA2_Stream4_IRQHandler
                0x00000000080110d8                USART1_IRQHandler
                0x00000000080110d8                OTG_FS_IRQHandler
                0x00000000080110d8                SPI3_IRQHandler
                0x00000000080110d8                DMA1_Stream4_IRQHandler
                0x00000000080110d8                I2C1_ER_IRQHandler
                0x00000000080110d8                DMA2_Stream6_IRQHandler
                0x00000000080110d8                DMA1_Stream3_IRQHandler
 *fill*         0x00000000080110da        0x2 
 .text.HAL_Init
                0x00000000080110dc       0x44 ./Drivers/STM32F4xx_HAL_Driver/Src/stm32f4xx_hal.o
                0x00000000080110dc                HAL_Init
 .text.HAL_InitTick
                0x0000000008011120       0x60 ./Drivers/STM32F4xx_HAL_Driver/Src/stm32f4xx_hal.o
                0x0000000008011120                HAL_InitTick
 .text.HAL_IncTick
                0x0000000008011180       0x28 ./Drivers/STM32F4xx_HAL_Driver/Src/stm32f4xx_hal.o
                0x0000000008011180                HAL_IncTick
 .text.HAL_GetTick
                0x00000000080111a8       0x18 ./Drivers/STM32F4xx_HAL_Driver/Src/stm32f4xx_hal.o
                0x00000000080111a8                HAL_GetTick
 .text.HAL_Delay
                0x00000000080111c0       0x48 ./Drivers/STM32F4xx_HAL_Driver/Src/stm32f4xx_hal.o
                0x00000000080111c0                HAL_Delay
 .text.HAL_ADC_Init
                0x0000000008011208       0x86 ./Drivers/STM32F4xx_HAL_Driver/Src/stm32f4xx_hal_adc.o
                0x0000000008011208                HAL_ADC_Init
 *fill*         0x000000000801128e        0x2 
 .text.HAL_ADC_Start_DMA
                0x0000000008011290      0x1e0 ./Drivers/STM32F4xx_HAL_Driver/Src/stm32f4xx_hal_adc.o
                0x0000000008011290                HAL_ADC_Start_DMA
 .text.HAL_ADC_ConvCpltCallback
                0x0000000008011470       0x14 ./Drivers/STM32F4xx_HAL_Driver/Src/stm32f4xx_hal_adc.o
                0x0000000008011470                HAL_ADC_ConvCpltCallback
 .text.HAL_ADC_ConvHalfCpltCallback
                0x0000000008011484       0x14 ./Drivers/STM32F4xx_HAL_Driver/Src/stm32f4xx_hal_adc.o
                0x0000000008011484                HAL_ADC_ConvHalfCpltCallback
 .text.HAL_ADC_ErrorCallback
                0x0000000008011498       0x14 ./Drivers/STM32F4xx_HAL_Driver/Src/stm32f4xx_hal_adc.o
                0x0000000008011498                HAL_ADC_ErrorCallback
 .text.HAL_ADC_ConfigChannel
                0x00000000080114ac      0x264 ./Drivers/STM32F4xx_HAL_Driver/Src/stm32f4xx_hal_adc.o
                0x00000000080114ac                HAL_ADC_ConfigChannel
 .text.ADC_Init
                0x0000000008011710      0x1f8 ./Drivers/STM32F4xx_HAL_Driver/Src/stm32f4xx_hal_adc.o
 .text.ADC_DMAConvCplt
                0x0000000008011908       0xba ./Drivers/STM32F4xx_HAL_Driver/Src/stm32f4xx_hal_adc.o
 .text.ADC_DMAHalfConvCplt
                0x00000000080119c2       0x1c ./Drivers/STM32F4xx_HAL_Driver/Src/stm32f4xx_hal_adc.o
 .text.ADC_DMAError
                0x00000000080119de       0x2e ./Drivers/STM32F4xx_HAL_Driver/Src/stm32f4xx_hal_adc.o
 .text.__NVIC_SetPriorityGrouping
                0x0000000008011a0c       0x48 ./Drivers/STM32F4xx_HAL_Driver/Src/stm32f4xx_hal_cortex.o
 .text.__NVIC_GetPriorityGrouping
                0x0000000008011a54       0x1c ./Drivers/STM32F4xx_HAL_Driver/Src/stm32f4xx_hal_cortex.o
 .text.__NVIC_EnableIRQ
                0x0000000008011a70       0x3c ./Drivers/STM32F4xx_HAL_Driver/Src/stm32f4xx_hal_cortex.o
 .text.__NVIC_SetPriority
                0x0000000008011aac       0x54 ./Drivers/STM32F4xx_HAL_Driver/Src/stm32f4xx_hal_cortex.o
 .text.NVIC_EncodePriority
                0x0000000008011b00       0x66 ./Drivers/STM32F4xx_HAL_Driver/Src/stm32f4xx_hal_cortex.o
 *fill*         0x0000000008011b66        0x2 
 .text.SysTick_Config
                0x0000000008011b68       0x44 ./Drivers/STM32F4xx_HAL_Driver/Src/stm32f4xx_hal_cortex.o
 .text.HAL_NVIC_SetPriorityGrouping
                0x0000000008011bac       0x16 ./Drivers/STM32F4xx_HAL_Driver/Src/stm32f4xx_hal_cortex.o
                0x0000000008011bac                HAL_NVIC_SetPriorityGrouping
 .text.HAL_NVIC_SetPriority
                0x0000000008011bc2       0x38 ./Drivers/STM32F4xx_HAL_Driver/Src/stm32f4xx_hal_cortex.o
                0x0000000008011bc2                HAL_NVIC_SetPriority
 .text.HAL_NVIC_EnableIRQ
                0x0000000008011bfa       0x1c ./Drivers/STM32F4xx_HAL_Driver/Src/stm32f4xx_hal_cortex.o
                0x0000000008011bfa                HAL_NVIC_EnableIRQ
 .text.HAL_SYSTICK_Config
                0x0000000008011c16       0x18 ./Drivers/STM32F4xx_HAL_Driver/Src/stm32f4xx_hal_cortex.o
                0x0000000008011c16                HAL_SYSTICK_Config
 *fill*         0x0000000008011c2e        0x2 
 .text.HAL_DMA_Init
                0x0000000008011c30      0x15c ./Drivers/STM32F4xx_HAL_Driver/Src/stm32f4xx_hal_dma.o
                0x0000000008011c30                HAL_DMA_Init
 .text.HAL_DMA_Start_IT
                0x0000000008011d8c       0xb0 ./Drivers/STM32F4xx_HAL_Driver/Src/stm32f4xx_hal_dma.o
                0x0000000008011d8c                HAL_DMA_Start_IT
 .text.DMA_SetConfig
                0x0000000008011e3c       0x5c ./Drivers/STM32F4xx_HAL_Driver/Src/stm32f4xx_hal_dma.o
 .text.DMA_CalcBaseAndBitshift
                0x0000000008011e98       0x6c ./Drivers/STM32F4xx_HAL_Driver/Src/stm32f4xx_hal_dma.o
 .text.DMA_CheckFifoParam
                0x0000000008011f04       0xf8 ./Drivers/STM32F4xx_HAL_Driver/Src/stm32f4xx_hal_dma.o
 .text.HAL_FLASH_Program
                0x0000000008011ffc       0xa8 ./Drivers/STM32F4xx_HAL_Driver/Src/stm32f4xx_hal_flash.o
                0x0000000008011ffc                HAL_FLASH_Program
 .text.HAL_FLASH_Unlock
                0x00000000080120a4       0x44 ./Drivers/STM32F4xx_HAL_Driver/Src/stm32f4xx_hal_flash.o
                0x00000000080120a4                HAL_FLASH_Unlock
 .text.HAL_FLASH_Lock
                0x00000000080120e8       0x20 ./Drivers/STM32F4xx_HAL_Driver/Src/stm32f4xx_hal_flash.o
                0x00000000080120e8                HAL_FLASH_Lock
 .text.FLASH_WaitForLastOperation
                0x0000000008012108       0x80 ./Drivers/STM32F4xx_HAL_Driver/Src/stm32f4xx_hal_flash.o
                0x0000000008012108                FLASH_WaitForLastOperation
 .text.FLASH_Program_DoubleWord
                0x0000000008012188       0x64 ./Drivers/STM32F4xx_HAL_Driver/Src/stm32f4xx_hal_flash.o
 .text.FLASH_Program_Word
                0x00000000080121ec       0x44 ./Drivers/STM32F4xx_HAL_Driver/Src/stm32f4xx_hal_flash.o
 .text.FLASH_Program_HalfWord
                0x0000000008012230       0x48 ./Drivers/STM32F4xx_HAL_Driver/Src/stm32f4xx_hal_flash.o
 .text.FLASH_Program_Byte
                0x0000000008012278       0x44 ./Drivers/STM32F4xx_HAL_Driver/Src/stm32f4xx_hal_flash.o
 .text.FLASH_SetErrorCode
                0x00000000080122bc       0xcc ./Drivers/STM32F4xx_HAL_Driver/Src/stm32f4xx_hal_flash.o
 .text.FLASH_Erase_Sector
                0x0000000008012388       0x90 ./Drivers/STM32F4xx_HAL_Driver/Src/stm32f4xx_hal_flash_ex.o
                0x0000000008012388                FLASH_Erase_Sector
 .text.HAL_GPIO_Init
                0x0000000008012418      0x308 ./Drivers/STM32F4xx_HAL_Driver/Src/stm32f4xx_hal_gpio.o
                0x0000000008012418                HAL_GPIO_Init
 .text.HAL_GPIO_ReadPin
                0x0000000008012720       0x30 ./Drivers/STM32F4xx_HAL_Driver/Src/stm32f4xx_hal_gpio.o
                0x0000000008012720                HAL_GPIO_ReadPin
 .text.HAL_GPIO_WritePin
                0x0000000008012750       0x32 ./Drivers/STM32F4xx_HAL_Driver/Src/stm32f4xx_hal_gpio.o
                0x0000000008012750                HAL_GPIO_WritePin
 *fill*         0x0000000008012782        0x2 
 .text.HAL_RCC_OscConfig
                0x0000000008012784      0x4f0 ./Drivers/STM32F4xx_HAL_Driver/Src/stm32f4xx_hal_rcc.o
                0x0000000008012784                HAL_RCC_OscConfig
 .text.HAL_RCC_ClockConfig
                0x0000000008012c74      0x1cc ./Drivers/STM32F4xx_HAL_Driver/Src/stm32f4xx_hal_rcc.o
                0x0000000008012c74                HAL_RCC_ClockConfig
 .text.HAL_RCC_GetSysClockFreq
                0x0000000008012e40      0x20c ./Drivers/STM32F4xx_HAL_Driver/Src/stm32f4xx_hal_rcc.o
                0x0000000008012e40                HAL_RCC_GetSysClockFreq
 .text.HAL_SPI_Init
                0x000000000801304c      0x112 ./Drivers/STM32F4xx_HAL_Driver/Src/stm32f4xx_hal_spi.o
                0x000000000801304c                HAL_SPI_Init
 .text.HAL_SPI_Transmit
                0x000000000801315e      0x278 ./Drivers/STM32F4xx_HAL_Driver/Src/stm32f4xx_hal_spi.o
                0x000000000801315e                HAL_SPI_Transmit
 .text.HAL_SPI_TransmitReceive
                0x00000000080133d6      0x344 ./Drivers/STM32F4xx_HAL_Driver/Src/stm32f4xx_hal_spi.o
                0x00000000080133d6                HAL_SPI_TransmitReceive
 *fill*         0x000000000801371a        0x2 
 .text.SPI_WaitFlagStateUntilTimeout
                0x000000000801371c      0x110 ./Drivers/STM32F4xx_HAL_Driver/Src/stm32f4xx_hal_spi.o
 .text.SPI_EndRxTxTransaction
                0x000000000801382c       0x84 ./Drivers/STM32F4xx_HAL_Driver/Src/stm32f4xx_hal_spi.o
 .text.HAL_TIM_PWM_Init
                0x00000000080138b0       0x9e ./Drivers/STM32F4xx_HAL_Driver/Src/stm32f4xx_hal_tim.o
                0x00000000080138b0                HAL_TIM_PWM_Init
 .text.HAL_TIM_IRQHandler
                0x000000000801394e      0x210 ./Drivers/STM32F4xx_HAL_Driver/Src/stm32f4xx_hal_tim.o
                0x000000000801394e                HAL_TIM_IRQHandler
 *fill*         0x0000000008013b5e        0x2 
 .text.HAL_TIM_PWM_ConfigChannel
                0x0000000008013b60      0x184 ./Drivers/STM32F4xx_HAL_Driver/Src/stm32f4xx_hal_tim.o
                0x0000000008013b60                HAL_TIM_PWM_ConfigChannel
 .text.HAL_TIM_PeriodElapsedCallback
                0x0000000008013ce4       0x14 ./Drivers/STM32F4xx_HAL_Driver/Src/stm32f4xx_hal_tim.o
                0x0000000008013ce4                HAL_TIM_PeriodElapsedCallback
 .text.HAL_TIM_OC_DelayElapsedCallback
                0x0000000008013cf8       0x14 ./Drivers/STM32F4xx_HAL_Driver/Src/stm32f4xx_hal_tim.o
                0x0000000008013cf8                HAL_TIM_OC_DelayElapsedCallback
 .text.HAL_TIM_IC_CaptureCallback
                0x0000000008013d0c       0x14 ./Drivers/STM32F4xx_HAL_Driver/Src/stm32f4xx_hal_tim.o
                0x0000000008013d0c                HAL_TIM_IC_CaptureCallback
 .text.HAL_TIM_PWM_PulseFinishedCallback
                0x0000000008013d20       0x14 ./Drivers/STM32F4xx_HAL_Driver/Src/stm32f4xx_hal_tim.o
                0x0000000008013d20                HAL_TIM_PWM_PulseFinishedCallback
 .text.HAL_TIM_TriggerCallback
                0x0000000008013d34       0x14 ./Drivers/STM32F4xx_HAL_Driver/Src/stm32f4xx_hal_tim.o
                0x0000000008013d34                HAL_TIM_TriggerCallback
 .text.TIM_Base_SetConfig
                0x0000000008013d48      0x100 ./Drivers/STM32F4xx_HAL_Driver/Src/stm32f4xx_hal_tim.o
                0x0000000008013d48                TIM_Base_SetConfig
 .text.TIM_OC1_SetConfig
                0x0000000008013e48       0xcc ./Drivers/STM32F4xx_HAL_Driver/Src/stm32f4xx_hal_tim.o
 .text.TIM_OC2_SetConfig
                0x0000000008013f14       0xd8 ./Drivers/STM32F4xx_HAL_Driver/Src/stm32f4xx_hal_tim.o
                0x0000000008013f14                TIM_OC2_SetConfig
 .text.TIM_OC3_SetConfig
                0x0000000008013fec       0xd4 ./Drivers/STM32F4xx_HAL_Driver/Src/stm32f4xx_hal_tim.o
 .text.TIM_OC4_SetConfig
                0x00000000080140c0       0xa0 ./Drivers/STM32F4xx_HAL_Driver/Src/stm32f4xx_hal_tim.o
 .text.HAL_TIMEx_MasterConfigSynchronization
                0x0000000008014160       0xdc ./Drivers/STM32F4xx_HAL_Driver/Src/stm32f4xx_hal_tim_ex.o
                0x0000000008014160                HAL_TIMEx_MasterConfigSynchronization
 .text.HAL_TIMEx_CommutCallback
                0x000000000801423c       0x14 ./Drivers/STM32F4xx_HAL_Driver/Src/stm32f4xx_hal_tim_ex.o
                0x000000000801423c                HAL_TIMEx_CommutCallback
 .text.HAL_TIMEx_BreakCallback
                0x0000000008014250       0x14 ./Drivers/STM32F4xx_HAL_Driver/Src/stm32f4xx_hal_tim_ex.o
                0x0000000008014250                HAL_TIMEx_BreakCallback
 .text.__errno  0x0000000008014264        0xc c:/program files/stm32cubeide_1.11.0/stm32cubeide/plugins/com.st.stm32cube.ide.mcu.externaltools.gnu-tools-for-stm32.10.3-2021.10.win32_1.0.100.202210260954/tools/bin/../lib/gcc/arm-none-eabi/10.3.1/../../../../arm-none-eabi/lib/thumb/v7e-m+fp/hard\libc_nano.a(lib_a-errno.o)
                0x0000000008014264                __errno
 .text.__libc_init_array
                0x0000000008014270       0x48 c:/program files/stm32cubeide_1.11.0/stm32cubeide/plugins/com.st.stm32cube.ide.mcu.externaltools.gnu-tools-for-stm32.10.3-2021.10.win32_1.0.100.202210260954/tools/bin/../lib/gcc/arm-none-eabi/10.3.1/../../../../arm-none-eabi/lib/thumb/v7e-m+fp/hard\libc_nano.a(lib_a-init.o)
                0x0000000008014270                __libc_init_array
 .text.memset   0x00000000080142b8       0x10 c:/program files/stm32cubeide_1.11.0/stm32cubeide/plugins/com.st.stm32cube.ide.mcu.externaltools.gnu-tools-for-stm32.10.3-2021.10.win32_1.0.100.202210260954/tools/bin/../lib/gcc/arm-none-eabi/10.3.1/../../../../arm-none-eabi/lib/thumb/v7e-m+fp/hard\libc_nano.a(lib_a-memset.o)
                0x00000000080142b8                memset
 .text.__cvt    0x00000000080142c8       0xc4 c:/program files/stm32cubeide_1.11.0/stm32cubeide/plugins/com.st.stm32cube.ide.mcu.externaltools.gnu-tools-for-stm32.10.3-2021.10.win32_1.0.100.202210260954/tools/bin/../lib/gcc/arm-none-eabi/10.3.1/../../../../arm-none-eabi/lib/thumb/v7e-m+fp/hard\libc_nano.a(lib_a-nano-vfprintf_float.o)
                0x00000000080142c8                __cvt
 .text.__exponent
                0x000000000801438c       0x7c c:/program files/stm32cubeide_1.11.0/stm32cubeide/plugins/com.st.stm32cube.ide.mcu.externaltools.gnu-tools-for-stm32.10.3-2021.10.win32_1.0.100.202210260954/tools/bin/../lib/gcc/arm-none-eabi/10.3.1/../../../../arm-none-eabi/lib/thumb/v7e-m+fp/hard\libc_nano.a(lib_a-nano-vfprintf_float.o)
                0x000000000801438c                __exponent
 .text._printf_float
                0x0000000008014408      0x46c c:/program files/stm32cubeide_1.11.0/stm32cubeide/plugins/com.st.stm32cube.ide.mcu.externaltools.gnu-tools-for-stm32.10.3-2021.10.win32_1.0.100.202210260954/tools/bin/../lib/gcc/arm-none-eabi/10.3.1/../../../../arm-none-eabi/lib/thumb/v7e-m+fp/hard\libc_nano.a(lib_a-nano-vfprintf_float.o)
                0x0000000008014408                _printf_float
 .text._printf_common
                0x0000000008014874       0xda c:/program files/stm32cubeide_1.11.0/stm32cubeide/plugins/com.st.stm32cube.ide.mcu.externaltools.gnu-tools-for-stm32.10.3-2021.10.win32_1.0.100.202210260954/tools/bin/../lib/gcc/arm-none-eabi/10.3.1/../../../../arm-none-eabi/lib/thumb/v7e-m+fp/hard\libc_nano.a(lib_a-nano-vfprintf_i.o)
                0x0000000008014874                _printf_common
 *fill*         0x000000000801494e        0x2 
 .text._printf_i
                0x0000000008014950      0x24c c:/program files/stm32cubeide_1.11.0/stm32cubeide/plugins/com.st.stm32cube.ide.mcu.externaltools.gnu-tools-for-stm32.10.3-2021.10.win32_1.0.100.202210260954/tools/bin/../lib/gcc/arm-none-eabi/10.3.1/../../../../arm-none-eabi/lib/thumb/v7e-m+fp/hard\libc_nano.a(lib_a-nano-vfprintf_i.o)
                0x0000000008014950                _printf_i
 .text.sprintf  0x0000000008014b9c       0x40 c:/program files/stm32cubeide_1.11.0/stm32cubeide/plugins/com.st.stm32cube.ide.mcu.externaltools.gnu-tools-for-stm32.10.3-2021.10.win32_1.0.100.202210260954/tools/bin/../lib/gcc/arm-none-eabi/10.3.1/../../../../arm-none-eabi/lib/thumb/v7e-m+fp/hard\libc_nano.a(lib_a-sprintf.o)
                0x0000000008014b9c                siprintf
                0x0000000008014b9c                sprintf
 .text.quorem   0x0000000008014bdc      0x116 c:/program files/stm32cubeide_1.11.0/stm32cubeide/plugins/com.st.stm32cube.ide.mcu.externaltools.gnu-tools-for-stm32.10.3-2021.10.win32_1.0.100.202210260954/tools/bin/../lib/gcc/arm-none-eabi/10.3.1/../../../../arm-none-eabi/lib/thumb/v7e-m+fp/hard\libc_nano.a(lib_a-dtoa.o)
 *fill*         0x0000000008014cf2        0x6 
 .text._dtoa_r  0x0000000008014cf8      0xbdc c:/program files/stm32cubeide_1.11.0/stm32cubeide/plugins/com.st.stm32cube.ide.mcu.externaltools.gnu-tools-for-stm32.10.3-2021.10.win32_1.0.100.202210260954/tools/bin/../lib/gcc/arm-none-eabi/10.3.1/../../../../arm-none-eabi/lib/thumb/v7e-m+fp/hard\libc_nano.a(lib_a-dtoa.o)
                0x0000000008014cf8                _dtoa_r
 .text._localeconv_r
                0x00000000080158d4        0x8 c:/program files/stm32cubeide_1.11.0/stm32cubeide/plugins/com.st.stm32cube.ide.mcu.externaltools.gnu-tools-for-stm32.10.3-2021.10.win32_1.0.100.202210260954/tools/bin/../lib/gcc/arm-none-eabi/10.3.1/../../../../arm-none-eabi/lib/thumb/v7e-m+fp/hard\libc_nano.a(lib_a-localeconv.o)
                0x00000000080158d4                _localeconv_r
 .text.malloc   0x00000000080158dc       0x10 c:/program files/stm32cubeide_1.11.0/stm32cubeide/plugins/com.st.stm32cube.ide.mcu.externaltools.gnu-tools-for-stm32.10.3-2021.10.win32_1.0.100.202210260954/tools/bin/../lib/gcc/arm-none-eabi/10.3.1/../../../../arm-none-eabi/lib/thumb/v7e-m+fp/hard\libc_nano.a(lib_a-malloc.o)
                0x00000000080158dc                malloc
 .text.memcpy   0x00000000080158ec       0x1c c:/program files/stm32cubeide_1.11.0/stm32cubeide/plugins/com.st.stm32cube.ide.mcu.externaltools.gnu-tools-for-stm32.10.3-2021.10.win32_1.0.100.202210260954/tools/bin/../lib/gcc/arm-none-eabi/10.3.1/../../../../arm-none-eabi/lib/thumb/v7e-m+fp/hard\libc_nano.a(lib_a-memcpy-stub.o)
                0x00000000080158ec                memcpy
 .text._Balloc  0x0000000008015908       0x80 c:/program files/stm32cubeide_1.11.0/stm32cubeide/plugins/com.st.stm32cube.ide.mcu.externaltools.gnu-tools-for-stm32.10.3-2021.10.win32_1.0.100.202210260954/tools/bin/../lib/gcc/arm-none-eabi/10.3.1/../../../../arm-none-eabi/lib/thumb/v7e-m+fp/hard\libc_nano.a(lib_a-mprec.o)
                0x0000000008015908                _Balloc
 .text._Bfree   0x0000000008015988       0x44 c:/program files/stm32cubeide_1.11.0/stm32cubeide/plugins/com.st.stm32cube.ide.mcu.externaltools.gnu-tools-for-stm32.10.3-2021.10.win32_1.0.100.202210260954/tools/bin/../lib/gcc/arm-none-eabi/10.3.1/../../../../arm-none-eabi/lib/thumb/v7e-m+fp/hard\libc_nano.a(lib_a-mprec.o)
                0x0000000008015988                _Bfree
 .text.__multadd
                0x00000000080159cc       0x8c c:/program files/stm32cubeide_1.11.0/stm32cubeide/plugins/com.st.stm32cube.ide.mcu.externaltools.gnu-tools-for-stm32.10.3-2021.10.win32_1.0.100.202210260954/tools/bin/../lib/gcc/arm-none-eabi/10.3.1/../../../../arm-none-eabi/lib/thumb/v7e-m+fp/hard\libc_nano.a(lib_a-mprec.o)
                0x00000000080159cc                __multadd
 .text.__hi0bits
                0x0000000008015a58       0x40 c:/program files/stm32cubeide_1.11.0/stm32cubeide/plugins/com.st.stm32cube.ide.mcu.externaltools.gnu-tools-for-stm32.10.3-2021.10.win32_1.0.100.202210260954/tools/bin/../lib/gcc/arm-none-eabi/10.3.1/../../../../arm-none-eabi/lib/thumb/v7e-m+fp/hard\libc_nano.a(lib_a-mprec.o)
                0x0000000008015a58                __hi0bits
 .text.__lo0bits
                0x0000000008015a98       0x5e c:/program files/stm32cubeide_1.11.0/stm32cubeide/plugins/com.st.stm32cube.ide.mcu.externaltools.gnu-tools-for-stm32.10.3-2021.10.win32_1.0.100.202210260954/tools/bin/../lib/gcc/arm-none-eabi/10.3.1/../../../../arm-none-eabi/lib/thumb/v7e-m+fp/hard\libc_nano.a(lib_a-mprec.o)
                0x0000000008015a98                __lo0bits
 *fill*         0x0000000008015af6        0x2 
 .text.__i2b    0x0000000008015af8       0x2c c:/program files/stm32cubeide_1.11.0/stm32cubeide/plugins/com.st.stm32cube.ide.mcu.externaltools.gnu-tools-for-stm32.10.3-2021.10.win32_1.0.100.202210260954/tools/bin/../lib/gcc/arm-none-eabi/10.3.1/../../../../arm-none-eabi/lib/thumb/v7e-m+fp/hard\libc_nano.a(lib_a-mprec.o)
                0x0000000008015af8                __i2b
 .text.__multiply
                0x0000000008015b24      0x154 c:/program files/stm32cubeide_1.11.0/stm32cubeide/plugins/com.st.stm32cube.ide.mcu.externaltools.gnu-tools-for-stm32.10.3-2021.10.win32_1.0.100.202210260954/tools/bin/../lib/gcc/arm-none-eabi/10.3.1/../../../../arm-none-eabi/lib/thumb/v7e-m+fp/hard\libc_nano.a(lib_a-mprec.o)
                0x0000000008015b24                __multiply
 .text.__pow5mult
                0x0000000008015c78       0xb4 c:/program files/stm32cubeide_1.11.0/stm32cubeide/plugins/com.st.stm32cube.ide.mcu.externaltools.gnu-tools-for-stm32.10.3-2021.10.win32_1.0.100.202210260954/tools/bin/../lib/gcc/arm-none-eabi/10.3.1/../../../../arm-none-eabi/lib/thumb/v7e-m+fp/hard\libc_nano.a(lib_a-mprec.o)
                0x0000000008015c78                __pow5mult
 .text.__lshift
                0x0000000008015d2c       0xe0 c:/program files/stm32cubeide_1.11.0/stm32cubeide/plugins/com.st.stm32cube.ide.mcu.externaltools.gnu-tools-for-stm32.10.3-2021.10.win32_1.0.100.202210260954/tools/bin/../lib/gcc/arm-none-eabi/10.3.1/../../../../arm-none-eabi/lib/thumb/v7e-m+fp/hard\libc_nano.a(lib_a-mprec.o)
                0x0000000008015d2c                __lshift
 .text.__mcmp   0x0000000008015e0c       0x38 c:/program files/stm32cubeide_1.11.0/stm32cubeide/plugins/com.st.stm32cube.ide.mcu.externaltools.gnu-tools-for-stm32.10.3-2021.10.win32_1.0.100.202210260954/tools/bin/../lib/gcc/arm-none-eabi/10.3.1/../../../../arm-none-eabi/lib/thumb/v7e-m+fp/hard\libc_nano.a(lib_a-mprec.o)
                0x0000000008015e0c                __mcmp
 .text.__mdiff  0x0000000008015e44      0x114 c:/program files/stm32cubeide_1.11.0/stm32cubeide/plugins/com.st.stm32cube.ide.mcu.externaltools.gnu-tools-for-stm32.10.3-2021.10.win32_1.0.100.202210260954/tools/bin/../lib/gcc/arm-none-eabi/10.3.1/../../../../arm-none-eabi/lib/thumb/v7e-m+fp/hard\libc_nano.a(lib_a-mprec.o)
                0x0000000008015e44                __mdiff
 .text.__d2b    0x0000000008015f58       0xb8 c:/program files/stm32cubeide_1.11.0/stm32cubeide/plugins/com.st.stm32cube.ide.mcu.externaltools.gnu-tools-for-stm32.10.3-2021.10.win32_1.0.100.202210260954/tools/bin/../lib/gcc/arm-none-eabi/10.3.1/../../../../arm-none-eabi/lib/thumb/v7e-m+fp/hard\libc_nano.a(lib_a-mprec.o)
                0x0000000008015f58                __d2b
 .text._calloc_r
                0x0000000008016010       0x2c c:/program files/stm32cubeide_1.11.0/stm32cubeide/plugins/com.st.stm32cube.ide.mcu.externaltools.gnu-tools-for-stm32.10.3-2021.10.win32_1.0.100.202210260954/tools/bin/../lib/gcc/arm-none-eabi/10.3.1/../../../../arm-none-eabi/lib/thumb/v7e-m+fp/hard\libc_nano.a(lib_a-nano-callocr.o)
                0x0000000008016010                _calloc_r
 .text._free_r  0x000000000801603c       0x98 c:/program files/stm32cubeide_1.11.0/stm32cubeide/plugins/com.st.stm32cube.ide.mcu.externaltools.gnu-tools-for-stm32.10.3-2021.10.win32_1.0.100.202210260954/tools/bin/../lib/gcc/arm-none-eabi/10.3.1/../../../../arm-none-eabi/lib/thumb/v7e-m+fp/hard\libc_nano.a(lib_a-nano-freer.o)
                0x000000000801603c                _free_r
 .text.sbrk_aligned
                0x00000000080160d4       0x40 c:/program files/stm32cubeide_1.11.0/stm32cubeide/plugins/com.st.stm32cube.ide.mcu.externaltools.gnu-tools-for-stm32.10.3-2021.10.win32_1.0.100.202210260954/tools/bin/../lib/gcc/arm-none-eabi/10.3.1/../../../../arm-none-eabi/lib/thumb/v7e-m+fp/hard\libc_nano.a(lib_a-nano-mallocr.o)
 .text._malloc_r
                0x0000000008016114       0xe8 c:/program files/stm32cubeide_1.11.0/stm32cubeide/plugins/com.st.stm32cube.ide.mcu.externaltools.gnu-tools-for-stm32.10.3-2021.10.win32_1.0.100.202210260954/tools/bin/../lib/gcc/arm-none-eabi/10.3.1/../../../../arm-none-eabi/lib/thumb/v7e-m+fp/hard\libc_nano.a(lib_a-nano-mallocr.o)
                0x0000000008016114                _malloc_r
 .text.__ssputs_r
                0x00000000080161fc       0xb6 c:/program files/stm32cubeide_1.11.0/stm32cubeide/plugins/com.st.stm32cube.ide.mcu.externaltools.gnu-tools-for-stm32.10.3-2021.10.win32_1.0.100.202210260954/tools/bin/../lib/gcc/arm-none-eabi/10.3.1/../../../../arm-none-eabi/lib/thumb/v7e-m+fp/hard\libc_nano.a(lib_a-nano-svfprintf.o)
                0x00000000080161fc                __ssputs_r
 *fill*         0x00000000080162b2        0x2 
 .text._svfprintf_r
                0x00000000080162b4      0x200 c:/program files/stm32cubeide_1.11.0/stm32cubeide/plugins/com.st.stm32cube.ide.mcu.externaltools.gnu-tools-for-stm32.10.3-2021.10.win32_1.0.100.202210260954/tools/bin/../lib/gcc/arm-none-eabi/10.3.1/../../../../arm-none-eabi/lib/thumb/v7e-m+fp/hard\libc_nano.a(lib_a-nano-svfprintf.o)
                0x00000000080162b4                _svfiprintf_r
                0x00000000080162b4                _svfprintf_r
 .text._sbrk_r  0x00000000080164b4       0x20 c:/program files/stm32cubeide_1.11.0/stm32cubeide/plugins/com.st.stm32cube.ide.mcu.externaltools.gnu-tools-for-stm32.10.3-2021.10.win32_1.0.100.202210260954/tools/bin/../lib/gcc/arm-none-eabi/10.3.1/../../../../arm-none-eabi/lib/thumb/v7e-m+fp/hard\libc_nano.a(lib_a-sbrkr.o)
                0x00000000080164b4                _sbrk_r
 .text.__assert_func
                0x00000000080164d4       0x3c c:/program files/stm32cubeide_1.11.0/stm32cubeide/plugins/com.st.stm32cube.ide.mcu.externaltools.gnu-tools-for-stm32.10.3-2021.10.win32_1.0.100.202210260954/tools/bin/../lib/gcc/arm-none-eabi/10.3.1/../../../../arm-none-eabi/lib/thumb/v7e-m+fp/hard\libc_nano.a(lib_a-assert.o)
                0x00000000080164d4                __assert_func
 .text.fprintf  0x0000000008016510       0x24 c:/program files/stm32cubeide_1.11.0/stm32cubeide/plugins/com.st.stm32cube.ide.mcu.externaltools.gnu-tools-for-stm32.10.3-2021.10.win32_1.0.100.202210260954/tools/bin/../lib/gcc/arm-none-eabi/10.3.1/../../../../arm-none-eabi/lib/thumb/v7e-m+fp/hard\libc_nano.a(lib_a-fprintf.o)
                0x0000000008016510                fiprintf
                0x0000000008016510                fprintf
 .text.__ascii_mbtowc
                0x0000000008016534       0x24 c:/program files/stm32cubeide_1.11.0/stm32cubeide/plugins/com.st.stm32cube.ide.mcu.externaltools.gnu-tools-for-stm32.10.3-2021.10.win32_1.0.100.202210260954/tools/bin/../lib/gcc/arm-none-eabi/10.3.1/../../../../arm-none-eabi/lib/thumb/v7e-m+fp/hard\libc_nano.a(lib_a-mbtowc_r.o)
                0x0000000008016534                __ascii_mbtowc
 .text.memmove  0x0000000008016558       0x34 c:/program files/stm32cubeide_1.11.0/stm32cubeide/plugins/com.st.stm32cube.ide.mcu.externaltools.gnu-tools-for-stm32.10.3-2021.10.win32_1.0.100.202210260954/tools/bin/../lib/gcc/arm-none-eabi/10.3.1/../../../../arm-none-eabi/lib/thumb/v7e-m+fp/hard\libc_nano.a(lib_a-memmove.o)
                0x0000000008016558                memmove
 .text.__malloc_lock
                0x000000000801658c        0xc c:/program files/stm32cubeide_1.11.0/stm32cubeide/plugins/com.st.stm32cube.ide.mcu.externaltools.gnu-tools-for-stm32.10.3-2021.10.win32_1.0.100.202210260954/tools/bin/../lib/gcc/arm-none-eabi/10.3.1/../../../../arm-none-eabi/lib/thumb/v7e-m+fp/hard\libc_nano.a(lib_a-mlock.o)
                0x000000000801658c                __malloc_lock
 .text.__malloc_unlock
                0x0000000008016598        0xc c:/program files/stm32cubeide_1.11.0/stm32cubeide/plugins/com.st.stm32cube.ide.mcu.externaltools.gnu-tools-for-stm32.10.3-2021.10.win32_1.0.100.202210260954/tools/bin/../lib/gcc/arm-none-eabi/10.3.1/../../../../arm-none-eabi/lib/thumb/v7e-m+fp/hard\libc_nano.a(lib_a-mlock.o)
                0x0000000008016598                __malloc_unlock
 .text._realloc_r
                0x00000000080165a4       0x5e c:/program files/stm32cubeide_1.11.0/stm32cubeide/plugins/com.st.stm32cube.ide.mcu.externaltools.gnu-tools-for-stm32.10.3-2021.10.win32_1.0.100.202210260954/tools/bin/../lib/gcc/arm-none-eabi/10.3.1/../../../../arm-none-eabi/lib/thumb/v7e-m+fp/hard\libc_nano.a(lib_a-nano-reallocr.o)
                0x00000000080165a4                _realloc_r
 .text.__sfputc_r
                0x0000000008016602       0x2e c:/program files/stm32cubeide_1.11.0/stm32cubeide/plugins/com.st.stm32cube.ide.mcu.externaltools.gnu-tools-for-stm32.10.3-2021.10.win32_1.0.100.202210260954/tools/bin/../lib/gcc/arm-none-eabi/10.3.1/../../../../arm-none-eabi/lib/thumb/v7e-m+fp/hard\libc_nano.a(lib_a-nano-vfprintf.o)
 .text.__sfputs_r
                0x0000000008016630       0x24 c:/program files/stm32cubeide_1.11.0/stm32cubeide/plugins/com.st.stm32cube.ide.mcu.externaltools.gnu-tools-for-stm32.10.3-2021.10.win32_1.0.100.202210260954/tools/bin/../lib/gcc/arm-none-eabi/10.3.1/../../../../arm-none-eabi/lib/thumb/v7e-m+fp/hard\libc_nano.a(lib_a-nano-vfprintf.o)
                0x0000000008016630                __sfputs_r
 .text._vfprintf_r
                0x0000000008016654      0x260 c:/program files/stm32cubeide_1.11.0/stm32cubeide/plugins/com.st.stm32cube.ide.mcu.externaltools.gnu-tools-for-stm32.10.3-2021.10.win32_1.0.100.202210260954/tools/bin/../lib/gcc/arm-none-eabi/10.3.1/../../../../arm-none-eabi/lib/thumb/v7e-m+fp/hard\libc_nano.a(lib_a-nano-vfprintf.o)
                0x0000000008016654                _vfprintf_r
                0x0000000008016654                _vfiprintf_r
 .text.__swbuf_r
                0x00000000080168b4       0xa4 c:/program files/stm32cubeide_1.11.0/stm32cubeide/plugins/com.st.stm32cube.ide.mcu.externaltools.gnu-tools-for-stm32.10.3-2021.10.win32_1.0.100.202210260954/tools/bin/../lib/gcc/arm-none-eabi/10.3.1/../../../../arm-none-eabi/lib/thumb/v7e-m+fp/hard\libc_nano.a(lib_a-wbuf.o)
                0x00000000080168b4                __swbuf_r
 .text.__ascii_wctomb
                0x0000000008016958       0x1a c:/program files/stm32cubeide_1.11.0/stm32cubeide/plugins/com.st.stm32cube.ide.mcu.externaltools.gnu-tools-for-stm32.10.3-2021.10.win32_1.0.100.202210260954/tools/bin/../lib/gcc/arm-none-eabi/10.3.1/../../../../arm-none-eabi/lib/thumb/v7e-m+fp/hard\libc_nano.a(lib_a-wctomb_r.o)
                0x0000000008016958                __ascii_wctomb
 *fill*         0x0000000008016972        0x2 
 .text.__swsetup_r
                0x0000000008016974       0xdc c:/program files/stm32cubeide_1.11.0/stm32cubeide/plugins/com.st.stm32cube.ide.mcu.externaltools.gnu-tools-for-stm32.10.3-2021.10.win32_1.0.100.202210260954/tools/bin/../lib/gcc/arm-none-eabi/10.3.1/../../../../arm-none-eabi/lib/thumb/v7e-m+fp/hard\libc_nano.a(lib_a-wsetup.o)
                0x0000000008016974                __swsetup_r
 .text.abort    0x0000000008016a50        0xe c:/program files/stm32cubeide_1.11.0/stm32cubeide/plugins/com.st.stm32cube.ide.mcu.externaltools.gnu-tools-for-stm32.10.3-2021.10.win32_1.0.100.202210260954/tools/bin/../lib/gcc/arm-none-eabi/10.3.1/../../../../arm-none-eabi/lib/thumb/v7e-m+fp/hard\libc_nano.a(lib_a-abort.o)
                0x0000000008016a50                abort
 *fill*         0x0000000008016a5e        0x2 
 .text.__sflush_r
                0x0000000008016a60      0x10c c:/program files/stm32cubeide_1.11.0/stm32cubeide/plugins/com.st.stm32cube.ide.mcu.externaltools.gnu-tools-for-stm32.10.3-2021.10.win32_1.0.100.202210260954/tools/bin/../lib/gcc/arm-none-eabi/10.3.1/../../../../arm-none-eabi/lib/thumb/v7e-m+fp/hard\libc_nano.a(lib_a-fflush.o)
                0x0000000008016a60                __sflush_r
 .text._fflush_r
                0x0000000008016b6c       0x78 c:/program files/stm32cubeide_1.11.0/stm32cubeide/plugins/com.st.stm32cube.ide.mcu.externaltools.gnu-tools-for-stm32.10.3-2021.10.win32_1.0.100.202210260954/tools/bin/../lib/gcc/arm-none-eabi/10.3.1/../../../../arm-none-eabi/lib/thumb/v7e-m+fp/hard\libc_nano.a(lib_a-fflush.o)
                0x0000000008016b6c                _fflush_r
 .text.std      0x0000000008016be4       0x48 c:/program files/stm32cubeide_1.11.0/stm32cubeide/plugins/com.st.stm32cube.ide.mcu.externaltools.gnu-tools-for-stm32.10.3-2021.10.win32_1.0.100.202210260954/tools/bin/../lib/gcc/arm-none-eabi/10.3.1/../../../../arm-none-eabi/lib/thumb/v7e-m+fp/hard\libc_nano.a(lib_a-findfp.o)
 .text._cleanup_r
                0x0000000008016c2c        0xc c:/program files/stm32cubeide_1.11.0/stm32cubeide/plugins/com.st.stm32cube.ide.mcu.externaltools.gnu-tools-for-stm32.10.3-2021.10.win32_1.0.100.202210260954/tools/bin/../lib/gcc/arm-none-eabi/10.3.1/../../../../arm-none-eabi/lib/thumb/v7e-m+fp/hard\libc_nano.a(lib_a-findfp.o)
                0x0000000008016c2c                _cleanup_r
 .text.__sfmoreglue
                0x0000000008016c38       0x2c c:/program files/stm32cubeide_1.11.0/stm32cubeide/plugins/com.st.stm32cube.ide.mcu.externaltools.gnu-tools-for-stm32.10.3-2021.10.win32_1.0.100.202210260954/tools/bin/../lib/gcc/arm-none-eabi/10.3.1/../../../../arm-none-eabi/lib/thumb/v7e-m+fp/hard\libc_nano.a(lib_a-findfp.o)
                0x0000000008016c38                __sfmoreglue
 .text.__sfp_lock_acquire
                0x0000000008016c64        0xc c:/program files/stm32cubeide_1.11.0/stm32cubeide/plugins/com.st.stm32cube.ide.mcu.externaltools.gnu-tools-for-stm32.10.3-2021.10.win32_1.0.100.202210260954/tools/bin/../lib/gcc/arm-none-eabi/10.3.1/../../../../arm-none-eabi/lib/thumb/v7e-m+fp/hard\libc_nano.a(lib_a-findfp.o)
                0x0000000008016c64                __sfp_lock_acquire
 .text.__sfp_lock_release
                0x0000000008016c70        0xc c:/program files/stm32cubeide_1.11.0/stm32cubeide/plugins/com.st.stm32cube.ide.mcu.externaltools.gnu-tools-for-stm32.10.3-2021.10.win32_1.0.100.202210260954/tools/bin/../lib/gcc/arm-none-eabi/10.3.1/../../../../arm-none-eabi/lib/thumb/v7e-m+fp/hard\libc_nano.a(lib_a-findfp.o)
                0x0000000008016c70                __sfp_lock_release
 .text.__sinit_lock_acquire
                0x0000000008016c7c        0xc c:/program files/stm32cubeide_1.11.0/stm32cubeide/plugins/com.st.stm32cube.ide.mcu.externaltools.gnu-tools-for-stm32.10.3-2021.10.win32_1.0.100.202210260954/tools/bin/../lib/gcc/arm-none-eabi/10.3.1/../../../../arm-none-eabi/lib/thumb/v7e-m+fp/hard\libc_nano.a(lib_a-findfp.o)
                0x0000000008016c7c                __sinit_lock_acquire
 .text.__sinit_lock_release
                0x0000000008016c88        0xc c:/program files/stm32cubeide_1.11.0/stm32cubeide/plugins/com.st.stm32cube.ide.mcu.externaltools.gnu-tools-for-stm32.10.3-2021.10.win32_1.0.100.202210260954/tools/bin/../lib/gcc/arm-none-eabi/10.3.1/../../../../arm-none-eabi/lib/thumb/v7e-m+fp/hard\libc_nano.a(lib_a-findfp.o)
                0x0000000008016c88                __sinit_lock_release
 .text.__sinit  0x0000000008016c94       0x70 c:/program files/stm32cubeide_1.11.0/stm32cubeide/plugins/com.st.stm32cube.ide.mcu.externaltools.gnu-tools-for-stm32.10.3-2021.10.win32_1.0.100.202210260954/tools/bin/../lib/gcc/arm-none-eabi/10.3.1/../../../../arm-none-eabi/lib/thumb/v7e-m+fp/hard\libc_nano.a(lib_a-findfp.o)
                0x0000000008016c94                __sinit
 .text.__sfp    0x0000000008016d04       0x8c c:/program files/stm32cubeide_1.11.0/stm32cubeide/plugins/com.st.stm32cube.ide.mcu.externaltools.gnu-tools-for-stm32.10.3-2021.10.win32_1.0.100.202210260954/tools/bin/../lib/gcc/arm-none-eabi/10.3.1/../../../../arm-none-eabi/lib/thumb/v7e-m+fp/hard\libc_nano.a(lib_a-findfp.o)
                0x0000000008016d04                __sfp
 .text._fwalk_reent
                0x0000000008016d90       0x3e c:/program files/stm32cubeide_1.11.0/stm32cubeide/plugins/com.st.stm32cube.ide.mcu.externaltools.gnu-tools-for-stm32.10.3-2021.10.win32_1.0.100.202210260954/tools/bin/../lib/gcc/arm-none-eabi/10.3.1/../../../../arm-none-eabi/lib/thumb/v7e-m+fp/hard\libc_nano.a(lib_a-fwalk.o)
                0x0000000008016d90                _fwalk_reent
 .text.__retarget_lock_init_recursive
                0x0000000008016dce        0x2 c:/program files/stm32cubeide_1.11.0/stm32cubeide/plugins/com.st.stm32cube.ide.mcu.externaltools.gnu-tools-for-stm32.10.3-2021.10.win32_1.0.100.202210260954/tools/bin/../lib/gcc/arm-none-eabi/10.3.1/../../../../arm-none-eabi/lib/thumb/v7e-m+fp/hard\libc_nano.a(lib_a-lock.o)
                0x0000000008016dce                __retarget_lock_init_recursive
 .text.__retarget_lock_acquire_recursive
                0x0000000008016dd0        0x2 c:/program files/stm32cubeide_1.11.0/stm32cubeide/plugins/com.st.stm32cube.ide.mcu.externaltools.gnu-tools-for-stm32.10.3-2021.10.win32_1.0.100.202210260954/tools/bin/../lib/gcc/arm-none-eabi/10.3.1/../../../../arm-none-eabi/lib/thumb/v7e-m+fp/hard\libc_nano.a(lib_a-lock.o)
                0x0000000008016dd0                __retarget_lock_acquire_recursive
 .text.__retarget_lock_release_recursive
                0x0000000008016dd2        0x2 c:/program files/stm32cubeide_1.11.0/stm32cubeide/plugins/com.st.stm32cube.ide.mcu.externaltools.gnu-tools-for-stm32.10.3-2021.10.win32_1.0.100.202210260954/tools/bin/../lib/gcc/arm-none-eabi/10.3.1/../../../../arm-none-eabi/lib/thumb/v7e-m+fp/hard\libc_nano.a(lib_a-lock.o)
                0x0000000008016dd2                __retarget_lock_release_recursive
 .text.__swhatbuf_r
                0x0000000008016dd4       0x4a c:/program files/stm32cubeide_1.11.0/stm32cubeide/plugins/com.st.stm32cube.ide.mcu.externaltools.gnu-tools-for-stm32.10.3-2021.10.win32_1.0.100.202210260954/tools/bin/../lib/gcc/arm-none-eabi/10.3.1/../../../../arm-none-eabi/lib/thumb/v7e-m+fp/hard\libc_nano.a(lib_a-makebuf.o)
                0x0000000008016dd4                __swhatbuf_r
 *fill*         0x0000000008016e1e        0x2 
 .text.__smakebuf_r
                0x0000000008016e20       0x80 c:/program files/stm32cubeide_1.11.0/stm32cubeide/plugins/com.st.stm32cube.ide.mcu.externaltools.gnu-tools-for-stm32.10.3-2021.10.win32_1.0.100.202210260954/tools/bin/../lib/gcc/arm-none-eabi/10.3.1/../../../../arm-none-eabi/lib/thumb/v7e-m+fp/hard\libc_nano.a(lib_a-makebuf.o)
                0x0000000008016e20                __smakebuf_r
 .text._malloc_usable_size_r
                0x0000000008016ea0       0x10 c:/program files/stm32cubeide_1.11.0/stm32cubeide/plugins/com.st.stm32cube.ide.mcu.externaltools.gnu-tools-for-stm32.10.3-2021.10.win32_1.0.100.202210260954/tools/bin/../lib/gcc/arm-none-eabi/10.3.1/../../../../arm-none-eabi/lib/thumb/v7e-m+fp/hard\libc_nano.a(lib_a-nano-msizer.o)
                0x0000000008016ea0                _malloc_usable_size_r
 .text._raise_r
                0x0000000008016eb0       0x50 c:/program files/stm32cubeide_1.11.0/stm32cubeide/plugins/com.st.stm32cube.ide.mcu.externaltools.gnu-tools-for-stm32.10.3-2021.10.win32_1.0.100.202210260954/tools/bin/../lib/gcc/arm-none-eabi/10.3.1/../../../../arm-none-eabi/lib/thumb/v7e-m+fp/hard\libc_nano.a(lib_a-signal.o)
                0x0000000008016eb0                _raise_r
 .text.raise    0x0000000008016f00       0x10 c:/program files/stm32cubeide_1.11.0/stm32cubeide/plugins/com.st.stm32cube.ide.mcu.externaltools.gnu-tools-for-stm32.10.3-2021.10.win32_1.0.100.202210260954/tools/bin/../lib/gcc/arm-none-eabi/10.3.1/../../../../arm-none-eabi/lib/thumb/v7e-m+fp/hard\libc_nano.a(lib_a-signal.o)
                0x0000000008016f00                raise
 .text._kill_r  0x0000000008016f10       0x24 c:/program files/stm32cubeide_1.11.0/stm32cubeide/plugins/com.st.stm32cube.ide.mcu.externaltools.gnu-tools-for-stm32.10.3-2021.10.win32_1.0.100.202210260954/tools/bin/../lib/gcc/arm-none-eabi/10.3.1/../../../../arm-none-eabi/lib/thumb/v7e-m+fp/hard\libc_nano.a(lib_a-signalr.o)
                0x0000000008016f10                _kill_r
 .text._getpid_r
                0x0000000008016f34        0x4 c:/program files/stm32cubeide_1.11.0/stm32cubeide/plugins/com.st.stm32cube.ide.mcu.externaltools.gnu-tools-for-stm32.10.3-2021.10.win32_1.0.100.202210260954/tools/bin/../lib/gcc/arm-none-eabi/10.3.1/../../../../arm-none-eabi/lib/thumb/v7e-m+fp/hard\libc_nano.a(lib_a-signalr.o)
                0x0000000008016f34                _getpid_r
 .text.__sread  0x0000000008016f38       0x22 c:/program files/stm32cubeide_1.11.0/stm32cubeide/plugins/com.st.stm32cube.ide.mcu.externaltools.gnu-tools-for-stm32.10.3-2021.10.win32_1.0.100.202210260954/tools/bin/../lib/gcc/arm-none-eabi/10.3.1/../../../../arm-none-eabi/lib/thumb/v7e-m+fp/hard\libc_nano.a(lib_a-stdio.o)
                0x0000000008016f38                __sread
 .text.__swrite
                0x0000000008016f5a       0x38 c:/program files/stm32cubeide_1.11.0/stm32cubeide/plugins/com.st.stm32cube.ide.mcu.externaltools.gnu-tools-for-stm32.10.3-2021.10.win32_1.0.100.202210260954/tools/bin/../lib/gcc/arm-none-eabi/10.3.1/../../../../arm-none-eabi/lib/thumb/v7e-m+fp/hard\libc_nano.a(lib_a-stdio.o)
                0x0000000008016f5a                __swrite
 .text.__sseek  0x0000000008016f92       0x24 c:/program files/stm32cubeide_1.11.0/stm32cubeide/plugins/com.st.stm32cube.ide.mcu.externaltools.gnu-tools-for-stm32.10.3-2021.10.win32_1.0.100.202210260954/tools/bin/../lib/gcc/arm-none-eabi/10.3.1/../../../../arm-none-eabi/lib/thumb/v7e-m+fp/hard\libc_nano.a(lib_a-stdio.o)
                0x0000000008016f92                __sseek
 .text.__sclose
                0x0000000008016fb6        0x8 c:/program files/stm32cubeide_1.11.0/stm32cubeide/plugins/com.st.stm32cube.ide.mcu.externaltools.gnu-tools-for-stm32.10.3-2021.10.win32_1.0.100.202210260954/tools/bin/../lib/gcc/arm-none-eabi/10.3.1/../../../../arm-none-eabi/lib/thumb/v7e-m+fp/hard\libc_nano.a(lib_a-stdio.o)
                0x0000000008016fb6                __sclose
 *fill*         0x0000000008016fbe        0x2 
 .text._write_r
                0x0000000008016fc0       0x24 c:/program files/stm32cubeide_1.11.0/stm32cubeide/plugins/com.st.stm32cube.ide.mcu.externaltools.gnu-tools-for-stm32.10.3-2021.10.win32_1.0.100.202210260954/tools/bin/../lib/gcc/arm-none-eabi/10.3.1/../../../../arm-none-eabi/lib/thumb/v7e-m+fp/hard\libc_nano.a(lib_a-writer.o)
                0x0000000008016fc0                _write_r
 .text._close_r
                0x0000000008016fe4       0x20 c:/program files/stm32cubeide_1.11.0/stm32cubeide/plugins/com.st.stm32cube.ide.mcu.externaltools.gnu-tools-for-stm32.10.3-2021.10.win32_1.0.100.202210260954/tools/bin/../lib/gcc/arm-none-eabi/10.3.1/../../../../arm-none-eabi/lib/thumb/v7e-m+fp/hard\libc_nano.a(lib_a-closer.o)
                0x0000000008016fe4                _close_r
 .text._fstat_r
                0x0000000008017004       0x24 c:/program files/stm32cubeide_1.11.0/stm32cubeide/plugins/com.st.stm32cube.ide.mcu.externaltools.gnu-tools-for-stm32.10.3-2021.10.win32_1.0.100.202210260954/tools/bin/../lib/gcc/arm-none-eabi/10.3.1/../../../../arm-none-eabi/lib/thumb/v7e-m+fp/hard\libc_nano.a(lib_a-fstatr.o)
                0x0000000008017004                _fstat_r
 .text._isatty_r
                0x0000000008017028       0x20 c:/program files/stm32cubeide_1.11.0/stm32cubeide/plugins/com.st.stm32cube.ide.mcu.externaltools.gnu-tools-for-stm32.10.3-2021.10.win32_1.0.100.202210260954/tools/bin/../lib/gcc/arm-none-eabi/10.3.1/../../../../arm-none-eabi/lib/thumb/v7e-m+fp/hard\libc_nano.a(lib_a-isattyr.o)
                0x0000000008017028                _isatty_r
 .text._lseek_r
                0x0000000008017048       0x24 c:/program files/stm32cubeide_1.11.0/stm32cubeide/plugins/com.st.stm32cube.ide.mcu.externaltools.gnu-tools-for-stm32.10.3-2021.10.win32_1.0.100.202210260954/tools/bin/../lib/gcc/arm-none-eabi/10.3.1/../../../../arm-none-eabi/lib/thumb/v7e-m+fp/hard\libc_nano.a(lib_a-lseekr.o)
                0x0000000008017048                _lseek_r
 .text._read_r  0x000000000801706c       0x24 c:/program files/stm32cubeide_1.11.0/stm32cubeide/plugins/com.st.stm32cube.ide.mcu.externaltools.gnu-tools-for-stm32.10.3-2021.10.win32_1.0.100.202210260954/tools/bin/../lib/gcc/arm-none-eabi/10.3.1/../../../../arm-none-eabi/lib/thumb/v7e-m+fp/hard\libc_nano.a(lib_a-readr.o)
                0x000000000801706c                _read_r
 *(.glue_7)
 .glue_7        0x0000000008017090        0x0 linker stubs
 *(.glue_7t)
 .glue_7t       0x0000000008017090        0x0 linker stubs
 *(.eh_frame)
 .eh_frame      0x0000000008017090        0x0 c:/program files/stm32cubeide_1.11.0/stm32cubeide/plugins/com.st.stm32cube.ide.mcu.externaltools.gnu-tools-for-stm32.10.3-2021.10.win32_1.0.100.202210260954/tools/bin/../lib/gcc/arm-none-eabi/10.3.1/thumb/v7e-m+fp/hard/crtbegin.o
 *(.init)
 .init          0x0000000008017090        0x4 c:/program files/stm32cubeide_1.11.0/stm32cubeide/plugins/com.st.stm32cube.ide.mcu.externaltools.gnu-tools-for-stm32.10.3-2021.10.win32_1.0.100.202210260954/tools/bin/../lib/gcc/arm-none-eabi/10.3.1/thumb/v7e-m+fp/hard/crti.o
                0x0000000008017090                _init
 .init          0x0000000008017094        0x8 c:/program files/stm32cubeide_1.11.0/stm32cubeide/plugins/com.st.stm32cube.ide.mcu.externaltools.gnu-tools-for-stm32.10.3-2021.10.win32_1.0.100.202210260954/tools/bin/../lib/gcc/arm-none-eabi/10.3.1/thumb/v7e-m+fp/hard/crtn.o
 *(.fini)
 .fini          0x000000000801709c        0x4 c:/program files/stm32cubeide_1.11.0/stm32cubeide/plugins/com.st.stm32cube.ide.mcu.externaltools.gnu-tools-for-stm32.10.3-2021.10.win32_1.0.100.202210260954/tools/bin/../lib/gcc/arm-none-eabi/10.3.1/thumb/v7e-m+fp/hard/crti.o
                0x000000000801709c                _fini
 .fini          0x00000000080170a0        0x8 c:/program files/stm32cubeide_1.11.0/stm32cubeide/plugins/com.st.stm32cube.ide.mcu.externaltools.gnu-tools-for-stm32.10.3-2021.10.win32_1.0.100.202210260954/tools/bin/../lib/gcc/arm-none-eabi/10.3.1/thumb/v7e-m+fp/hard/crtn.o
                0x00000000080170a8                . = ALIGN (0x4)
                0x00000000080170a8                _etext = .

.vfp11_veneer   0x00000000080170a8        0x0
 .vfp11_veneer  0x00000000080170a8        0x0 linker stubs

.v4_bx          0x00000000080170a8        0x0
 .v4_bx         0x00000000080170a8        0x0 linker stubs

.iplt           0x00000000080170a8        0x0
 .iplt          0x00000000080170a8        0x0 c:/program files/stm32cubeide_1.11.0/stm32cubeide/plugins/com.st.stm32cube.ide.mcu.externaltools.gnu-tools-for-stm32.10.3-2021.10.win32_1.0.100.202210260954/tools/bin/../lib/gcc/arm-none-eabi/10.3.1/thumb/v7e-m+fp/hard/crtbegin.o

.rodata         0x00000000080170a8     0xac9c
                0x00000000080170a8                . = ALIGN (0x4)
 *(.rodata)
 .rodata        0x00000000080170a8       0x33 ./Core/Ili9341Lib/Ili9341Lib.o
 *fill*         0x00000000080170db        0x1 
 .rodata        0x00000000080170dc      0x159 ./Core/Src/GUI.o
 *(.rodata*)
 *fill*         0x0000000008017235        0x3 
 .rodata.image_powerRed
                0x0000000008017238     0x1388 ./Core/Ili9341Lib/ColorImg.o
                0x0000000008017238                image_powerRed
 .rodata.image_powerGreen
                0x00000000080185c0     0x1388 ./Core/Ili9341Lib/ColorImg.o
                0x00000000080185c0                image_powerGreen
 .rodata.image_Plus
                0x0000000008019948     0x1388 ./Core/Ili9341Lib/ColorImg.o
                0x0000000008019948                image_Plus
 .rodata.image_Minus
                0x000000000801acd0     0x14b4 ./Core/Ili9341Lib/ColorImg.o
                0x000000000801acd0                image_Minus
 .rodata.image_Arrow
                0x000000000801c184     0x1388 ./Core/Ili9341Lib/ColorImg.o
                0x000000000801c184                image_Arrow
 .rodata.image_data_Font24x36_0x20
                0x000000000801d50c       0x2c ./Core/Ili9341Lib/FontBig.o
 .rodata.Font24x36_0x20
                0x000000000801d538        0xc ./Core/Ili9341Lib/FontBig.o
 .rodata.image_data_Font24x36_0x21
                0x000000000801d544       0x58 ./Core/Ili9341Lib/FontBig.o
 .rodata.Font24x36_0x21
                0x000000000801d59c        0xc ./Core/Ili9341Lib/FontBig.o
 .rodata.image_data_Font24x36_0x22
                0x000000000801d5a8       0x58 ./Core/Ili9341Lib/FontBig.o
 .rodata.Font24x36_0x22
                0x000000000801d600        0xc ./Core/Ili9341Lib/FontBig.o
 .rodata.image_data_Font24x36_0x23
                0x000000000801d60c       0x84 ./Core/Ili9341Lib/FontBig.o
 .rodata.Font24x36_0x23
                0x000000000801d690        0xc ./Core/Ili9341Lib/FontBig.o
 .rodata.image_data_Font24x36_0x24
                0x000000000801d69c       0x84 ./Core/Ili9341Lib/FontBig.o
 .rodata.Font24x36_0x24
                0x000000000801d720        0xc ./Core/Ili9341Lib/FontBig.o
 .rodata.image_data_Font24x36_0x25
                0x000000000801d72c       0xb0 ./Core/Ili9341Lib/FontBig.o
 .rodata.Font24x36_0x25
                0x000000000801d7dc        0xc ./Core/Ili9341Lib/FontBig.o
 .rodata.image_data_Font24x36_0x26
                0x000000000801d7e8       0xb0 ./Core/Ili9341Lib/FontBig.o
 .rodata.Font24x36_0x26
                0x000000000801d898        0xc ./Core/Ili9341Lib/FontBig.o
 .rodata.image_data_Font24x36_0x27
                0x000000000801d8a4       0x2c ./Core/Ili9341Lib/FontBig.o
 .rodata.Font24x36_0x27
                0x000000000801d8d0        0xc ./Core/Ili9341Lib/FontBig.o
 .rodata.image_data_Font24x36_0x28
                0x000000000801d8dc       0x58 ./Core/Ili9341Lib/FontBig.o
 .rodata.Font24x36_0x28
                0x000000000801d934        0xc ./Core/Ili9341Lib/FontBig.o
 .rodata.image_data_Font24x36_0x29
                0x000000000801d940       0x58 ./Core/Ili9341Lib/FontBig.o
 .rodata.Font24x36_0x29
                0x000000000801d998        0xc ./Core/Ili9341Lib/FontBig.o
 .rodata.image_data_Font24x36_0x2a
                0x000000000801d9a4       0x84 ./Core/Ili9341Lib/FontBig.o
 .rodata.Font24x36_0x2a
                0x000000000801da28        0xc ./Core/Ili9341Lib/FontBig.o
 .rodata.image_data_Font24x36_0x2b
                0x000000000801da34       0x84 ./Core/Ili9341Lib/FontBig.o
 .rodata.Font24x36_0x2b
                0x000000000801dab8        0xc ./Core/Ili9341Lib/FontBig.o
 .rodata.image_data_Font24x36_0x2c
                0x000000000801dac4       0x58 ./Core/Ili9341Lib/FontBig.o
 .rodata.Font24x36_0x2c
                0x000000000801db1c        0xc ./Core/Ili9341Lib/FontBig.o
 .rodata.image_data_Font24x36_0x2d
                0x000000000801db28       0x58 ./Core/Ili9341Lib/FontBig.o
 .rodata.Font24x36_0x2d
                0x000000000801db80        0xc ./Core/Ili9341Lib/FontBig.o
 .rodata.image_data_Font24x36_0x2e
                0x000000000801db8c       0x58 ./Core/Ili9341Lib/FontBig.o
 .rodata.Font24x36_0x2e
                0x000000000801dbe4        0xc ./Core/Ili9341Lib/FontBig.o
 .rodata.image_data_Font24x36_0x2f
                0x000000000801dbf0       0x58 ./Core/Ili9341Lib/FontBig.o
 .rodata.Font24x36_0x2f
                0x000000000801dc48        0xc ./Core/Ili9341Lib/FontBig.o
 .rodata.image_data_Font24x36_0x30
                0x000000000801dc54       0x84 ./Core/Ili9341Lib/FontBig.o
 .rodata.Font24x36_0x30
                0x000000000801dcd8        0xc ./Core/Ili9341Lib/FontBig.o
 .rodata.image_data_Font24x36_0x31
                0x000000000801dce4       0x84 ./Core/Ili9341Lib/FontBig.o
 .rodata.Font24x36_0x31
                0x000000000801dd68        0xc ./Core/Ili9341Lib/FontBig.o
 .rodata.image_data_Font24x36_0x32
                0x000000000801dd74       0x84 ./Core/Ili9341Lib/FontBig.o
 .rodata.Font24x36_0x32
                0x000000000801ddf8        0xc ./Core/Ili9341Lib/FontBig.o
 .rodata.image_data_Font24x36_0x33
                0x000000000801de04       0x84 ./Core/Ili9341Lib/FontBig.o
 .rodata.Font24x36_0x33
                0x000000000801de88        0xc ./Core/Ili9341Lib/FontBig.o
 .rodata.image_data_Font24x36_0x34
                0x000000000801de94       0x84 ./Core/Ili9341Lib/FontBig.o
 .rodata.Font24x36_0x34
                0x000000000801df18        0xc ./Core/Ili9341Lib/FontBig.o
 .rodata.image_data_Font24x36_0x35
                0x000000000801df24       0x84 ./Core/Ili9341Lib/FontBig.o
 .rodata.Font24x36_0x35
                0x000000000801dfa8        0xc ./Core/Ili9341Lib/FontBig.o
 .rodata.image_data_Font24x36_0x36
                0x000000000801dfb4       0x84 ./Core/Ili9341Lib/FontBig.o
 .rodata.Font24x36_0x36
                0x000000000801e038        0xc ./Core/Ili9341Lib/FontBig.o
 .rodata.image_data_Font24x36_0x37
                0x000000000801e044       0x84 ./Core/Ili9341Lib/FontBig.o
 .rodata.Font24x36_0x37
                0x000000000801e0c8        0xc ./Core/Ili9341Lib/FontBig.o
 .rodata.image_data_Font24x36_0x38
                0x000000000801e0d4       0x84 ./Core/Ili9341Lib/FontBig.o
 .rodata.Font24x36_0x38
                0x000000000801e158        0xc ./Core/Ili9341Lib/FontBig.o
 .rodata.image_data_Font24x36_0x39
                0x000000000801e164       0x84 ./Core/Ili9341Lib/FontBig.o
 .rodata.Font24x36_0x39
                0x000000000801e1e8        0xc ./Core/Ili9341Lib/FontBig.o
 .rodata.image_data_Font24x36_0x3a
                0x000000000801e1f4       0x58 ./Core/Ili9341Lib/FontBig.o
 .rodata.Font24x36_0x3a
                0x000000000801e24c        0xc ./Core/Ili9341Lib/FontBig.o
 .rodata.image_data_Font24x36_0x3b
                0x000000000801e258       0x58 ./Core/Ili9341Lib/FontBig.o
 .rodata.Font24x36_0x3b
                0x000000000801e2b0        0xc ./Core/Ili9341Lib/FontBig.o
 .rodata.image_data_Font24x36_0x3c
                0x000000000801e2bc       0x84 ./Core/Ili9341Lib/FontBig.o
 .rodata.Font24x36_0x3c
                0x000000000801e340        0xc ./Core/Ili9341Lib/FontBig.o
 .rodata.image_data_Font24x36_0x3d
                0x000000000801e34c       0x84 ./Core/Ili9341Lib/FontBig.o
 .rodata.Font24x36_0x3d
                0x000000000801e3d0        0xc ./Core/Ili9341Lib/FontBig.o
 .rodata.image_data_Font24x36_0x3e
                0x000000000801e3dc       0x84 ./Core/Ili9341Lib/FontBig.o
 .rodata.Font24x36_0x3e
                0x000000000801e460        0xc ./Core/Ili9341Lib/FontBig.o
 .rodata.image_data_Font24x36_0x3f
                0x000000000801e46c       0x84 ./Core/Ili9341Lib/FontBig.o
 .rodata.Font24x36_0x3f
                0x000000000801e4f0        0xc ./Core/Ili9341Lib/FontBig.o
 .rodata.image_data_Font24x36_0x40
                0x000000000801e4fc       0xb0 ./Core/Ili9341Lib/FontBig.o
 .rodata.Font24x36_0x40
                0x000000000801e5ac        0xc ./Core/Ili9341Lib/FontBig.o
 .rodata.image_data_Font24x36_0x41
                0x000000000801e5b8       0x84 ./Core/Ili9341Lib/FontBig.o
 .rodata.Font24x36_0x41
                0x000000000801e63c        0xc ./Core/Ili9341Lib/FontBig.o
 .rodata.image_data_Font24x36_0x42
                0x000000000801e648       0x84 ./Core/Ili9341Lib/FontBig.o
 .rodata.Font24x36_0x42
                0x000000000801e6cc        0xc ./Core/Ili9341Lib/FontBig.o
 .rodata.image_data_Font24x36_0x43
                0x000000000801e6d8       0x84 ./Core/Ili9341Lib/FontBig.o
 .rodata.Font24x36_0x43
                0x000000000801e75c        0xc ./Core/Ili9341Lib/FontBig.o
 .rodata.image_data_Font24x36_0x44
                0x000000000801e768       0x84 ./Core/Ili9341Lib/FontBig.o
 .rodata.Font24x36_0x44
                0x000000000801e7ec        0xc ./Core/Ili9341Lib/FontBig.o
 .rodata.image_data_Font24x36_0x45
                0x000000000801e7f8       0x84 ./Core/Ili9341Lib/FontBig.o
 .rodata.Font24x36_0x45
                0x000000000801e87c        0xc ./Core/Ili9341Lib/FontBig.o
 .rodata.image_data_Font24x36_0x46
                0x000000000801e888       0x84 ./Core/Ili9341Lib/FontBig.o
 .rodata.Font24x36_0x46
                0x000000000801e90c        0xc ./Core/Ili9341Lib/FontBig.o
 .rodata.image_data_Font24x36_0x47
                0x000000000801e918       0x84 ./Core/Ili9341Lib/FontBig.o
 .rodata.Font24x36_0x47
                0x000000000801e99c        0xc ./Core/Ili9341Lib/FontBig.o
 .rodata.image_data_Font24x36_0x48
                0x000000000801e9a8       0x84 ./Core/Ili9341Lib/FontBig.o
 .rodata.Font24x36_0x48
                0x000000000801ea2c        0xc ./Core/Ili9341Lib/FontBig.o
 .rodata.image_data_Font24x36_0x49
                0x000000000801ea38       0x58 ./Core/Ili9341Lib/FontBig.o
 .rodata.Font24x36_0x49
                0x000000000801ea90        0xc ./Core/Ili9341Lib/FontBig.o
 .rodata.image_data_Font24x36_0x4a
                0x000000000801ea9c       0x58 ./Core/Ili9341Lib/FontBig.o
 .rodata.Font24x36_0x4a
                0x000000000801eaf4        0xc ./Core/Ili9341Lib/FontBig.o
 .rodata.image_data_Font24x36_0x4b
                0x000000000801eb00       0x84 ./Core/Ili9341Lib/FontBig.o
 .rodata.Font24x36_0x4b
                0x000000000801eb84        0xc ./Core/Ili9341Lib/FontBig.o
 .rodata.image_data_Font24x36_0x4c
                0x000000000801eb90       0x58 ./Core/Ili9341Lib/FontBig.o
 .rodata.Font24x36_0x4c
                0x000000000801ebe8        0xc ./Core/Ili9341Lib/FontBig.o
 .rodata.image_data_Font24x36_0x4d
                0x000000000801ebf4       0xb0 ./Core/Ili9341Lib/FontBig.o
 .rodata.Font24x36_0x4d
                0x000000000801eca4        0xc ./Core/Ili9341Lib/FontBig.o
 .rodata.image_data_Font24x36_0x4e
                0x000000000801ecb0       0x84 ./Core/Ili9341Lib/FontBig.o
 .rodata.Font24x36_0x4e
                0x000000000801ed34        0xc ./Core/Ili9341Lib/FontBig.o
 .rodata.image_data_Font24x36_0x4f
                0x000000000801ed40       0x84 ./Core/Ili9341Lib/FontBig.o
 .rodata.Font24x36_0x4f
                0x000000000801edc4        0xc ./Core/Ili9341Lib/FontBig.o
 .rodata.image_data_Font24x36_0x50
                0x000000000801edd0       0x84 ./Core/Ili9341Lib/FontBig.o
 .rodata.Font24x36_0x50
                0x000000000801ee54        0xc ./Core/Ili9341Lib/FontBig.o
 .rodata.image_data_Font24x36_0x51
                0x000000000801ee60       0xb0 ./Core/Ili9341Lib/FontBig.o
 .rodata.Font24x36_0x51
                0x000000000801ef10        0xc ./Core/Ili9341Lib/FontBig.o
 .rodata.image_data_Font24x36_0x52
                0x000000000801ef1c       0x84 ./Core/Ili9341Lib/FontBig.o
 .rodata.Font24x36_0x52
                0x000000000801efa0        0xc ./Core/Ili9341Lib/FontBig.o
 .rodata.image_data_Font24x36_0x53
                0x000000000801efac       0x84 ./Core/Ili9341Lib/FontBig.o
 .rodata.Font24x36_0x53
                0x000000000801f030        0xc ./Core/Ili9341Lib/FontBig.o
 .rodata.image_data_Font24x36_0x54
                0x000000000801f03c       0x84 ./Core/Ili9341Lib/FontBig.o
 .rodata.Font24x36_0x54
                0x000000000801f0c0        0xc ./Core/Ili9341Lib/FontBig.o
 .rodata.image_data_Font24x36_0x55
                0x000000000801f0cc       0x84 ./Core/Ili9341Lib/FontBig.o
 .rodata.Font24x36_0x55
                0x000000000801f150        0xc ./Core/Ili9341Lib/FontBig.o
 .rodata.image_data_Font24x36_0x56
                0x000000000801f15c       0x84 ./Core/Ili9341Lib/FontBig.o
 .rodata.Font24x36_0x56
                0x000000000801f1e0        0xc ./Core/Ili9341Lib/FontBig.o
 .rodata.image_data_Font24x36_0x57
                0x000000000801f1ec       0xdc ./Core/Ili9341Lib/FontBig.o
 .rodata.Font24x36_0x57
                0x000000000801f2c8        0xc ./Core/Ili9341Lib/FontBig.o
 .rodata.image_data_Font24x36_0x58
                0x000000000801f2d4       0x84 ./Core/Ili9341Lib/FontBig.o
 .rodata.Font24x36_0x58
                0x000000000801f358        0xc ./Core/Ili9341Lib/FontBig.o
 .rodata.image_data_Font24x36_0x59
                0x000000000801f364       0x84 ./Core/Ili9341Lib/FontBig.o
 .rodata.Font24x36_0x59
                0x000000000801f3e8        0xc ./Core/Ili9341Lib/FontBig.o
 .rodata.image_data_Font24x36_0x5a
                0x000000000801f3f4       0x84 ./Core/Ili9341Lib/FontBig.o
 .rodata.Font24x36_0x5a
                0x000000000801f478        0xc ./Core/Ili9341Lib/FontBig.o
 .rodata.image_data_Font24x36_0x5b
                0x000000000801f484       0x58 ./Core/Ili9341Lib/FontBig.o
 .rodata.Font24x36_0x5b
                0x000000000801f4dc        0xc ./Core/Ili9341Lib/FontBig.o
 .rodata.image_data_Font24x36_0x5c
                0x000000000801f4e8       0x58 ./Core/Ili9341Lib/FontBig.o
 .rodata.Font24x36_0x5c
                0x000000000801f540        0xc ./Core/Ili9341Lib/FontBig.o
 .rodata.image_data_Font24x36_0x5d
                0x000000000801f54c       0x58 ./Core/Ili9341Lib/FontBig.o
 .rodata.Font24x36_0x5d
                0x000000000801f5a4        0xc ./Core/Ili9341Lib/FontBig.o
 .rodata.image_data_Font24x36_0x5e
                0x000000000801f5b0       0x84 ./Core/Ili9341Lib/FontBig.o
 .rodata.Font24x36_0x5e
                0x000000000801f634        0xc ./Core/Ili9341Lib/FontBig.o
 .rodata.image_data_Font24x36_0x5f
                0x000000000801f640       0x84 ./Core/Ili9341Lib/FontBig.o
 .rodata.Font24x36_0x5f
                0x000000000801f6c4        0xc ./Core/Ili9341Lib/FontBig.o
 .rodata.image_data_Font24x36_0x60
                0x000000000801f6d0       0x58 ./Core/Ili9341Lib/FontBig.o
 .rodata.Font24x36_0x60
                0x000000000801f728        0xc ./Core/Ili9341Lib/FontBig.o
 .rodata.image_data_Font24x36_0x61
                0x000000000801f734       0x84 ./Core/Ili9341Lib/FontBig.o
 .rodata.Font24x36_0x61
                0x000000000801f7b8        0xc ./Core/Ili9341Lib/FontBig.o
 .rodata.image_data_Font24x36_0x62
                0x000000000801f7c4       0x84 ./Core/Ili9341Lib/FontBig.o
 .rodata.Font24x36_0x62
                0x000000000801f848        0xc ./Core/Ili9341Lib/FontBig.o
 .rodata.image_data_Font24x36_0x63
                0x000000000801f854       0x58 ./Core/Ili9341Lib/FontBig.o
 .rodata.Font24x36_0x63