../Core/Ili9341Lib/Ili9341Lib.c:11:6:mySPISend	16	static
../Core/Ili9341Lib/Ili9341Lib.c:26:6:ILI9341_Select	4	static
../Core/Ili9341Lib/Ili9341Lib.c:34:6:ILI9341_Unselect	4	static
../Core/Ili9341Lib/Ili9341Lib.c:42:13:ILI9341_Reset	8	static
../Core/Ili9341Lib/Ili9341Lib.c:52:13:ILI9341_WriteCommand	16	static
../Core/Ili9341Lib/Ili9341Lib.c:57:13:ILI9341_WriteData	24	static
../Core/Ili9341Lib/Ili9341Lib.c:68:13:ILI9341_SetAddressWindow	32	static
../Core/Ili9341Lib/Ili9341Lib.c:88:6:ILI9341_Init	120	static
../Core/Ili9341Lib/Ili9341Lib.c:198:6:ILI9341_DrawPixel	24	static
../Core/Ili9341Lib/Ili9341Lib.c:210:6:ILI9341_FillRectangle	32	static
../Core/Ili9341Lib/Ili9341Lib.c:234:6:ILI9341_FillScreen	24	static
../Core/Ili9341Lib/Ili9341Lib.c:238:13:ILI9341_WriteMyChar	48	static
../Core/Ili9341Lib/Ili9341Lib.c:287:6:ILI9341_WriteMyString	40	static
../Core/Ili9341Lib/Ili9341Lib.c:310:13:ILI9341_WriteChar	48	static
../Core/Ili9341Lib/Ili9341Lib.c:328:6:ILI9341_WriteString	32	static
../Core/Ili9341Lib/Ili9341Lib.c:353:6:ILI9341_DrawImage	24	static
../Core/Ili9341Lib/Ili9341Lib.c:368:6:ILI9341_DrawMonochromeImage	56	static
../Core/Ili9341Lib/Ili9341Lib.c:398:6:ILI9341_InvertColors	16	static
../Core/Ili9341Lib/Ili9341Lib.c:412:6:writeLine	40	static
../Core/Ili9341Lib/Ili9341Lib.c:459:6:writeFastVLine	32	static
../Core/Ili9341Lib/Ili9341Lib.c:473:6:writeFastHLine	32	static
../Core/Ili9341Lib/Ili9341Lib.c:488:6:drawRect	24	static
../Core/Ili9341Lib/Ili9341Lib.c:503:6:drawCircleHelper	40	static
../Core/Ili9341Lib/Ili9341Lib.c:548:6:fillCircleHelper	40	static
../Core/Ili9341Lib/Ili9341Lib.c:597:6:drawRoundRect	40	static
../Core/Ili9341Lib/Ili9341Lib.c:620:6:drawSomePixelRoundRect	40	static
../Core/Ili9341Lib/Ili9341Lib.c:642:6:fillRect	32	static
../Core/Ili9341Lib/Ili9341Lib.c:657:6:fillRoundRect	40	static
../Core/Ili9341Lib/Ili9341Lib.c:678:6:drawCircle	40	static
