../Core/Src/GUI.c:15:6:screenSaver	24	static
../Core/Src/GUI.c:27:6:GUICalibration	32	static
../Core/Src/GUI.c:72:6:setOK	32	static
../Core/Src/GUI.c:80:6:startDisplay	8	static
../Core/Src/GUI.c:90:6:printFreeq	32	static
../Core/Src/GUI.c:109:6:printCurrent	32	static
../Core/Src/GUI.c:136:6:printTImpulse	16	static
../Core/Src/GUI.c:143:6:printTPause	16	static
../Core/Src/GUI.c:150:6:printCount	16	static
../Core/Src/GUI.c:162:6:printColorImage	32	static
../Core/Src/GUI.c:174:6:mainDisplayPrint	24	static
../Core/Src/GUI.c:194:9:checkAreaTouch	16	static
../Core/Src/GUI.c:199:6:checkstrokeArea	24	static
../Core/Src/GUI.c:217:6:endOperationWindow	32	static
../Core/Src/GUI.c:231:6:overCurrent	32	static
../Core/Src/GUI.c:245:6:powerButton	16	static
../Core/Src/GUI.c:262:6:externalPowerOff	16	static
../Core/Src/GUI.c:266:6:rangeMinMax	24	static
../Core/Src/GUI.c:284:6:changeData	24	static
../Core/Src/GUI.c:309:6:speedControl	4	static
../Core/Src/GUI.c:324:6:changeParamPlusMinus	16	static
../Core/Src/GUI.c:343:6:togleUnits	8	static
../Core/Src/GUI.c:373:6:NPN_PNPButton	32	static
../Core/Src/GUI.c:403:6:setParamNPN_PNP	16	static
../Core/Src/GUI.c:423:6:checkButtonPress	16	static
../Core/Src/GUI.c:486:6:GUIPostHandler	16	static
