../Core/Src/GUI.c:14:6:GUICalibration	32	static
../Core/Src/GUI.c:59:6:setOK	32	static
../Core/Src/GUI.c:67:6:startDisplay	8	static
../Core/Src/GUI.c:78:6:printFreeq	24	static
../Core/Src/GUI.c:83:6:printTypeOutput	32	static
../Core/Src/GUI.c:103:6:printTImpulse	16	static
../Core/Src/GUI.c:110:6:printTPause	16	static
../Core/Src/GUI.c:117:6:printCount	16	static
../Core/Src/GUI.c:129:6:printColorImage	32	static
../Core/Src/GUI.c:141:6:mainDisplayPrint	24	static
../Core/Src/GUI.c:158:6:workDisplay	8	static
../Core/Src/GUI.c:165:9:checkAreaTouch	16	static
../Core/Src/GUI.c:171:6:checkstrokeArea	24	static
../Core/Src/GUI.c:189:6:endOperationWindow	32	static
../Core/Src/GUI.c:203:6:powerButton	16	static
../Core/Src/GUI.c:219:6:rangeMinMax	24	static
../Core/Src/GUI.c:237:6:changeData	24	static
../Core/Src/GUI.c:260:6:speedControl	4	static
../Core/Src/GUI.c:275:6:changeParamPlusMinus	16	static
../Core/Src/GUI.c:294:6:togleUnits	8	static
../Core/Src/GUI.c:319:6:NPN_PNPButton	32	static
../Core/Src/GUI.c:349:6:setParamNPN_PNP	16	static
../Core/Src/GUI.c:369:6:checkButtonPress	16	static
../Core/Src/GUI.c:432:6:GUIPostHandler	16	static
