../Core/Src/GUI.c:14:6:GUICalibration	32	static
../Core/Src/GUI.c:41:6:setOK	32	static
../Core/Src/GUI.c:49:6:startDisplay	24	static
../Core/Src/GUI.c:65:6:workDisplay	8	static
../Core/Src/GUI.c:72:6:printStaticText	24	static
../Core/Src/GUI.c:78:6:printTImpulse	16	static
../Core/Src/GUI.c:85:6:printTPause	16	static
../Core/Src/GUI.c:92:6:printCount	16	static
../Core/Src/GUI.c:104:6:printColorImage	32	static
../Core/Src/GUI.c:116:6:checkstrokeArea	24	static
../Core/Src/GUI.c:134:6:mainDisplayPrint	24	static
../Core/Src/GUI.c:154:9:checkAreaTouch	16	static
../Core/Src/GUI.c:160:6:powerButton	16	static
../Core/Src/GUI.c:173:6:rangeMinMax	24	static
../Core/Src/GUI.c:191:6:changeData	24	static
../Core/Src/GUI.c:206:6:speedControl	4	static
../Core/Src/GUI.c:221:6:setFlagOneTouch	16	static
../Core/Src/GUI.c:241:6:togleUnits	8	static
../Core/Src/GUI.c:261:6:checkButtonPress	16	static
../Core/Src/GUI.c:319:6:GUIPostHandler	16	static
