../Core/Src/GUI.c:14:6:screenSaver	24	static
../Core/Src/GUI.c:26:6:GUICalibration	32	static
../Core/Src/GUI.c:71:6:setOK	32	static
../Core/Src/GUI.c:79:6:startDisplay	8	static
../Core/Src/GUI.c:90:6:printFreeq	32	static
../Core/Src/GUI.c:109:6:printTypeOutput	24	static
../Core/Src/GUI.c:129:6:printTImpulse	16	static
../Core/Src/GUI.c:136:6:printTPause	16	static
../Core/Src/GUI.c:143:6:printCount	16	static
../Core/Src/GUI.c:155:6:printColorImage	32	static
../Core/Src/GUI.c:167:6:mainDisplayPrint	24	static
../Core/Src/GUI.c:187:9:checkAreaTouch	16	static
../Core/Src/GUI.c:193:6:checkstrokeArea	24	static
../Core/Src/GUI.c:211:6:endOperationWindow	32	static
../Core/Src/GUI.c:225:6:powerButton	16	static
../Core/Src/GUI.c:240:6:externalPowerOff	16	static
../Core/Src/GUI.c:244:6:rangeMinMax	24	static
../Core/Src/GUI.c:262:6:changeData	24	static
../Core/Src/GUI.c:287:6:speedControl	4	static
../Core/Src/GUI.c:302:6:changeParamPlusMinus	16	static
../Core/Src/GUI.c:321:6:togleUnits	8	static
../Core/Src/GUI.c:351:6:NPN_PNPButton	32	static
../Core/Src/GUI.c:381:6:setParamNPN_PNP	16	static
../Core/Src/GUI.c:401:6:checkButtonPress	16	static
../Core/Src/GUI.c:465:6:GUIPostHandler	16	static
