../Core/Src/GUI.c:15:6:screenSaver	24	static
../Core/Src/GUI.c:27:6:GUICalibration	32	static
../Core/Src/GUI.c:72:6:setOK	32	static
../Core/Src/GUI.c:80:6:startDisplay	8	static
../Core/Src/GUI.c:90:6:printFreeq	32	static
../Core/Src/GUI.c:109:6:printCurrent	32	static
../Core/Src/GUI.c:136:6:printTImpulse	16	static
../Core/Src/GUI.c:143:6:printTPause	16	static
../Core/Src/GUI.c:150:6:printCount	32	static
../Core/Src/GUI.c:171:6:printReversCount	24	static
../Core/Src/GUI.c:186:6:printColorImage	32	static
../Core/Src/GUI.c:198:6:mainDisplayPrint	24	static
../Core/Src/GUI.c:218:9:checkAreaTouch	16	static
../Core/Src/GUI.c:223:6:checkstrokeArea	24	static
../Core/Src/GUI.c:241:6:endOperationWindow	32	static
../Core/Src/GUI.c:255:6:overCurrent	32	static
../Core/Src/GUI.c:269:6:powerButton	16	static
../Core/Src/GUI.c:286:6:externalPowerOff	16	static
../Core/Src/GUI.c:291:6:rangeMinMax	24	static
../Core/Src/GUI.c:309:6:changeData	24	static
../Core/Src/GUI.c:334:6:speedControl	4	static
../Core/Src/GUI.c:349:6:changeParamPlusMinus	16	static
../Core/Src/GUI.c:368:6:togleUnits	8	static
../Core/Src/GUI.c:405:6:NPN_PNPButton	32	static
../Core/Src/GUI.c:435:6:setParamNPN_PNP	16	static
../Core/Src/GUI.c:455:6:checkButtonPress	16	static
../Core/Src/GUI.c:518:6:GUIPostHandler	16	static
